Component: ARM Compiler 5.06 update 7 (build 960) Tool: armlink [4d3601]

==============================================================================

Section Cross References

    startup_stm32f407xx.o(RESET) refers to startup_stm32f407xx.o(STACK) for __initial_sp
    startup_stm32f407xx.o(RESET) refers to startup_stm32f407xx.o(.text) for Reset_Handler
    startup_stm32f407xx.o(RESET) refers to stm32f4xx_it.o(i.NMI_Handler) for NMI_Handler
    startup_stm32f407xx.o(RESET) refers to stm32f4xx_it.o(i.HardFault_Handler) for HardFault_Handler
    startup_stm32f407xx.o(RESET) refers to stm32f4xx_it.o(i.MemManage_Handler) for MemManage_Handler
    startup_stm32f407xx.o(RESET) refers to stm32f4xx_it.o(i.BusFault_Handler) for BusFault_Handler
    startup_stm32f407xx.o(RESET) refers to stm32f4xx_it.o(i.UsageFault_Handler) for UsageFault_Handler
    startup_stm32f407xx.o(RESET) refers to port.o(.emb_text) for SVC_Handler
    startup_stm32f407xx.o(RESET) refers to stm32f4xx_it.o(i.DebugMon_Handler) for DebugMon_Handler
    startup_stm32f407xx.o(RESET) refers to cmsis_os2.o(i.SysTick_Handler) for SysTick_Handler
    startup_stm32f407xx.o(RESET) refers to stm32f4xx_it.o(i.DMA1_Stream0_IRQHandler) for DMA1_Stream0_IRQHandler
    startup_stm32f407xx.o(RESET) refers to stm32f4xx_it.o(i.DMA1_Stream1_IRQHandler) for DMA1_Stream1_IRQHandler
    startup_stm32f407xx.o(RESET) refers to stm32f4xx_it.o(i.DMA1_Stream3_IRQHandler) for DMA1_Stream3_IRQHandler
    startup_stm32f407xx.o(RESET) refers to stm32f4xx_it.o(i.DMA1_Stream5_IRQHandler) for DMA1_Stream5_IRQHandler
    startup_stm32f407xx.o(RESET) refers to stm32f4xx_it.o(i.DMA1_Stream6_IRQHandler) for DMA1_Stream6_IRQHandler
    startup_stm32f407xx.o(RESET) refers to stm32f4xx_it.o(i.TIM1_UP_TIM10_IRQHandler) for TIM1_UP_TIM10_IRQHandler
    startup_stm32f407xx.o(RESET) refers to stm32f4xx_it.o(i.TIM1_TRG_COM_TIM11_IRQHandler) for TIM1_TRG_COM_TIM11_IRQHandler
    startup_stm32f407xx.o(RESET) refers to stm32f4xx_it.o(i.TIM4_IRQHandler) for TIM4_IRQHandler
    startup_stm32f407xx.o(RESET) refers to stm32f4xx_it.o(i.USART1_IRQHandler) for USART1_IRQHandler
    startup_stm32f407xx.o(RESET) refers to stm32f4xx_it.o(i.USART2_IRQHandler) for USART2_IRQHandler
    startup_stm32f407xx.o(RESET) refers to stm32f4xx_it.o(i.USART3_IRQHandler) for USART3_IRQHandler
    startup_stm32f407xx.o(RESET) refers to stm32f4xx_it.o(i.DMA1_Stream7_IRQHandler) for DMA1_Stream7_IRQHandler
    startup_stm32f407xx.o(RESET) refers to stm32f4xx_it.o(i.UART5_IRQHandler) for UART5_IRQHandler
    startup_stm32f407xx.o(RESET) refers to stm32f4xx_it.o(i.TIM6_DAC_IRQHandler) for TIM6_DAC_IRQHandler
    startup_stm32f407xx.o(RESET) refers to stm32f4xx_it.o(i.DMA2_Stream1_IRQHandler) for DMA2_Stream1_IRQHandler
    startup_stm32f407xx.o(RESET) refers to stm32f4xx_it.o(i.DMA2_Stream2_IRQHandler) for DMA2_Stream2_IRQHandler
    startup_stm32f407xx.o(RESET) refers to stm32f4xx_it.o(i.DMA2_Stream6_IRQHandler) for DMA2_Stream6_IRQHandler
    startup_stm32f407xx.o(RESET) refers to stm32f4xx_it.o(i.DMA2_Stream7_IRQHandler) for DMA2_Stream7_IRQHandler
    startup_stm32f407xx.o(RESET) refers to stm32f4xx_it.o(i.USART6_IRQHandler) for USART6_IRQHandler
    startup_stm32f407xx.o(.text) refers to system_stm32f4xx.o(i.SystemInit) for SystemInit
    startup_stm32f407xx.o(.text) refers to entry.o(.ARM.Collect$$$$00000000) for __main
    main.o(i.HAL_TIM_PeriodElapsedCallback) refers to queue.o(i.xQueueGiveFromISR) for xQueueGiveFromISR
    main.o(i.HAL_TIM_PeriodElapsedCallback) refers to stm32f4xx_hal.o(i.HAL_IncTick) for HAL_IncTick
    main.o(i.HAL_TIM_PeriodElapsedCallback) refers to move_control.o(.data) for xTimer11Semaphore
    main.o(i.HAL_TIM_PeriodElapsedCallback) refers to move_drv.o(.data) for xTimer10Semaphore
    main.o(i.SystemClock_Config) refers to memseta.o(.text) for __aeabi_memclr4
    main.o(i.SystemClock_Config) refers to stm32f4xx_hal_rcc.o(i.HAL_RCC_OscConfig) for HAL_RCC_OscConfig
    main.o(i.SystemClock_Config) refers to stm32f4xx_hal_rcc.o(i.HAL_RCC_ClockConfig) for HAL_RCC_ClockConfig
    main.o(i.main) refers to stm32f4xx_hal.o(i.HAL_Init) for HAL_Init
    main.o(i.main) refers to main.o(i.SystemClock_Config) for SystemClock_Config
    main.o(i.main) refers to gpio.o(i.MX_GPIO_Init) for MX_GPIO_Init
    main.o(i.main) refers to dma.o(i.MX_DMA_Init) for MX_DMA_Init
    main.o(i.main) refers to usart.o(i.MX_USART1_UART_Init) for MX_USART1_UART_Init
    main.o(i.main) refers to usart.o(i.MX_UART4_Init) for MX_UART4_Init
    main.o(i.main) refers to usart.o(i.MX_UART5_Init) for MX_UART5_Init
    main.o(i.main) refers to usart.o(i.MX_USART2_UART_Init) for MX_USART2_UART_Init
    main.o(i.main) refers to usart.o(i.MX_USART3_UART_Init) for MX_USART3_UART_Init
    main.o(i.main) refers to usart.o(i.MX_USART6_UART_Init) for MX_USART6_UART_Init
    main.o(i.main) refers to i2c.o(i.MX_I2C2_Init) for MX_I2C2_Init
    main.o(i.main) refers to tim.o(i.MX_TIM1_Init) for MX_TIM1_Init
[...]
    xLastTime                                0x200001a0   Data           4  timers.o(.data)
    pxCurrentTimerList                       0x200001a4   Data           4  timers.o(.data)
    pxOverflowTimerList                      0x200001a8   Data           4  timers.o(.data)
    .data                                    0x200001ac   Section        4  cmsis_os2.o(.data)
    KernelState                              0x200001ac   Data           4  cmsis_os2.o(.data)
    .data                                    0x200001b0   Section       32  heap_4.o(.data)
    pxEnd                                    0x200001b0   Data           4  heap_4.o(.data)
    xFreeBytesRemaining                      0x200001b4   Data           4  heap_4.o(.data)
    xMinimumEverFreeBytesRemaining           0x200001b8   Data           4  heap_4.o(.data)
    xNumberOfSuccessfulAllocations           0x200001bc   Data           4  heap_4.o(.data)
    xNumberOfSuccessfulFrees                 0x200001c0   Data           4  heap_4.o(.data)
    xBlockAllocatedBit                       0x200001c4   Data           4  heap_4.o(.data)
    xStart                                   0x200001c8   Data           8  heap_4.o(.data)
    .data                                    0x200001d0   Section       12  port.o(.data)
    ucMaxSysCallPriority                     0x200001d0   Data           1  port.o(.data)
    uxCriticalNesting                        0x200001d4   Data           4  port.o(.data)
    ulMaxPRIGROUPValue                       0x200001d8   Data           4  port.o(.data)
    .bss                                     0x200001dc   Section       84  i2c.o(.bss)
    .bss                                     0x20000230   Section      504  tim.o(.bss)
    .bss                                     0x20000428   Section     1392  usart.o(.bss)
    .bss                                     0x20000998   Section       72  stm32f4xx_hal_timebase_tim.o(.bss)
    .bss                                     0x200009e0   Section      256  chat_with_upper.o(.bss)
    .bss                                     0x20000ae0   Section      327  transmit_power_board.o(.bss)
    CircularRxBuffer                         0x20000b0b   Data          28  transmit_power_board.o(.bss)
    .bss                                     0x20000c27   Section       64  jy901p_uart.o(.bss)
    .bss                                     0x20000c67   Section       84  func_uart.o(.bss)
    _tx_buf                                  0x20000c67   Data          84  func_uart.o(.bss)
    .bss                                     0x20000cbc   Section      152  move_drv.o(.bss)
    .bss                                     0x20000d54   Section      128  ms5837_uart.o(.bss)
    dma_rx_buf                               0x20000d54   Data         128  ms5837_uart.o(.bss)
    .bss                                     0x20000dd4   Section      208  software_uart.o(.bss)
    su_ch                                    0x20000dd4   Data         208  software_uart.o(.bss)
    .bss                                     0x20000ea4   Section       64  queue.o(.bss)
    .bss                                     0x20000ee4   Section     1220  tasks.o(.bss)
    pxReadyTasksLists                        0x20000ee4   Data        1120  tasks.o(.bss)
    xDelayedTaskList1                        0x20001344   Data          20  tasks.o(.bss)
    xDelayedTaskList2                        0x20001358   Data          20  tasks.o(.bss)
    xPendingReadyList                        0x2000136c   Data          20  tasks.o(.bss)
    xTasksWaitingTermination                 0x20001380   Data          20  tasks.o(.bss)
    xSuspendedTaskList                       0x20001394   Data          20  tasks.o(.bss)
    .bss                                     0x200013a8   Section      280  timers.o(.bss)
    xStaticTimerQueue                        0x200013a8   Data          80  timers.o(.bss)
    ucStaticTimerQueueStorage                0x200013f8   Data         160  timers.o(.bss)
    xActiveTimerList1                        0x20001498   Data          20  timers.o(.bss)
    xActiveTimerList2                        0x200014ac   Data          20  timers.o(.bss)
    .bss                                     0x200014c0   Section     1720  cmsis_os2.o(.bss)
    Idle_TCB                                 0x200014c0   Data          92  cmsis_os2.o(.bss)
    Idle_Stack                               0x2000151c   Data         512  cmsis_os2.o(.bss)
    Timer_TCB                                0x2000171c   Data          92  cmsis_os2.o(.bss)
    Timer_Stack                              0x20001778   Data        1024  cmsis_os2.o(.bss)
    .bss                                     0x20001b78   Section    15360  heap_4.o(.bss)
    ucHeap                                   0x20001b78   Data       15360  heap_4.o(.bss)
    STACK                                    0x20005778   Section     1024  startup_stm32f407xx.o(STACK)

    Global Symbols

    Symbol Name                              Value     Ov Type        Size  Object(Section)

    BuildAttributes$$THM_ISAv4$E$P$D$K$B$S$7EM$VFPi3$EXTD16$VFPS$VFMA$PE$A:L22UL41UL21$X:L11$S22US41US21$IEEE1$IW$USESV6$~STKCKD$USESV7$~SHL$OTIME$ROPI$EBA8$MICROLIB$REQ8$PRES8$EABIv2 0x00000000   Number         0  anon$$obj.o ABSOLUTE
    __ARM_use_no_argv                        0x00000000   Number         0  main.o ABSOLUTE
    __arm_fini_                               - Undefined Weak Reference
    __cpp_initialize__aeabi_                  - Undefined Weak Reference
    __cxa_finalize                            - Undefined Weak Reference
    _clock_init                               - Undefined Weak Reference
    _microlib_exit                            - Undefined Weak Reference
    __Vectors_Size                           0x00000188   Number         0  startup_stm32f407xx.o ABSOLUTE
    __Vectors                                0x08000000   Data           4  startup_stm32f407xx.o(RESET)
    __Vectors_End                            0x08000188   Data           0  startup_stm32f407xx.o(RESET)
    __main                                   0x08000189   Thumb Code     0  entry.o(.ARM.Collect$$$$00000000)
    _main_stk                                0x08000189   Thumb Code     0  entry2.o(.ARM.Collect$$$$00000001)
    _main_scatterload                        0x0800018d   Thumb Code     0  entry5.o(.ARM.Collect$$$$00000004)
    __main_after_scatterload                 0x08000191   Thumb Code     0  entry5.o(.ARM.Collect$$$$00000004)
    _main_clock                              0x08000191   Thumb Code     0  entry7b.o(.ARM.Collect$$$$00000008)
    _main_cpp_init                           0x08000191   Thumb Code     0  entry8b.o(.ARM.Collect$$$$0000000A)
    _main_init                               0x08000191   Thumb Code     0  entry9a.o(.ARM.Collect$$$$0000000B)
    __rt_lib_shutdown_fini                   0x08000199   Thumb Code     0  entry12b.o(.ARM.Collect$$$$0000000E)
    __rt_final_cpp                           0x0800019d   Thumb Code     0  entry10a.o(.ARM.Collect$$$$0000000F)
    __rt_final_exit                          0x0800019d   Thumb Code     0  entry11a.o(.ARM.Collect$$$$00000011)
    SVC_Handler                              0x080001a1   Thumb Code    28  port.o(.emb_text)
    __asm___6_port_c_39a90d8d__prvStartFirstTask 0x080001c1   Thumb Code    36  port.o(.emb_text)
    __asm___6_port_c_39a90d8d__prvEnableVFP  0x080001e9   Thumb Code    16  port.o(.emb_text)
    PendSV_Handler                           0x080001fd   Thumb Code    88  port.o(.emb_text)
    vPortGetIPSR                             0x08000259   Thumb Code     6  port.o(.emb_text)
    Reset_Handler                            0x08000261   Thumb Code     8  startup_stm32f407xx.o(.text)
    ADC_IRQHandler                           0x0800027b   Thumb Code     0  startup_stm32f407xx.o(.text)
    CAN1_RX0_IRQHandler                      0x0800027b   Thumb Code     0  startup_stm32f407xx.o(.text)
    CAN1_RX1_IRQHandler                      0x0800027b   Thumb Code     0  startup_stm32f407xx.o(.text)
    CAN1_SCE_IRQHandler                      0x0800027b   Thumb Code     0  startup_stm32f407xx.o(.text)
    CAN1_TX_IRQHandler                       0x0800027b   Thumb Code     0  startup_stm32f407xx.o(.text)
    CAN2_RX0_IRQHandler                      0x0800027b   Thumb Code     0  startup_stm32f407xx.o(.text)
    CAN2_RX1_IRQHandler                      0x0800027b   Thumb Code     0  startup_stm32f407xx.o(.text)
    CAN2_SCE_IRQHandler                      0x0800027b   Thumb Code     0  startup_stm32f407xx.o(.text)
    CAN2_TX_IRQHandler                       0x0800027b   Thumb Code     0  startup_stm32f407xx.o(.text)
    DCMI_IRQHandler                          0x0800027b   Thumb Code     0  startup_stm32f407xx.o(.text)
    DMA1_Stream2_IRQHandler                  0x0800027b   Thumb Code     0  startup_stm32f407xx.o(.text)
    DMA1_Stream4_IRQHandler                  0x0800027b   Thumb Code     0  startup_stm32f407xx.o(.text)
    DMA2_Stream0_IRQHandler                  0x0800027b   Thumb Code     0  startup_stm32f407xx.o(.text)
    DMA2_Stream3_IRQHandler                  0x0800027b   Thumb Code     0  startup_stm32f407xx.o(.text)
    DMA2_Stream4_IRQHandler                  0x0800027b   Thumb Code     0  startup_stm32f407xx.o(.text)
    DMA2_Stream5_IRQHandler                  0x0800027b   Thumb Code     0  startup_stm32f407xx.o(.text)
    ETH_IRQHandler                           0x0800027b   Thumb Code     0  startup_stm32f407xx.o(.text)
    ETH_WKUP_IRQHandler                      0x0800027b   Thumb Code     0  startup_stm32f407xx.o(.text)
    EXTI0_IRQHandler                         0x0800027b   Thumb Code     0  startup_stm32f407xx.o(.text)
    EXTI15_10_IRQHandler                     0x0800027b   Thumb Code     0  startup_stm32f407xx.o(.text)
    EXTI1_IRQHandler                         0x0800027b   Thumb Code     0  startup_stm32f407xx.o(.text)
    EXTI2_IRQHandler                         0x0800027b   Thumb Code     0  startup_stm32f407xx.o(.text)
    EXTI3_IRQHandler                         0x0800027b   Thumb Code     0  startup_stm32f407xx.o(.text)
    EXTI4_IRQHandler                         0x0800027b   Thumb Code     0  startup_stm32f407xx.o(.text)
    EXTI9_5_IRQHandler                       0x0800027b   Thumb Code     0  startup_stm32f407xx.o(.text)
    FLASH_IRQHandler                         0x0800027b   Thumb Code     0  startup_stm32f407xx.o(.text)
    FMC_IRQHandler                           0x0800027b   Thumb Code     0  startup_stm32f407xx.o(.text)
    FPU_IRQHandler                           0x0800027b   Thumb Code     0  startup_stm32f407xx.o(.text)
    HASH_RNG_IRQHandler                      0x0800027b   Thumb Code     0  startup_stm32f407xx.o(.text)
    I2C1_ER_IRQHandler                       0x0800027b   Thumb Code     0  startup_stm32f407xx.o(.text)
    I2C1_EV_IRQHandler                       0x0800027b   Thumb Code     0  startup_stm32f407xx.o(.text)
    I2C2_ER_IRQHandler                       0x0800027b   Thumb Code     0  startup_stm32f407xx.o(.text)
    I2C2_EV_IRQHandler                       0x0800027b   Thumb Code     0  startup_stm32f407xx.o(.text)
    I2C3_ER_IRQHandler                       0x0800027b   Thumb Code     0  startup_stm32f407xx.o(.text)
    I2C3_EV_IRQHandler                       0x0800027b   Thumb Code     0  startup_stm32f407xx.o(.text)
    OTG_FS_IRQHandler                        0x0800027b   Thumb Code     0  startup_stm32f407xx.o(.text)
    OTG_FS_WKUP_IRQHandler                   0x0800027b   Thumb Code     0  startup_stm32f407xx.o(.text)
    OTG_HS_EP1_IN_IRQHandler                 0x0800027b   Thumb Code     0  startup_stm32f407xx.o(.text)
    OTG_HS_EP1_OUT_IRQHandler                0x0800027b   Thumb Code     0  startup_stm32f407xx.o(.text)
    OTG_HS_IRQHandler                        0x0800027b   Thumb Code     0  startup_stm32f407xx.o(.text)
    OTG_HS_WKUP_IRQHandler                   0x0800027b   Thumb Code     0  startup_stm32f407xx.o(.text)
    PVD_IRQHandler                           0x0800027b   Thumb Code     0  startup_stm32f407xx.o(.text)
    RCC_IRQHandler                           0x0800027b   Thumb Code     0  startup_stm32f407xx.o(.text)
    RTC_Alarm_IRQHandler                     0x0800027b   Thumb Code     0  startup_stm32f407xx.o(.text)
    RTC_WKUP_IRQHandler                      0x0800027b   Thumb Code     0  startup_stm32f407xx.o(.text)
    SDIO_IRQHandler                          0x0800027b   Thumb Code     0  startup_stm32f407xx.o(.text)
    SPI1_IRQHandler                          0x0800027b   Thumb Code     0  startup_stm32f407xx.o(.text)
    SPI2_IRQHandler                          0x0800027b   Thumb Code     0  startup_stm32f407xx.o(.text)
    SPI3_IRQHandler                          0x0800027b   Thumb Code     0  startup_stm32f407xx.o(.text)
    TAMP_STAMP_IRQHandler                    0x0800027b   Thumb Code     0  startup_stm32f407xx.o(.text)
    TIM1_BRK_TIM9_IRQHandler                 0x0800027b   Thumb Code     0  startup_stm32f407xx.o(.text)
    TIM1_CC_IRQHandler                       0x0800027b   Thumb Code     0  startup_stm32f407xx.o(.text)
    TIM2_IRQHandler                          0x0800027b   Thumb Code     0  startup_stm32f407xx.o(.text)
    TIM3_IRQHandler                          0x0800027b   Thumb Code     0  startup_stm32f407xx.o(.text)
    TIM5_IRQHandler                          0x0800027b   Thumb Code     0  startup_stm32f407xx.o(.text)
    TIM7_IRQHandler                          0x0800027b   Thumb Code     0  startup_stm32f407xx.o(.text)
    TIM8_BRK_TIM12_IRQHandler                0x0800027b   Thumb Code     0  startup_stm32f407xx.o(.text)
    TIM8_CC_IRQHandler                       0x0800027b   Thumb Code     0  startup_stm32f407xx.o(.text)
    TIM8_TRG_COM_TIM14_IRQHandler            0x0800027b   Thumb Code     0  startup_stm32f407xx.o(.text)
    TIM8_UP_TIM13_IRQHandler                 0x0800027b   Thumb Code     0  startup_stm32f407xx.o(.text)
    UART4_IRQHandler                         0x0800027b   Thumb Code     0  startup_stm32f407xx.o(.text)
    WWDG_IRQHandler                          0x0800027b   Thumb Code     0  startup_stm32f407xx.o(.text)
    __aeabi_uldivmod                         0x08000285   Thumb Code    98  uldiv.o(.text)
    __aeabi_ldivmod                          0x080002e7   Thumb Code    98  ldiv.o(.text)
    __aeabi_memcpy                           0x08000349   Thumb Code    36  memcpya.o(.text)
    __aeabi_memcpy4                          0x08000349   Thumb Code     0  memcpya.o(.text)
    __aeabi_memcpy8                          0x08000349   Thumb Code     0  memcpya.o(.text)
    __aeabi_memset                           0x0800036d   Thumb Code    14  memseta.o(.text)
    __aeabi_memset4                          0x0800036d   Thumb Code     0  memseta.o(.text)
    __aeabi_memset8                          0x0800036d   Thumb Code     0  memseta.o(.text)
    __aeabi_memclr                           0x0800037b   Thumb Code     4  memseta.o(.text)
    __aeabi_memclr4                          0x0800037b   Thumb Code     0  memseta.o(.text)
    __aeabi_memclr8                          0x0800037b   Thumb Code     0  memseta.o(.text)
    memset                                   0x0800037f   Thumb Code    18  memseta.o(.text)
    __aeabi_f2d                              0x08000391   Thumb Code    38  f2d.o(.text)
    __aeabi_d2f                              0x080003b7   Thumb Code    56  d2f.o(.text)
    __aeabi_llsl                             0x080003ef   Thumb Code    30  llshl.o(.text)
    _ll_shift_l                              0x080003ef   Thumb Code     0  llshl.o(.text)
    __aeabi_llsr                             0x0800040d   Thumb Code    32  llushr.o(.text)
    _ll_ushift_r                             0x0800040d   Thumb Code     0  llushr.o(.text)
    __I$use$fp                               0x0800042d   Thumb Code     0  iusefp.o(.text)
    _float_round                             0x0800042d   Thumb Code    18  fepilogue.o(.text)
    _float_epilogue                          0x0800043f   Thumb Code    92  fepilogue.o(.text)
    __scatterload                            0x0800049d   Thumb Code    28  init.o(.text)
    __scatterload_rt2                        0x0800049d   Thumb Code     0  init.o(.text)
    __decompress                             0x080004c1   Thumb Code     0  __dczerorl2.o(.text)
    __decompress1                            0x080004c1   Thumb Code    86  __dczerorl2.o(.text)
    ATH20_Read                               0x08000519   Thumb Code   100  ath20_bmp280.o(i.ATH20_Read)
    BMP280_Read                              0x0800071d   Thumb Code   206  ath20_bmp280.o(i.BMP280_Read)
    BusFault_Handler                         0x080007fd   Thumb Code     2  stm32f4xx_it.o(i.BusFault_Handler)
    Cycle_led_Task                           0x08000801   Thumb Code    22  freertos.o(i.Cycle_led_Task)
    DMA1_Stream0_IRQHandler                  0x0800081d   Thumb Code     6  stm32f4xx_it.o(i.DMA1_Stream0_IRQHandler)
    DMA1_Stream1_IRQHandler                  0x08000829   Thumb Code     6  stm32f4xx_it.o(i.DMA1_Stream1_IRQHandler)
    DMA1_Stream3_IRQHandler                  0x08000835   Thumb Code     6  stm32f4xx_it.o(i.DMA1_Stream3_IRQHandler)
    DMA1_Stream5_IRQHandler                  0x08000841   Thumb Code     6  stm32f4xx_it.o(i.DMA1_Stream5_IRQHandler)
    DMA1_Stream6_IRQHandler                  0x0800084d   Thumb Code     6  stm32f4xx_it.o(i.DMA1_Stream6_IRQHandler)
    DMA1_Stream7_IRQHandler                  0x08000859   Thumb Code     6  stm32f4xx_it.o(i.DMA1_Stream7_IRQHandler)
    DMA2_Stream1_IRQHandler                  0x08000865   Thumb Code     6  stm32f4xx_it.o(i.DMA2_Stream1_IRQHandler)
    DMA2_Stream2_IRQHandler                  0x08000871   Thumb Code     6  stm32f4xx_it.o(i.DMA2_Stream2_IRQHandler)
    DMA2_Stream6_IRQHandler                  0x0800087d   Thumb Code     6  stm32f4xx_it.o(i.DMA2_Stream6_IRQHandler)
    DMA2_Stream7_IRQHandler                  0x08000889   Thumb Code     6  stm32f4xx_it.o(i.DMA2_Stream7_IRQHandler)
    DebugMon_Handler                         0x08000939   Thumb Code     2  stm32f4xx_it.o(i.DebugMon_Handler)
    Error_Handler                            0x0800093b   Thumb Code     4  main.o(i.Error_Handler)
    HAL_DMA_Abort                            0x0800093f   Thumb Code   146  stm32f4xx_hal_dma.o(i.HAL_DMA_Abort)
    HAL_DMA_Abort_IT                         0x080009d1   Thumb Code    36  stm32f4xx_hal_dma.o(i.HAL_DMA_Abort_IT)
    HAL_DMA_IRQHandler                       0x080009f5   Thumb Code   412  stm32f4xx_hal_dma.o(i.HAL_DMA_IRQHandler)
    HAL_DMA_Init                             0x08000b95   Thumb Code   206  stm32f4xx_hal_dma.o(i.HAL_DMA_Init)
    HAL_DMA_Start_IT                         0x08000c69   Thumb Code   110  stm32f4xx_hal_dma.o(i.HAL_DMA_Start_IT)
    HAL_Delay                                0x08000cd9   Thumb Code    32  stm32f4xx_hal.o(i.HAL_Delay)
    HAL_GPIO_Init                            0x08000cfd   Thumb Code   450  stm32f4xx_hal_gpio.o(i.HAL_GPIO_Init)
    HAL_GPIO_ReadPin                         0x08000eed   Thumb Code    10  stm32f4xx_hal_gpio.o(i.HAL_GPIO_ReadPin)
    HAL_GPIO_TogglePin                       0x08000ef7   Thumb Code    16  stm32f4xx_hal_gpio.o(i.HAL_GPIO_TogglePin)
    HAL_GPIO_WritePin                        0x08000f07   Thumb Code    10  stm32f4xx_hal_gpio.o(i.HAL_GPIO_WritePin)
    HAL_GetTick                              0x08000f11   Thumb Code     6  stm32f4xx_hal.o(i.HAL_GetTick)
    HAL_I2C_Init                             0x08000f1d   Thumb Code   376  stm32f4xx_hal_i2c.o(i.HAL_I2C_Init)
    HAL_I2C_Master_Receive                   0x080010a5   Thumb Code   482  stm32f4xx_hal_i2c.o(i.HAL_I2C_Master_Receive)
    HAL_I2C_Master_Transmit                  0x08001295   Thumb Code   290  stm32f4xx_hal_i2c.o(i.HAL_I2C_Master_Transmit)
    HAL_I2C_Mem_Read                         0x080013c1   Thumb Code   502  stm32f4xx_hal_i2c.o(i.HAL_I2C_Mem_Read)
    HAL_I2C_Mem_Write                        0x080015c5   Thumb Code   294  stm32f4xx_hal_i2c.o(i.HAL_I2C_Mem_Write)
    HAL_I2C_MspInit                          0x080016f5   Thumb Code    94  i2c.o(i.HAL_I2C_MspInit)
    HAL_IncTick                              0x08001761   Thumb Code    12  stm32f4xx_hal.o(i.HAL_IncTick)
    HAL_Init                                 0x08001771   Thumb Code    48  stm32f4xx_hal.o(i.HAL_Init)
    HAL_InitTick                             0x080017a5   Thumb Code   132  stm32f4xx_hal_timebase_tim.o(i.HAL_InitTick)
    HAL_MspInit                              0x0800183d   Thumb Code    52  stm32f4xx_hal_msp.o(i.HAL_MspInit)
    HAL_NVIC_EnableIRQ                       0x08001875   Thumb Code    26  stm32f4xx_hal_cortex.o(i.HAL_NVIC_EnableIRQ)
    HAL_NVIC_SetPriority                     0x08001891   Thumb Code    60  stm32f4xx_hal_cortex.o(i.HAL_NVIC_SetPriority)
    HAL_NVIC_SetPriorityGrouping             0x080018d1   Thumb Code    26  stm32f4xx_hal_cortex.o(i.HAL_NVIC_SetPriorityGrouping)
    HAL_RCC_ClockConfig                      0x080018f5   Thumb Code   288  stm32f4xx_hal_rcc.o(i.HAL_RCC_ClockConfig)
    HAL_RCC_GetClockConfig                   0x08001a29   Thumb Code    54  stm32f4xx_hal_rcc.o(i.HAL_RCC_GetClockConfig)
    HAL_RCC_GetPCLK1Freq                     0x08001a69   Thumb Code    20  stm32f4xx_hal_rcc.o(i.HAL_RCC_GetPCLK1Freq)
    HAL_RCC_GetPCLK2Freq                     0x08001a89   Thumb Code    20  stm32f4xx_hal_rcc.o(i.HAL_RCC_GetPCLK2Freq)
    HAL_RCC_GetSysClockFreq                  0x08001aa9   Thumb Code    88  stm32f4xx_hal_rcc.o(i.HAL_RCC_GetSysClockFreq)
    HAL_RCC_OscConfig                        0x08001b0d   Thumb Code   856  stm32f4xx_hal_rcc.o(i.HAL_RCC_OscConfig)
    HAL_TIMEx_BreakCallback                  0x08001e79   Thumb Code     2  stm32f4xx_hal_tim_ex.o(i.HAL_TIMEx_BreakCallback)
    HAL_TIMEx_CommutCallback                 0x08001e7b   Thumb Code     2  stm32f4xx_hal_tim_ex.o(i.HAL_TIMEx_CommutCallback)
    HAL_TIMEx_ConfigBreakDeadTime            0x08001e7d   Thumb Code    84  stm32f4xx_hal_tim_ex.o(i.HAL_TIMEx_ConfigBreakDeadTime)
    HAL_TIMEx_MasterConfigSynchronization    0x08001ed1   Thumb Code   116  stm32f4xx_hal_tim_ex.o(i.HAL_TIMEx_MasterConfigSynchronization)
    HAL_TIM_Base_Init                        0x08001f61   Thumb Code    90  stm32f4xx_hal_tim.o(i.HAL_TIM_Base_Init)
    HAL_TIM_Base_MspInit                     0x08001fbd   Thumb Code   232  tim.o(i.HAL_TIM_Base_MspInit)
    HAL_TIM_Base_Start_IT                    0x080020c1   Thumb Code   100  stm32f4xx_hal_tim.o(i.HAL_TIM_Base_Start_IT)
    HAL_TIM_ConfigClockSource                0x08002141   Thumb Code   220  stm32f4xx_hal_tim.o(i.HAL_TIM_ConfigClockSource)
    HAL_TIM_IC_CaptureCallback               0x0800221d   Thumb Code     2  stm32f4xx_hal_tim.o(i.HAL_TIM_IC_CaptureCallback)
    HAL_TIM_IRQHandler                       0x0800221f   Thumb Code   304  stm32f4xx_hal_tim.o(i.HAL_TIM_IRQHandler)
    HAL_TIM_MspPostInit                      0x08002351   Thumb Code   216  tim.o(i.HAL_TIM_MspPostInit)
    HAL_TIM_OC_ConfigChannel                 0x08002441   Thumb Code    82  stm32f4xx_hal_tim.o(i.HAL_TIM_OC_ConfigChannel)
    HAL_TIM_OC_DelayElapsedCallback          0x08002493   Thumb Code     2  stm32f4xx_hal_tim.o(i.HAL_TIM_OC_DelayElapsedCallback)
    HAL_TIM_OC_Init                          0x08002495   Thumb Code    90  stm32f4xx_hal_tim.o(i.HAL_TIM_OC_Init)
    HAL_TIM_OC_MspInit                       0x080024ef   Thumb Code     2  stm32f4xx_hal_tim.o(i.HAL_TIM_OC_MspInit)
    HAL_TIM_PWM_ConfigChannel                0x080024f1   Thumb Code   204  stm32f4xx_hal_tim.o(i.HAL_TIM_PWM_ConfigChannel)
    HAL_TIM_PWM_Init                         0x080025bd   Thumb Code    90  stm32f4xx_hal_tim.o(i.HAL_TIM_PWM_Init)
    HAL_TIM_PWM_MspInit                      0x08002617   Thumb Code     2  stm32f4xx_hal_tim.o(i.HAL_TIM_PWM_MspInit)
    HAL_TIM_PWM_PulseFinishedCallback        0x08002619   Thumb Code     2  stm32f4xx_hal_tim.o(i.HAL_TIM_PWM_PulseFinishedCallback)
    HAL_TIM_PWM_Start                        0x0800261d   Thumb Code   172  stm32f4xx_hal_tim.o(i.HAL_TIM_PWM_Start)
    HAL_TIM_PeriodElapsedCallback            0x080026e5   Thumb Code    84  main.o(i.HAL_TIM_PeriodElapsedCallback)
    HAL_TIM_TriggerCallback                  0x08002759   Thumb Code     2  stm32f4xx_hal_tim.o(i.HAL_TIM_TriggerCallback)
    HAL_UARTEx_RxEventCallback               0x0800275b   Thumb Code     2  stm32f4xx_hal_uart.o(i.HAL_UARTEx_RxEventCallback)
    HAL_UART_DMAStop                         0x0800275d   Thumb Code   112  stm32f4xx_hal_uart.o(i.HAL_UART_DMAStop)
    HAL_UART_ErrorCallback                   0x080027cd   Thumb Code     2  stm32f4xx_hal_uart.o(i.HAL_UART_ErrorCallback)
    HAL_UART_IRQHandler                      0x080027d1   Thumb Code   636  stm32f4xx_hal_uart.o(i.HAL_UART_IRQHandler)
    HAL_UART_Init                            0x08002a51   Thumb Code   100  stm32f4xx_hal_uart.o(i.HAL_UART_Init)
    HAL_UART_MspInit                         0x08002ab5   Thumb Code  1072  usart.o(i.HAL_UART_MspInit)
    HAL_UART_Receive_DMA                     0x08002ee5   Thumb Code    28  stm32f4xx_hal_uart.o(i.HAL_UART_Receive_DMA)
    HAL_UART_RxCpltCallback                  0x08002f01   Thumb Code     2  stm32f4xx_hal_uart.o(i.HAL_UART_RxCpltCallback)
    HAL_UART_RxHalfCpltCallback              0x08002f03   Thumb Code     2  stm32f4xx_hal_uart.o(i.HAL_UART_RxHalfCpltCallback)
    HAL_UART_Transmit                        0x08002f05   Thumb Code   160  stm32f4xx_hal_uart.o(i.HAL_UART_Transmit)
    HAL_UART_Transmit_DMA                    0x08002fa5   Thumb Code   120  stm32f4xx_hal_uart.o(i.HAL_UART_Transmit_DMA)
    HAL_UART_TxCpltCallback                  0x08003029   Thumb Code    16  func_uart.o(i.HAL_UART_TxCpltCallback)
    HAL_UART_TxHalfCpltCallback              0x08003041   Thumb Code     2  stm32f4xx_hal_uart.o(i.HAL_UART_TxHalfCpltCallback)
    Handle_Muart_Task                        0x08003045   Thumb Code   168  distance_measure.o(i.Handle_Muart_Task)
    HardFault_Handler                        0x080030f1   Thumb Code     2  stm32f4xx_it.o(i.HardFault_Handler)
    JY901_ParseData                          0x080036b9   Thumb Code   712  jy901p_uart.o(i.JY901_ParseData)
    JY901_ProcessTask                        0x080039a1   Thumb Code    34  jy901p_uart.o(i.JY901_ProcessTask)
    JY901_UART_Init                          0x080039c9   Thumb Code    46  jy901p_uart.o(i.JY901_UART_Init)
    MX_DMA_Init                              0x08003a05   Thumb Code   200  dma.o(i.MX_DMA_Init)
    MX_FREERTOS_Init                         0x08003ad1   Thumb Code   146  freertos.o(i.MX_FREERTOS_Init)
    MX_GPIO_Init                             0x08003b91   Thumb Code   306  gpio.o(i.MX_GPIO_Init)
    MX_I2C2_Init                             0x08003cdd   Thumb Code    50  i2c.o(i.MX_I2C2_Init)
    MX_TIM10_Init                            0x08003d1d   Thumb Code    46  tim.o(i.MX_TIM10_Init)
    MX_TIM11_Init                            0x08003d55   Thumb Code    46  tim.o(i.MX_TIM11_Init)
    MX_TIM14_Init                            0x08003d8d   Thumb Code    46  tim.o(i.MX_TIM14_Init)
    MX_TIM1_Init                             0x08003dc5   Thumb Code   244  tim.o(i.MX_TIM1_Init)
    MX_TIM2_Init                             0x08003ec1   Thumb Code   198  tim.o(i.MX_TIM2_Init)
    MX_TIM3_Init                             0x08003f8d   Thumb Code   198  tim.o(i.MX_TIM3_Init)
    MX_TIM4_Init                             0x0800405d   Thumb Code   138  tim.o(i.MX_TIM4_Init)
    MX_UART4_Init                            0x080040f1   Thumb Code    48  usart.o(i.MX_UART4_Init)
    MX_UART5_Init                            0x08004129   Thumb Code    48  usart.o(i.MX_UART5_Init)
    MX_USART1_UART_Init                      0x08004161   Thumb Code    48  usart.o(i.MX_USART1_UART_Init)
    MX_USART2_UART_Init                      0x08004199   Thumb Code    48  usart.o(i.MX_USART2_UART_Init)
    MX_USART3_UART_Init                      0x080041d1   Thumb Code    48  usart.o(i.MX_USART3_UART_Init)
    MX_USART6_UART_Init                      0x08004209   Thumb Code    48  usart.o(i.MX_USART6_UART_Init)
    MemManage_Handler                        0x08004241   Thumb Code     2  stm32f4xx_it.o(i.MemManage_Handler)
    Move_basic_Init                          0x08004245   Thumb Code   178  move_drv.o(i.Move_basic_Init)
    My_TIM4_IRQHandler                       0x08004311   Thumb Code   362  software_uart.o(i.My_TIM4_IRQHandler)
    NMI_Handler                              0x0800448d   Thumb Code     2  stm32f4xx_it.o(i.NMI_Handler)
    Parser4_Init                             0x080044b1   Thumb Code    26  ms5837_uart.o(i.Parser4_Init)
    Parser_Init                              0x080044d5   Thumb Code    48  chat_with_upper.o(i.Parser_Init)
    SendAllPack_Task                         0x08004511   Thumb Code    56  chat_with_upper.o(i.SendAllPack_Task)
    Sensors_Task                             0x08004549   Thumb Code    52  ath20_bmp280.o(i.Sensors_Task)
    SoftUART_ReceiveByte                     0x08004585   Thumb Code    48  software_uart.o(i.SoftUART_ReceiveByte)
    StartDefaultTask                         0x080045bd   Thumb Code     8  freertos.o(i.StartDefaultTask)
    SysTick_Handler                          0x080045c5   Thumb Code    26  cmsis_os2.o(i.SysTick_Handler)
    SystemClock_Config                       0x080045e1   Thumb Code   140  main.o(i.SystemClock_Config)
    SystemInit                               0x08004675   Thumb Code    12  system_stm32f4xx.o(i.SystemInit)
    TIM1_TRG_COM_TIM11_IRQHandler            0x08004685   Thumb Code    18  stm32f4xx_it.o(i.TIM1_TRG_COM_TIM11_IRQHandler)
    TIM1_UP_TIM10_IRQHandler                 0x080046a1   Thumb Code    18  stm32f4xx_it.o(i.TIM1_UP_TIM10_IRQHandler)
    TIM4_IRQHandler                          0x080046bd   Thumb Code    16  stm32f4xx_it.o(i.TIM4_IRQHandler)
    TIM6_DAC_IRQHandler                      0x080046d1   Thumb Code     6  stm32f4xx_it.o(i.TIM6_DAC_IRQHandler)
    TIM_Base_SetConfig                       0x080046dd   Thumb Code   164  stm32f4xx_hal_tim.o(i.TIM_Base_SetConfig)
    TIM_CCxChannelCmd                        0x080047ad   Thumb Code    26  stm32f4xx_hal_tim.o(i.TIM_CCxChannelCmd)
    TIM_ETR_SetConfig                        0x080047c7   Thumb Code    20  stm32f4xx_hal_tim.o(i.TIM_ETR_SetConfig)
    TIM_OC2_SetConfig                        0x0800484d   Thumb Code    98  stm32f4xx_hal_tim.o(i.TIM_OC2_SetConfig)
    Trigger_Distance_Mearsure_Task           0x080049b9   Thumb Code    72  distance_measure.o(i.Trigger_Distance_Mearsure_Task)
    UART5_IRQHandler                         0x08004a05   Thumb Code   114  stm32f4xx_it.o(i.UART5_IRQHandler)
    UART_SendFloats_DMA                      0x08004cfd   Thumb Code   124  func_uart.o(i.UART_SendFloats_DMA)
    UART_Start_Receive_DMA                   0x08004e91   Thumb Code   146  stm32f4xx_hal_uart.o(i.UART_Start_Receive_DMA)
    USART1_IRQHandler                        0x08004fa5   Thumb Code     6  stm32f4xx_it.o(i.USART1_IRQHandler)
    USART2_IRQHandler                        0x08004fb1   Thumb Code   112  stm32f4xx_it.o(i.USART2_IRQHandler)
    USART3_IRQHandler                        0x08005031   Thumb Code   114  stm32f4xx_it.o(i.USART3_IRQHandler)
    USART6_IRQHandler                        0x080050b5   Thumb Code     6  stm32f4xx_it.o(i.USART6_IRQHandler)
    UsageFault_Handler                       0x080050c1   Thumb Code     2  stm32f4xx_it.o(i.UsageFault_Handler)
    __scatterload_copy                       0x080050e3   Thumb Code    14  handlers.o(i.__scatterload_copy)
    __scatterload_null                       0x080050f1   Thumb Code     2  handlers.o(i.__scatterload_null)
    __scatterload_zeroinit                   0x080050f3   Thumb Code    14  handlers.o(i.__scatterload_zeroinit)
    data_packup                              0x08005101   Thumb Code   406  chat_with_upper.o(i.data_packup)
    main                                     0x08005329   Thumb Code   124  main.o(i.main)
    motor_init                               0x08005445   Thumb Code   188  move_control.o(i.motor_init)
    motor_set                                0x08005509   Thumb Code   128  move_drv.o(i.motor_set)
    osDelay                                  0x08005599   Thumb Code    26  cmsis_os2.o(i.osDelay)
    osKernelInitialize                       0x080055b5   Thumb Code    32  cmsis_os2.o(i.osKernelInitialize)
    osKernelStart                            0x080055d9   Thumb Code    48  cmsis_os2.o(i.osKernelStart)
    osThreadNew                              0x08005611   Thumb Code   138  cmsis_os2.o(i.osThreadNew)
    pvPortMalloc                             0x08005e31   Thumb Code   216  heap_4.o(i.pvPortMalloc)
    pvTaskIncrementMutexHeldCount            0x08005f0d   Thumb Code    18  tasks.o(i.pvTaskIncrementMutexHeldCount)
    pwm_init                                 0x08005f25   Thumb Code   102  move_drv.o(i.pwm_init)
    pwm_set                                  0x08005f99   Thumb Code    58  move_drv.o(i.pwm_set)
    pxPortInitialiseStack                    0x08005fe1   Thumb Code    40  port.o(i.pxPortInitialiseStack)
    upper_move_process                       0x0800600d   Thumb Code   324  move_drv.o(i.upper_move_process)
    uxListRemove                             0x08006179   Thumb Code    38  list.o(i.uxListRemove)
    vApplicationGetIdleTaskMemory            0x080061a1   Thumb Code    16  cmsis_os2.o(i.vApplicationGetIdleTaskMemory)
    vApplicationGetTimerTaskMemory           0x080061b5   Thumb Code    18  cmsis_os2.o(i.vApplicationGetTimerTaskMemory)
    vListInitialise                          0x080061cd   Thumb Code    22  list.o(i.vListInitialise)
    vListInitialiseItem                      0x080061e3   Thumb Code     6  list.o(i.vListInitialiseItem)
    vListInsert                              0x080061e9   Thumb Code    48  list.o(i.vListInsert)
    vListInsertEnd                           0x08006219   Thumb Code    24  list.o(i.vListInsertEnd)
    vPortEnterCritical                       0x08006231   Thumb Code    54  port.o(i.vPortEnterCritical)
    vPortExitCritical                        0x08006271   Thumb Code    34  port.o(i.vPortExitCritical)
    vPortFree                                0x08006299   Thumb Code    94  heap_4.o(i.vPortFree)
    vPortSetupTimerInterrupt                 0x080062fd   Thumb Code    32  port.o(i.vPortSetupTimerInterrupt)
    vPortValidateInterruptPriority           0x08006321   Thumb Code    74  port.o(i.vPortValidateInterruptPriority)
    vQueueAddToRegistry                      0x08006375   Thumb Code    34  queue.o(i.vQueueAddToRegistry)
    vQueueWaitForMessageRestricted           0x0800639d   Thumb Code    68  queue.o(i.vQueueWaitForMessageRestricted)
    vTaskDelay                               0x080063e1   Thumb Code    66  tasks.o(i.vTaskDelay)
    vTaskInternalSetTimeOutState             0x0800642d   Thumb Code    12  tasks.o(i.vTaskInternalSetTimeOutState)
    vTaskMissedYield                         0x0800643d   Thumb Code     8  tasks.o(i.vTaskMissedYield)
    vTaskPlaceOnEventList                    0x08006449   Thumb Code    44  tasks.o(i.vTaskPlaceOnEventList)
    vTaskPlaceOnEventListRestricted          0x08006479   Thumb Code    52  tasks.o(i.vTaskPlaceOnEventListRestricted)
    vTaskPriorityDisinheritAfterTimeout      0x080064b1   Thumb Code   134  tasks.o(i.vTaskPriorityDisinheritAfterTimeout)
    vTaskStartScheduler                      0x08006541   Thumb Code   118  tasks.o(i.vTaskStartScheduler)
    vTaskSuspendAll                          0x080065c9   Thumb Code    10  tasks.o(i.vTaskSuspendAll)
    vTaskSwitchContext                       0x080065d9   Thumb Code    90  tasks.o(i.vTaskSwitchContext)
    view_variables_Task                      0x0800663d   Thumb Code    74  func_uart.o(i.view_variables_Task)
    xPortStartScheduler                      0x08006695   Thumb Code   222  port.o(i.xPortStartScheduler)
    xPortSysTickHandler                      0x08006789   Thumb Code    38  port.o(i.xPortSysTickHandler)
    xQueueGenericCreate                      0x080067b5   Thumb Code    66  queue.o(i.xQueueGenericCreate)
    xQueueGenericCreateStatic                0x080067f7   Thumb Code   102  queue.o(i.xQueueGenericCreateStatic)
    xQueueGenericReset                       0x0800685d   Thumb Code   132  queue.o(i.xQueueGenericReset)
    xQueueGenericSend                        0x080068e5   Thumb Code   346  queue.o(i.xQueueGenericSend)
    xQueueGenericSendFromISR                 0x08006a45   Thumb Code   190  queue.o(i.xQueueGenericSendFromISR)
    xQueueGiveFromISR                        0x08006b03   Thumb Code   156  queue.o(i.xQueueGiveFromISR)
    xQueueReceive                            0x08006ba1   Thumb Code   308  queue.o(i.xQueueReceive)
    xQueueReceiveFromISR                     0x08006cd9   Thumb Code   154  queue.o(i.xQueueReceiveFromISR)
    xQueueSemaphoreTake                      0x08006d75   Thumb Code   372  queue.o(i.xQueueSemaphoreTake)
    xTaskCheckForTimeOut                     0x08006eed   Thumb Code   112  tasks.o(i.xTaskCheckForTimeOut)
    xTaskCreate                              0x08006f61   Thumb Code    90  tasks.o(i.xTaskCreate)
    xTaskCreateStatic                        0x08006fbb   Thumb Code    86  tasks.o(i.xTaskCreateStatic)
    xTaskGetSchedulerState                   0x08007011   Thumb Code    22  tasks.o(i.xTaskGetSchedulerState)
    xTaskGetTickCount                        0x0800702d   Thumb Code     6  tasks.o(i.xTaskGetTickCount)
    xTaskIncrementTick                       0x08007039   Thumb Code   192  tasks.o(i.xTaskIncrementTick)
    xTaskPriorityDisinherit                  0x08007101   Thumb Code   118  tasks.o(i.xTaskPriorityDisinherit)
    xTaskPriorityInherit                     0x08007181   Thumb Code   112  tasks.o(i.xTaskPriorityInherit)
    xTaskRemoveFromEventList                 0x080071f9   Thumb Code    98  tasks.o(i.xTaskRemoveFromEventList)
    xTaskResumeAll                           0x08007269   Thumb Code   182  tasks.o(i.xTaskResumeAll)
    xTimerCreateTimerTask                    0x0800732d   Thumb Code    78  timers.o(i.xTimerCreateTimerTask)
    xTimerGenericCommand                     0x0800738d   Thumb Code    98  timers.o(i.xTimerGenericCommand)
    view_variables_attributes                0x080073f4   Data          36  freertos.o(.constdata)
    SendAllPack_attributes                   0x08007418   Data          36  freertos.o(.constdata)
    Jy901p_Uart_attributes                   0x0800743c   Data          36  freertos.o(.constdata)
    Move_Control_attributes                  0x08007460   Data          36  freertos.o(.constdata)
    ath20_bmp280_attributes                  0x08007484   Data          36  freertos.o(.constdata)
    wave_distance_trigger_attributes         0x080074a8   Data          36  freertos.o(.constdata)
    wave_distance_handle_attributes          0x080074cc   Data          36  freertos.o(.constdata)
    defaultTask_attributes                   0x080074f0   Data          36  freertos.o(.constdata)
    Cycle_led_attributes                     0x08007514   Data          36  freertos.o(.constdata)
    AHBPrescTable                            0x08007540   Data          16  system_stm32f4xx.o(.constdata)
    APBPrescTable                            0x08007550   Data           8  system_stm32f4xx.o(.constdata)
    Region$$Table$$Base                      0x080075e8   Number         0  anon$$obj.o(Region$$Table)
    Region$$Table$$Limit                     0x08007608   Number         0  anon$$obj.o(Region$$Table)
    view_variables_TaskHandle                0x20000000   Data           4  freertos.o(.data)
    SendAllPack_TaskHandle                   0x20000004   Data           4  freertos.o(.data)
    Jy901p_Uart_TaskHandle                   0x20000008   Data           4  freertos.o(.data)
    Move_Control_TaskHandle                  0x2000000c   Data           4  freertos.o(.data)
    Ath20_Bmp280_TaskHandle                  0x20000010   Data           4  freertos.o(.data)
    Wave_Distance_Trigger_TaskHandle         0x20000014   Data           4  freertos.o(.data)
    defaultTaskHandle                        0x20000018   Data           4  freertos.o(.data)
    Cycle_ledHandle                          0x2000001c   Data           4  freertos.o(.data)
    uwTickFreq                               0x20000020   Data           1  stm32f4xx_hal.o(.data)
    uwTickPrio                               0x20000024   Data           4  stm32f4xx_hal.o(.data)
    uwTick                                   0x20000028   Data           4  stm32f4xx_hal.o(.data)
    SystemCoreClock                          0x2000002c   Data           4  system_stm32f4xx.o(.data)
    uart_rx_queue                            0x20000030   Data           4  chat_with_upper.o(.data)
    c                                        0x20000034   Data           1  distance_measure.o(.data)
    muart2_cnt                               0x20000035   Data           1  distance_measure.o(.data)
    muart3_cnt                               0x20000036   Data           1  distance_measure.o(.data)
    muart_2                                  0x20000037   Data           1  distance_measure.o(.data)
    muart_3                                  0x20000038   Data           1  distance_measure.o(.data)
    muart2_rx_buf                            0x20000039   Data           5  distance_measure.o(.data)
    muart3_rx_buf                            0x2000003e   Data           5  distance_measure.o(.data)
    wave_distance                            0x20000044   Data           8  distance_measure.o(.data)
    go_forward                               0x2000004c   Data           2  move_control.o(.data)
    go_left                                  0x2000004e   Data           2  move_control.o(.data)
    go_up                                    0x20000050   Data           2  move_control.o(.data)
    move_yaw                                 0x20000052   Data           2  move_control.o(.data)
    move_pitch                               0x20000054   Data           2  move_control.o(.data)
    move_roll                                0x20000056   Data           2  move_control.o(.data)
    xTimer11Semaphore                        0x20000058   Data           4  move_control.o(.data)
    xTimer14Semaphore                        0x2000005c   Data           4  move_control.o(.data)
    roll_target                              0x20000060   Data           4  move_control.o(.data)
    pitch_target                             0x20000064   Data           4  move_control.o(.data)
    yaw_target                               0x20000068   Data           4  move_control.o(.data)
    switch_send_flag                         0x2000006c   Data           1  transmit_power_board.o(.data)
    temperature_power_board                  0x20000070   Data           4  transmit_power_board.o(.data)
    RH_power_board                           0x20000074   Data           4  transmit_power_board.o(.data)
    uart5_parse_queue                        0x20000078   Data           4  transmit_power_board.o(.data)
    electronic_switch                        0x2000007c   Data           8  transmit_power_board.o(.data)
    yaw_flag                                 0x20000084   Data           1  jy901p_uart.o(.data)
    start_set                                0x20000085   Data           1  jy901p_uart.o(.data)
    version                                  0x20000086   Data           2  jy901p_uart.o(.data)
    accx                                     0x20000088   Data           4  jy901p_uart.o(.data)
    accy                                     0x2000008c   Data           4  jy901p_uart.o(.data)
    accz                                     0x20000090   Data           4  jy901p_uart.o(.data)
    angx                                     0x20000094   Data           4  jy901p_uart.o(.data)
    angy                                     0x20000098   Data           4  jy901p_uart.o(.data)
    angz                                     0x2000009c   Data           4  jy901p_uart.o(.data)
    magx                                     0x200000a0   Data           4  jy901p_uart.o(.data)
    magy                                     0x200000a4   Data           4  jy901p_uart.o(.data)
    magz                                     0x200000a8   Data           4  jy901p_uart.o(.data)
    roll                                     0x200000ac   Data           4  jy901p_uart.o(.data)
    pitch                                    0x200000b0   Data           4  jy901p_uart.o(.data)
    yaw                                      0x200000b4   Data           4  jy901p_uart.o(.data)
    temperature_jy901p                       0x200000b8   Data           4  jy901p_uart.o(.data)
    roll_last                                0x200000bc   Data           4  jy901p_uart.o(.data)
    pitch_last                               0x200000c0   Data           4  jy901p_uart.o(.data)
    yaw_last                                 0x200000c4   Data           4  jy901p_uart.o(.data)
    roll_total                               0x200000c8   Data           4  jy901p_uart.o(.data)
    pitch_total                              0x200000cc   Data           4  jy901p_uart.o(.data)
    yaw_total                                0x200000d0   Data           4  jy901p_uart.o(.data)
    yaw_total_start                          0x200000d4   Data           4  jy901p_uart.o(.data)
    roll_start                               0x200000d8   Data           4  jy901p_uart.o(.data)
    pitch_start                              0x200000dc   Data           4  jy901p_uart.o(.data)
    yaw_start                                0x200000e0   Data           4  jy901p_uart.o(.data)
    turns_of_pitch                           0x200000e4   Data           4  jy901p_uart.o(.data)
    turns_of_roll                            0x200000e8   Data           4  jy901p_uart.o(.data)
    turns_of_yaw                             0x200000ec   Data           4  jy901p_uart.o(.data)
    jy901Queue                               0x200000f0   Data           4  jy901p_uart.o(.data)
    bmp280_temperature                       0x200000f4   Data           4  ath20_bmp280.o(.data)
    bmp280_pressure                          0x200000f8   Data           4  ath20_bmp280.o(.data)
    ath20_humidity                           0x200000fc   Data           4  ath20_bmp280.o(.data)
    ath20_temperature                        0x20000100   Data           4  ath20_bmp280.o(.data)
    xTimer10Semaphore                        0x2000013c   Data           4  move_drv.o(.data)
    actual_roll                              0x20000140   Data           4  move_drv.o(.data)
    actual_pitch                             0x20000144   Data           4  move_drv.o(.data)
    actual_yaw                               0x20000148   Data           4  move_drv.o(.data)
    ms5837_temperature                       0x2000014c   Data           4  ms5837_uart.o(.data)
    ms5837_depth                             0x20000150   Data           4  ms5837_uart.o(.data)
    ms5837_pressure                          0x20000154   Data           4  ms5837_uart.o(.data)
    pxCurrentTCB                             0x2000015c   Data           4  tasks.o(.data)
    hi2c2                                    0x200001dc   Data          84  i2c.o(.bss)
    htim1                                    0x20000230   Data          72  tim.o(.bss)
    htim2                                    0x20000278   Data          72  tim.o(.bss)
    htim3                                    0x200002c0   Data          72  tim.o(.bss)
    htim4                                    0x20000308   Data          72  tim.o(.bss)
    htim10                                   0x20000350   Data          72  tim.o(.bss)
    htim11                                   0x20000398   Data          72  tim.o(.bss)
    htim14                                   0x200003e0   Data          72  tim.o(.bss)
    huart4                                   0x20000428   Data          72  usart.o(.bss)
    huart5                                   0x20000470   Data          72  usart.o(.bss)
    huart1                                   0x200004b8   Data          72  usart.o(.bss)
    huart2                                   0x20000500   Data          72  usart.o(.bss)
    huart3                                   0x20000548   Data          72  usart.o(.bss)
    huart6                                   0x20000590   Data          72  usart.o(.bss)
    hdma_uart5_rx                            0x200005d8   Data          96  usart.o(.bss)
    hdma_uart5_tx                            0x20000638   Data          96  usart.o(.bss)
    hdma_usart1_rx                           0x20000698   Data          96  usart.o(.bss)
    hdma_usart1_tx                           0x200006f8   Data          96  usart.o(.bss)
    hdma_usart2_rx                           0x20000758   Data          96  usart.o(.bss)
    hdma_usart2_tx                           0x200007b8   Data          96  usart.o(.bss)
    hdma_usart3_rx                           0x20000818   Data          96  usart.o(.bss)
    hdma_usart3_tx                           0x20000878   Data          96  usart.o(.bss)
    hdma_usart6_rx                           0x200008d8   Data          96  usart.o(.bss)
    hdma_usart6_tx                           0x20000938   Data          96  usart.o(.bss)
    htim6                                    0x20000998   Data          72  stm32f4xx_hal_timebase_tim.o(.bss)
    parse_rx_buf                             0x200009e0   Data         256  chat_with_upper.o(.bss)
    current_adc_data                         0x20000ae0   Data          18  transmit_power_board.o(.bss)
    Tx_buffer_5                              0x20000af2   Data          25  transmit_power_board.o(.bss)
    uart5_buf                                0x20000b27   Data         256  transmit_power_board.o(.bss)
    jy901_rx_buffer                          0x20000c27   Data          64  jy901p_uart.o(.bss)
    move_err                                 0x20000cbc   Data          24  move_drv.o(.bss)
    depth_PID                                0x20000cd4   Data          28  move_drv.o(.bss)
    roll_pid                                 0x20000cf0   Data          28  move_drv.o(.bss)
    pitch_pid                                0x20000d0c   Data          28  move_drv.o(.bss)
    yaw_pid                                  0x20000d28   Data          28  move_drv.o(.bss)
    motor_set_data                           0x20000d44   Data          16  move_drv.o(.bss)
    xQueueRegistry                           0x20000ea4   Data          64  queue.o(.bss)
    __initial_sp                             0x20005b78   Data           0  startup_stm32f407xx.o(STACK)



==============================================================================

Memory Map of the image

  Image Entry point : 0x08000189

  Load Region LR_IROM1 (Base: 0x08000000, Size: 0x000077e4, Max: 0x00080000, ABSOLUTE, COMPRESSED[0x00007618])

    Execution Region ER_IROM1 (Exec base: 0x08000000, Load base: 0x08000000, Size: 0x00007608, Max: 0x00080000, ABSOLUTE)

    Exec Addr    Load Addr    Size         Type   Attr      Idx    E Section Name        Object

    0x08000000   0x08000000   0x00000188   Data   RO            3    RESET               startup_stm32f407xx.o
    0x08000188   0x08000188   0x00000000   Code   RO         6410  * .ARM.Collect$$$$00000000  mc_w.l(entry.o)
    0x08000188   0x08000188   0x00000004   Code   RO         6691    .ARM.Collect$$$$00000001  mc_w.l(entry2.o)
    0x0800018c   0x0800018c   0x00000004   Code   RO         6694    .ARM.Collect$$$$00000004  mc_w.l(entry5.o)
    0x08000190   0x08000190   0x00000000   Code   RO         6696    .ARM.Collect$$$$00000008  mc_w.l(entry7b.o)
    0x08000190   0x08000190   0x00000000   Code   RO         6698    .ARM.Collect$$$$0000000A  mc_w.l(entry8b.o)
    0x08000190   0x08000190   0x00000008   Code   RO         6699    .ARM.Collect$$$$0000000B  mc_w.l(entry9a.o)
    0x08000198   0x08000198   0x00000004   Code   RO         6706    .ARM.Collect$$$$0000000E  mc_w.l(entry12b.o)
    0x0800019c   0x0800019c   0x00000000   Code   RO         6701    .ARM.Collect$$$$0000000F  mc_w.l(entry10a.o)
    0x0800019c   0x0800019c   0x00000000   Code   RO         6703    .ARM.Collect$$$$00000011  mc_w.l(entry11a.o)
    0x0800019c   0x0800019c   0x00000004   Code   RO         6692    .ARM.Collect$$$$00002712  mc_w.l(entry2.o)
    0x080001a0   0x080001a0   0x000000be   Code   RO         6333    .emb_text           port.o
    0x0800025e   0x0800025e   0x00000002   PAD
    0x08000260   0x08000260   0x00000024   Code   RO            4    .text               startup_stm32f407xx.o
    0x08000284   0x08000284   0x00000062   Code   RO         6413    .text               mc_w.l(uldiv.o)
    0x080002e6   0x080002e6   0x00000062   Code   RO         6415    .text               mc_w.l(ldiv.o)
    0x08000348   0x08000348   0x00000024   Code   RO         6417    .text               mc_w.l(memcpya.o)
    0x0800036c   0x0800036c   0x00000024   Code   RO         6421    .text               mc_w.l(memseta.o)
    0x08000390   0x08000390   0x00000026   Code   RO         6687    .text               mf_w.l(f2d.o)
    0x080003b6   0x080003b6   0x00000038   Code   RO         6689    .text               mf_w.l(d2f.o)
    0x080003ee   0x080003ee   0x0000001e   Code   RO         6710    .text               mc_w.l(llshl.o)
    0x0800040c   0x0800040c   0x00000020   Code   RO         6712    .text               mc_w.l(llushr.o)
    0x0800042c   0x0800042c   0x00000000   Code   RO         6714    .text               mc_w.l(iusefp.o)
    0x0800042c   0x0800042c   0x0000006e   Code   RO         6715    .text               mf_w.l(fepilogue.o)
    0x0800049a   0x0800049a   0x00000002   PAD
    0x0800049c   0x0800049c   0x00000024   Code   RO         6727    .text               mc_w.l(init.o)
    0x080004c0   0x080004c0   0x00000056   Code   RO         6741    .text               mc_w.l(__dczerorl2.o)
    0x08000516   0x08000516   0x00000002   PAD
    0x08000518   0x08000518   0x00000078   Code   RO         4320    i.ATH20_Read        ath20_bmp280.o
    0x08000590   0x08000590   0x00000044   Code   RO         4321    i.ATH20_ReadCmd     ath20_bmp280.o
    0x080005d4   0x080005d4   0x00000148   Code   RO         4322    i.BMP280_Compensate_P  ath20_bmp280.o
    0x0800071c   0x0800071c   0x000000e0   Code   RO         4323    i.BMP280_Read       ath20_bmp280.o
    0x080007fc   0x080007fc   0x00000002   Code   RO          697    i.BusFault_Handler  stm32f4xx_it.o
    0x080007fe   0x080007fe   0x00000002   PAD
    0x08000800   0x08000800   0x0000001c   Code   RO          247    i.Cycle_led_Task    freertos.o
    0x0800081c   0x0800081c   0x0000000c   Code   RO          698    i.DMA1_Stream0_IRQHandler  stm32f4xx_it.o
    0x08000828   0x08000828   0x0000000c   Code   RO          699    i.DMA1_Stream1_IRQHandler  stm32f4xx_it.o
    0x08000834   0x08000834   0x0000000c   Code   RO          700    i.DMA1_Stream3_IRQHandler  stm32f4xx_it.o
    0x08000840   0x08000840   0x0000000c   Code   RO          701    i.DMA1_Stream5_IRQHandler  stm32f4xx_it.o
    0x0800084c   0x0800084c   0x0000000c   Code   RO          702    i.DMA1_Stream6_IRQHandler  stm32f4xx_it.o
    0x08000858   0x08000858   0x0000000c   Code   RO          703    i.DMA1_Stream7_IRQHandler  stm32f4xx_it.o
    0x08000864   0x08000864   0x0000000c   Code   RO          704    i.DMA2_Stream1_IRQHandler  stm32f4xx_it.o
    0x08000870   0x08000870   0x0000000c   Code   RO          705    i.DMA2_Stream2_IRQHandler  stm32f4xx_it.o
    0x0800087c   0x0800087c   0x0000000c   Code   RO          706    i.DMA2_Stream6_IRQHandler  stm32f4xx_it.o
    0x08000888   0x08000888   0x0000000c   Code   RO          707    i.DMA2_Stream7_IRQHandler  stm32f4xx_it.o
    0x08000894   0x08000894   0x00000028   Code   RO         2379    i.DMA_CalcBaseAndBitshift  stm32f4xx_hal_dma.o
    0x080008bc   0x080008bc   0x00000054   Code   RO         2380    i.DMA_CheckFifoParam  stm32f4xx_hal_dma.o
    0x08000910   0x08000910   0x00000028   Code   RO         2381    i.DMA_SetConfig     stm32f4xx_hal_dma.o
    0x08000938   0x08000938   0x00000002   Code   RO          708    i.DebugMon_Handler  stm32f4xx_it.o
    0x0800093a   0x0800093a   0x00000004   Code   RO           13    i.Error_Handler     main.o
    0x0800093e   0x0800093e   0x00000092   Code   RO         2382    i.HAL_DMA_Abort     stm32f4xx_hal_dma.o
    0x080009d0   0x080009d0   0x00000024   Code   RO         2383    i.HAL_DMA_Abort_IT  stm32f4xx_hal_dma.o
    0x080009f4   0x080009f4   0x000001a0   Code   RO         2387    i.HAL_DMA_IRQHandler  stm32f4xx_hal_dma.o
    0x08000b94   0x08000b94   0x000000d4   Code   RO         2388    i.HAL_DMA_Init      stm32f4xx_hal_dma.o
    0x08000c68   0x08000c68   0x0000006e   Code   RO         2392    i.HAL_DMA_Start_IT  stm32f4xx_hal_dma.o
    0x08000cd6   0x08000cd6   0x00000002   PAD
    0x08000cd8   0x08000cd8   0x00000024   Code   RO         2819    i.HAL_Delay         stm32f4xx_hal.o
    0x08000cfc   0x08000cfc   0x000001f0   Code   RO         2275    i.HAL_GPIO_Init     stm32f4xx_hal_gpio.o
    0x08000eec   0x08000eec   0x0000000a   Code   RO         2277    i.HAL_GPIO_ReadPin  stm32f4xx_hal_gpio.o
    0x08000ef6   0x08000ef6   0x00000010   Code   RO         2278    i.HAL_GPIO_TogglePin  stm32f4xx_hal_gpio.o
    0x08000f06   0x08000f06   0x0000000a   Code   RO         2279    i.HAL_GPIO_WritePin  stm32f4xx_hal_gpio.o
    0x08000f10   0x08000f10   0x0000000c   Code   RO         2825    i.HAL_GetTick       stm32f4xx_hal.o
    0x08000f1c   0x08000f1c   0x00000188   Code   RO         3081    i.HAL_I2C_Init      stm32f4xx_hal_i2c.o
    0x080010a4   0x080010a4   0x000001f0   Code   RO         3087    i.HAL_I2C_Master_Receive  stm32f4xx_hal_i2c.o
    0x08001294   0x08001294   0x0000012c   Code   RO         3094    i.HAL_I2C_Master_Transmit  stm32f4xx_hal_i2c.o
    0x080013c0   0x080013c0   0x00000204   Code   RO         3099    i.HAL_I2C_Mem_Read  stm32f4xx_hal_i2c.o
    0x080015c4   0x080015c4   0x00000130   Code   RO         3102    i.HAL_I2C_Mem_Write  stm32f4xx_hal_i2c.o
    0x080016f4   0x080016f4   0x0000006c   Code   RO          500    i.HAL_I2C_MspInit   i2c.o
    0x08001760   0x08001760   0x00000010   Code   RO         2831    i.HAL_IncTick       stm32f4xx_hal.o
    0x08001770   0x08001770   0x00000034   Code   RO         2832    i.HAL_Init          stm32f4xx_hal.o
    0x080017a4   0x080017a4   0x00000098   Code   RO          908    i.HAL_InitTick      stm32f4xx_hal_timebase_tim.o
    0x0800183c   0x0800183c   0x00000038   Code   RO          884    i.HAL_MspInit       stm32f4xx_hal_msp.o
    0x08001874   0x08001874   0x0000001a   Code   RO         2667    i.HAL_NVIC_EnableIRQ  stm32f4xx_hal_cortex.o
    0x0800188e   0x0800188e   0x00000002   PAD
    0x08001890   0x08001890   0x00000040   Code   RO         2673    i.HAL_NVIC_SetPriority  stm32f4xx_hal_cortex.o
    0x080018d0   0x080018d0   0x00000024   Code   RO         2674    i.HAL_NVIC_SetPriorityGrouping  stm32f4xx_hal_cortex.o
    0x080018f4   0x080018f4   0x00000134   Code   RO         1921    i.HAL_RCC_ClockConfig  stm32f4xx_hal_rcc.o
    0x08001a28   0x08001a28   0x00000040   Code   RO         1925    i.HAL_RCC_GetClockConfig  stm32f4xx_hal_rcc.o
    0x08001a68   0x08001a68   0x00000020   Code   RO         1928    i.HAL_RCC_GetPCLK1Freq  stm32f4xx_hal_rcc.o
    0x08001a88   0x08001a88   0x00000020   Code   RO         1929    i.HAL_RCC_GetPCLK2Freq  stm32f4xx_hal_rcc.o
    0x08001aa8   0x08001aa8   0x00000064   Code   RO         1930    i.HAL_RCC_GetSysClockFreq  stm32f4xx_hal_rcc.o
    0x08001b0c   0x08001b0c   0x0000036c   Code   RO         1933    i.HAL_RCC_OscConfig  stm32f4xx_hal_rcc.o
    0x08001e78   0x08001e78   0x00000002   Code   RO         1653    i.HAL_TIMEx_BreakCallback  stm32f4xx_hal_tim_ex.o
    0x08001e7a   0x08001e7a   0x00000002   Code   RO         1654    i.HAL_TIMEx_CommutCallback  stm32f4xx_hal_tim_ex.o
    0x08001e7c   0x08001e7c   0x00000054   Code   RO         1656    i.HAL_TIMEx_ConfigBreakDeadTime  stm32f4xx_hal_tim_ex.o
    0x08001ed0   0x08001ed0   0x00000090   Code   RO         1672    i.HAL_TIMEx_MasterConfigSynchronization  stm32f4xx_hal_tim_ex.o
    0x08001f60   0x08001f60   0x0000005a   Code   RO          949    i.HAL_TIM_Base_Init  stm32f4xx_hal_tim.o
    0x08001fba   0x08001fba   0x00000002   PAD
    0x08001fbc   0x08001fbc   0x00000104   Code   RO          542    i.HAL_TIM_Base_MspInit  tim.o
    0x080020c0   0x080020c0   0x00000080   Code   RO          954    i.HAL_TIM_Base_Start_IT  stm32f4xx_hal_tim.o
    0x08002140   0x08002140   0x000000dc   Code   RO          958    i.HAL_TIM_ConfigClockSource  stm32f4xx_hal_tim.o
    0x0800221c   0x0800221c   0x00000002   Code   RO          983    i.HAL_TIM_IC_CaptureCallback  stm32f4xx_hal_tim.o
    0x0800221e   0x0800221e   0x00000130   Code   RO          997    i.HAL_TIM_IRQHandler  stm32f4xx_hal_tim.o
    0x0800234e   0x0800234e   0x00000002   PAD
    0x08002350   0x08002350   0x000000f0   Code   RO          543    i.HAL_TIM_MspPostInit  tim.o
    0x08002440   0x08002440   0x00000052   Code   RO          998    i.HAL_TIM_OC_ConfigChannel  stm32f4xx_hal_tim.o
    0x08002492   0x08002492   0x00000002   Code   RO         1000    i.HAL_TIM_OC_DelayElapsedCallback  stm32f4xx_hal_tim.o
    0x08002494   0x08002494   0x0000005a   Code   RO         1002    i.HAL_TIM_OC_Init   stm32f4xx_hal_tim.o
    0x080024ee   0x080024ee   0x00000002   Code   RO         1004    i.HAL_TIM_OC_MspInit  stm32f4xx_hal_tim.o
    0x080024f0   0x080024f0   0x000000cc   Code   RO         1021    i.HAL_TIM_PWM_ConfigChannel  stm32f4xx_hal_tim.o
    0x080025bc   0x080025bc   0x0000005a   Code   RO         1024    i.HAL_TIM_PWM_Init  stm32f4xx_hal_tim.o
    0x08002616   0x08002616   0x00000002   Code   RO         1026    i.HAL_TIM_PWM_MspInit  stm32f4xx_hal_tim.o
    0x08002618   0x08002618   0x00000002   Code   RO         1027    i.HAL_TIM_PWM_PulseFinishedCallback  stm32f4xx_hal_tim.o
    0x0800261a   0x0800261a   0x00000002   PAD
    0x0800261c   0x0800261c   0x000000c8   Code   RO         1029    i.HAL_TIM_PWM_Start  stm32f4xx_hal_tim.o
    0x080026e4   0x080026e4   0x00000074   Code   RO           14    i.HAL_TIM_PeriodElapsedCallback  main.o
    0x08002758   0x08002758   0x00000002   Code   RO         1040    i.HAL_TIM_TriggerCallback  stm32f4xx_hal_tim.o
    0x0800275a   0x0800275a   0x00000002   Code   RO         3537    i.HAL_UARTEx_RxEventCallback  stm32f4xx_hal_uart.o
    0x0800275c   0x0800275c   0x00000070   Code   RO         3549    i.HAL_UART_DMAStop  stm32f4xx_hal_uart.o
    0x080027cc   0x080027cc   0x00000002   Code   RO         3551    i.HAL_UART_ErrorCallback  stm32f4xx_hal_uart.o
    0x080027ce   0x080027ce   0x00000002   PAD
    0x080027d0   0x080027d0   0x00000280   Code   RO         3554    i.HAL_UART_IRQHandler  stm32f4xx_hal_uart.o
    0x08002a50   0x08002a50   0x00000064   Code   RO         3555    i.HAL_UART_Init     stm32f4xx_hal_uart.o
    0x08002ab4   0x08002ab4   0x00000430   Code   RO          626    i.HAL_UART_MspInit  usart.o
    0x08002ee4   0x08002ee4   0x0000001c   Code   RO         3559    i.HAL_UART_Receive_DMA  stm32f4xx_hal_uart.o
    0x08002f00   0x08002f00   0x00000002   Code   RO         3561    i.HAL_UART_RxCpltCallback  stm32f4xx_hal_uart.o
    0x08002f02   0x08002f02   0x00000002   Code   RO         3562    i.HAL_UART_RxHalfCpltCallback  stm32f4xx_hal_uart.o
    0x08002f04   0x08002f04   0x000000a0   Code   RO         3563    i.HAL_UART_Transmit  stm32f4xx_hal_uart.o
    0x08002fa4   0x08002fa4   0x00000084   Code   RO         3564    i.HAL_UART_Transmit_DMA  stm32f4xx_hal_uart.o
    0x08003028   0x08003028   0x00000018   Code   RO         4383    i.HAL_UART_TxCpltCallback  func_uart.o
    0x08003040   0x08003040   0x00000002   Code   RO         3567    i.HAL_UART_TxHalfCpltCallback  stm32f4xx_hal_uart.o
    0x08003042   0x08003042   0x00000002   PAD
    0x08003044   0x08003044   0x000000ac   Code   RO         4020    i.Handle_Muart_Task  distance_measure.o
    0x080030f0   0x080030f0   0x00000002   Code   RO          709    i.HardFault_Handler  stm32f4xx_it.o
    0x080030f2   0x080030f2   0x0000002e   Code   RO         3124    i.I2C_IsAcknowledgeFailed  stm32f4xx_hal_i2c.o
    0x08003120   0x08003120   0x000000ec   Code   RO         3127    i.I2C_MasterRequestRead  stm32f4xx_hal_i2c.o
    0x0800320c   0x0800320c   0x0000009c   Code   RO         3128    i.I2C_MasterRequestWrite  stm32f4xx_hal_i2c.o
    0x080032a8   0x080032a8   0x000000fc   Code   RO         3134    i.I2C_RequestMemoryRead  stm32f4xx_hal_i2c.o
    0x080033a4   0x080033a4   0x000000a8   Code   RO         3135    i.I2C_RequestMemoryWrite  stm32f4xx_hal_i2c.o
    0x0800344c   0x0800344c   0x00000056   Code   RO         3139    i.I2C_WaitOnBTFFlagUntilTimeout  stm32f4xx_hal_i2c.o
    0x080034a2   0x080034a2   0x00000002   PAD
    0x080034a4   0x080034a4   0x00000090   Code   RO         3140    i.I2C_WaitOnFlagUntilTimeout  stm32f4xx_hal_i2c.o
    0x08003534   0x08003534   0x000000bc   Code   RO         3141    i.I2C_WaitOnMasterAddressFlagUntilTimeout  stm32f4xx_hal_i2c.o
    0x080035f0   0x080035f0   0x00000070   Code   RO         3142    i.I2C_WaitOnRXNEFlagUntilTimeout  stm32f4xx_hal_i2c.o
    0x08003660   0x08003660   0x00000056   Code   RO         3143    i.I2C_WaitOnTXEFlagUntilTimeout  stm32f4xx_hal_i2c.o
    0x080036b6   0x080036b6   0x00000002   PAD
    0x080036b8   0x080036b8   0x000002e8   Code   RO         4273    i.JY901_ParseData   jy901p_uart.o
    0x080039a0   0x080039a0   0x00000028   Code   RO         4274    i.JY901_ProcessTask  jy901p_uart.o
    0x080039c8   0x080039c8   0x0000003c   Code   RO         4275    i.JY901_UART_Init   jy901p_uart.o
    0x08003a04   0x08003a04   0x000000cc   Code   RO          475    i.MX_DMA_Init       dma.o
    0x08003ad0   0x08003ad0   0x000000c0   Code   RO          248    i.MX_FREERTOS_Init  freertos.o
    0x08003b90   0x08003b90   0x0000014c   Code   RO          223    i.MX_GPIO_Init      gpio.o
    0x08003cdc   0x08003cdc   0x00000040   Code   RO          501    i.MX_I2C2_Init      i2c.o
    0x08003d1c   0x08003d1c   0x00000038   Code   RO          544    i.MX_TIM10_Init     tim.o
    0x08003d54   0x08003d54   0x00000038   Code   RO          545    i.MX_TIM11_Init     tim.o
    0x08003d8c   0x08003d8c   0x00000038   Code   RO          546    i.MX_TIM14_Init     tim.o
    0x08003dc4   0x08003dc4   0x000000fc   Code   RO          547    i.MX_TIM1_Init      tim.o
    0x08003ec0   0x08003ec0   0x000000cc   Code   RO          548    i.MX_TIM2_Init      tim.o
    0x08003f8c   0x08003f8c   0x000000d0   Code   RO          549    i.MX_TIM3_Init      tim.o
    0x0800405c   0x0800405c   0x00000094   Code   RO          550    i.MX_TIM4_Init      tim.o
    0x080040f0   0x080040f0   0x00000038   Code   RO          627    i.MX_UART4_Init     usart.o
    0x08004128   0x08004128   0x00000038   Code   RO          628    i.MX_UART5_Init     usart.o
    0x08004160   0x08004160   0x00000038   Code   RO          629    i.MX_USART1_UART_Init  usart.o
    0x08004198   0x08004198   0x00000038   Code   RO          630    i.MX_USART2_UART_Init  usart.o
    0x080041d0   0x080041d0   0x00000038   Code   RO          631    i.MX_USART3_UART_Init  usart.o
    0x08004208   0x08004208   0x00000038   Code   RO          632    i.MX_USART6_UART_Init  usart.o
    0x08004240   0x08004240   0x00000002   Code   RO          710    i.MemManage_Handler  stm32f4xx_it.o
    0x08004242   0x08004242   0x00000002   PAD
    0x08004244   0x08004244   0x000000cc   Code   RO         4460    i.Move_basic_Init   move_drv.o
    0x08004310   0x08004310   0x0000017c   Code   RO         4612    i.My_TIM4_IRQHandler  software_uart.o
    0x0800448c   0x0800448c   0x00000002   Code   RO          711    i.NMI_Handler       stm32f4xx_it.o
    0x0800448e   0x0800448e   0x00000002   PAD
    0x08004490   0x08004490   0x00000020   Code   RO         4461    i.PID_Init          move_drv.o
    0x080044b0   0x080044b0   0x00000024   Code   RO         4546    i.Parser4_Init      ms5837_uart.o
    0x080044d4   0x080044d4   0x0000003c   Code   RO         3927    i.Parser_Init       chat_with_upper.o
    0x08004510   0x08004510   0x00000038   Code   RO         3928    i.SendAllPack_Task  chat_with_upper.o
    0x08004548   0x08004548   0x0000003c   Code   RO         4326    i.Sensors_Task      ath20_bmp280.o
    0x08004584   0x08004584   0x00000038   Code   RO         4614    i.SoftUART_ReceiveByte  software_uart.o
    0x080045bc   0x080045bc   0x00000008   Code   RO          249    i.StartDefaultTask  freertos.o
    0x080045c4   0x080045c4   0x0000001a   Code   RO         5764    i.SysTick_Handler   cmsis_os2.o
    0x080045de   0x080045de   0x00000002   PAD
    0x080045e0   0x080045e0   0x00000094   Code   RO           15    i.SystemClock_Config  main.o
    0x08004674   0x08004674   0x00000010   Code   RO         3889    i.SystemInit        system_stm32f4xx.o
    0x08004684   0x08004684   0x0000001c   Code   RO          712    i.TIM1_TRG_COM_TIM11_IRQHandler  stm32f4xx_it.o
    0x080046a0   0x080046a0   0x0000001c   Code   RO          713    i.TIM1_UP_TIM10_IRQHandler  stm32f4xx_it.o
    0x080046bc   0x080046bc   0x00000014   Code   RO          714    i.TIM4_IRQHandler   stm32f4xx_it.o
    0x080046d0   0x080046d0   0x0000000c   Code   RO          715    i.TIM6_DAC_IRQHandler  stm32f4xx_it.o
    0x080046dc   0x080046dc   0x000000d0   Code   RO         1042    i.TIM_Base_SetConfig  stm32f4xx_hal_tim.o
    0x080047ac   0x080047ac   0x0000001a   Code   RO         1043    i.TIM_CCxChannelCmd  stm32f4xx_hal_tim.o
    0x080047c6   0x080047c6   0x00000014   Code   RO         1053    i.TIM_ETR_SetConfig  stm32f4xx_hal_tim.o
    0x080047da   0x080047da   0x00000010   Code   RO         1054    i.TIM_ITRx_SetConfig  stm32f4xx_hal_tim.o
    0x080047ea   0x080047ea   0x00000002   PAD
    0x080047ec   0x080047ec   0x00000060   Code   RO         1055    i.TIM_OC1_SetConfig  stm32f4xx_hal_tim.o
    0x0800484c   0x0800484c   0x0000006c   Code   RO         1056    i.TIM_OC2_SetConfig  stm32f4xx_hal_tim.o
    0x080048b8   0x080048b8   0x00000068   Code   RO         1057    i.TIM_OC3_SetConfig  stm32f4xx_hal_tim.o
    0x08004920   0x08004920   0x00000050   Code   RO         1058    i.TIM_OC4_SetConfig  stm32f4xx_hal_tim.o
    0x08004970   0x08004970   0x00000022   Code   RO         1060    i.TIM_TI1_ConfigInputStage  stm32f4xx_hal_tim.o
    0x08004992   0x08004992   0x00000024   Code   RO         1062    i.TIM_TI2_ConfigInputStage  stm32f4xx_hal_tim.o
    0x080049b6   0x080049b6   0x00000002   PAD
    0x080049b8   0x080049b8   0x0000004c   Code   RO         4021    i.Trigger_Distance_Mearsure_Task  distance_measure.o
    0x08004a04   0x08004a04   0x00000084   Code   RO          716    i.UART5_IRQHandler  stm32f4xx_it.o
    0x08004a88   0x08004a88   0x0000000e   Code   RO         3568    i.UART_DMAAbortOnError  stm32f4xx_hal_uart.o
    0x08004a96   0x08004a96   0x0000004a   Code   RO         3569    i.UART_DMAError     stm32f4xx_hal_uart.o
    0x08004ae0   0x08004ae0   0x00000086   Code   RO         3570    i.UART_DMAReceiveCplt  stm32f4xx_hal_uart.o
    0x08004b66   0x08004b66   0x0000001e   Code   RO         3572    i.UART_DMARxHalfCplt  stm32f4xx_hal_uart.o
    0x08004b84   0x08004b84   0x00000042   Code   RO         3574    i.UART_DMATransmitCplt  stm32f4xx_hal_uart.o
    0x08004bc6   0x08004bc6   0x0000000a   Code   RO         3576    i.UART_DMATxHalfCplt  stm32f4xx_hal_uart.o
    0x08004bd0   0x08004bd0   0x0000004e   Code   RO         3578    i.UART_EndRxTransfer  stm32f4xx_hal_uart.o
    0x08004c1e   0x08004c1e   0x0000001c   Code   RO         3579    i.UART_EndTxTransfer  stm32f4xx_hal_uart.o
    0x08004c3a   0x08004c3a   0x000000c2   Code   RO         3580    i.UART_Receive_IT   stm32f4xx_hal_uart.o
    0x08004cfc   0x08004cfc   0x00000088   Code   RO         4385    i.UART_SendFloats_DMA  func_uart.o
    0x08004d84   0x08004d84   0x0000010c   Code   RO         3581    i.UART_SetConfig    stm32f4xx_hal_uart.o
    0x08004e90   0x08004e90   0x000000a0   Code   RO         3582    i.UART_Start_Receive_DMA  stm32f4xx_hal_uart.o
    0x08004f30   0x08004f30   0x00000072   Code   RO         3584    i.UART_WaitOnFlagUntilTimeout  stm32f4xx_hal_uart.o
    0x08004fa2   0x08004fa2   0x00000002   PAD
    0x08004fa4   0x08004fa4   0x0000000c   Code   RO          717    i.USART1_IRQHandler  stm32f4xx_it.o
    0x08004fb0   0x08004fb0   0x00000080   Code   RO          718    i.USART2_IRQHandler  stm32f4xx_it.o
    0x08005030   0x08005030   0x00000084   Code   RO          719    i.USART3_IRQHandler  stm32f4xx_it.o
    0x080050b4   0x080050b4   0x0000000c   Code   RO          720    i.USART6_IRQHandler  stm32f4xx_it.o
    0x080050c0   0x080050c0   0x00000002   Code   RO          721    i.UsageFault_Handler  stm32f4xx_it.o
    0x080050c2   0x080050c2   0x00000020   Code   RO         2680    i.__NVIC_SetPriority  stm32f4xx_hal_cortex.o
    0x080050e2   0x080050e2   0x0000000e   Code   RO         6735    i.__scatterload_copy  mc_w.l(handlers.o)
    0x080050f0   0x080050f0   0x00000002   Code   RO         6736    i.__scatterload_null  mc_w.l(handlers.o)
    0x080050f2   0x080050f2   0x0000000e   Code   RO         6737    i.__scatterload_zeroinit  mc_w.l(handlers.o)
    0x08005100   0x08005100   0x000001e0   Code   RO         3929    i.data_packup       chat_with_upper.o
    0x080052e0   0x080052e0   0x00000048   Code   RO         3931    i.float_pack        chat_with_upper.o
    0x08005328   0x08005328   0x00000080   Code   RO           16    i.main              main.o
    0x080053a8   0x080053a8   0x0000009c   Code   RO         4463    i.motor_basic_output  move_drv.o
    0x08005444   0x08005444   0x000000c4   Code   RO         4068    i.motor_init        move_control.o
    0x08005508   0x08005508   0x00000090   Code   RO         4464    i.motor_set         move_drv.o
    0x08005598   0x08005598   0x0000001a   Code   RO         5766    i.osDelay           cmsis_os2.o
    0x080055b2   0x080055b2   0x00000002   PAD
    0x080055b4   0x080055b4   0x00000024   Code   RO         5780    i.osKernelInitialize  cmsis_os2.o
    0x080055d8   0x080055d8   0x00000038   Code   RO         5783    i.osKernelStart     cmsis_os2.o
    0x08005610   0x08005610   0x0000008a   Code   RO         5825    i.osThreadNew       cmsis_os2.o
    0x0800569a   0x0800569a   0x00000002   PAD
    0x0800569c   0x0800569c   0x0000005c   Code   RO         5237    i.prvAddCurrentTaskToDelayedList  tasks.o
    0x080056f8   0x080056f8   0x000000d0   Code   RO         5238    i.prvAddNewTaskToReadyList  tasks.o
    0x080057c8   0x080057c8   0x00000058   Code   RO         5602    i.prvCheckForValidListAndQueue  timers.o
    0x08005820   0x08005820   0x00000026   Code   RO         4834    i.prvCopyDataFromQueue  queue.o
    0x08005846   0x08005846   0x0000006c   Code   RO         4835    i.prvCopyDataToQueue  queue.o
    0x080058b2   0x080058b2   0x00000034   Code   RO         5239    i.prvDeleteTCB      tasks.o
    0x080058e6   0x080058e6   0x00000002   PAD
    0x080058e8   0x080058e8   0x0000004c   Code   RO         6278    i.prvHeapInit       heap_4.o
    0x08005934   0x08005934   0x00000060   Code   RO         5240    i.prvIdleTask       tasks.o
    0x08005994   0x08005994   0x00000022   Code   RO         4837    i.prvInitialiseNewQueue  queue.o
    0x080059b6   0x080059b6   0x00000002   PAD
    0x080059b8   0x080059b8   0x000000b0   Code   RO         5241    i.prvInitialiseNewTask  tasks.o
    0x08005a68   0x08005a68   0x0000004c   Code   RO         6279    i.prvInsertBlockIntoFreeList  heap_4.o
    0x08005ab4   0x08005ab4   0x00000038   Code   RO         5604    i.prvInsertTimerInActiveList  timers.o
    0x08005aec   0x08005aec   0x0000001c   Code   RO         4838    i.prvIsQueueEmpty   queue.o
    0x08005b08   0x08005b08   0x000000fc   Code   RO         5605    i.prvProcessReceivedCommands  timers.o
    0x08005c04   0x08005c04   0x000000c0   Code   RO         5606    i.prvProcessTimerOrBlockTask  timers.o
    0x08005cc4   0x08005cc4   0x00000020   Code   RO         5243    i.prvResetNextTaskUnblockTime  tasks.o
    0x08005ce4   0x08005ce4   0x00000028   Code   RO         5607    i.prvSampleTimeNow  timers.o
    0x08005d0c   0x08005d0c   0x0000006c   Code   RO         5608    i.prvSwitchTimerLists  timers.o
    0x08005d78   0x08005d78   0x00000028   Code   RO         6334    i.prvTaskExitError  port.o
    0x08005da0   0x08005da0   0x00000024   Code   RO         5609    i.prvTimerTask      timers.o
    0x08005dc4   0x08005dc4   0x0000006a   Code   RO         4839    i.prvUnlockQueue    queue.o
    0x08005e2e   0x08005e2e   0x00000002   PAD
    0x08005e30   0x08005e30   0x000000dc   Code   RO         6280    i.pvPortMalloc      heap_4.o
    0x08005f0c   0x08005f0c   0x00000018   Code   RO         5246    i.pvTaskIncrementMutexHeldCount  tasks.o
    0x08005f24   0x08005f24   0x00000074   Code   RO         4467    i.pwm_init          move_drv.o
    0x08005f98   0x08005f98   0x00000048   Code   RO         4468    i.pwm_set           move_drv.o
    0x08005fe0   0x08005fe0   0x0000002c   Code   RO         6335    i.pxPortInitialiseStack  port.o
    0x0800600c   0x0800600c   0x0000016c   Code   RO         4469    i.upper_move_process  move_drv.o
    0x08006178   0x08006178   0x00000026   Code   RO         4794    i.uxListRemove      list.o
    0x0800619e   0x0800619e   0x00000002   PAD
    0x080061a0   0x080061a0   0x00000014   Code   RO         5837    i.vApplicationGetIdleTaskMemory  cmsis_os2.o
    0x080061b4   0x080061b4   0x00000018   Code   RO         5838    i.vApplicationGetTimerTaskMemory  cmsis_os2.o
    0x080061cc   0x080061cc   0x00000016   Code   RO         4795    i.vListInitialise   list.o
    0x080061e2   0x080061e2   0x00000006   Code   RO         4796    i.vListInitialiseItem  list.o
    0x080061e8   0x080061e8   0x00000030   Code   RO         4797    i.vListInsert       list.o
    0x08006218   0x08006218   0x00000018   Code   RO         4798    i.vListInsertEnd    list.o
    0x08006230   0x08006230   0x00000040   Code   RO         6337    i.vPortEnterCritical  port.o
    0x08006270   0x08006270   0x00000028   Code   RO         6338    i.vPortExitCritical  port.o
    0x08006298   0x08006298   0x00000064   Code   RO         6281    i.vPortFree         heap_4.o
    0x080062fc   0x080062fc   0x00000024   Code   RO         6339    i.vPortSetupTimerInterrupt  port.o
    0x08006320   0x08006320   0x00000054   Code   RO         6340    i.vPortValidateInterruptPriority  port.o
    0x08006374   0x08006374   0x00000028   Code   RO         4845    i.vQueueAddToRegistry  queue.o
    0x0800639c   0x0800639c   0x00000044   Code   RO         4849    i.vQueueWaitForMessageRestricted  queue.o
    0x080063e0   0x080063e0   0x0000004c   Code   RO         5256    i.vTaskDelay        tasks.o
    0x0800642c   0x0800642c   0x00000010   Code   RO         5261    i.vTaskInternalSetTimeOutState  tasks.o
    0x0800643c   0x0800643c   0x0000000c   Code   RO         5262    i.vTaskMissedYield  tasks.o
    0x08006448   0x08006448   0x00000030   Code   RO         5264    i.vTaskPlaceOnEventList  tasks.o
    0x08006478   0x08006478   0x00000038   Code   RO         5265    i.vTaskPlaceOnEventListRestricted  tasks.o
    0x080064b0   0x080064b0   0x00000090   Code   RO         5267    i.vTaskPriorityDisinheritAfterTimeout  tasks.o
    0x08006540   0x08006540   0x00000088   Code   RO         5273    i.vTaskStartScheduler  tasks.o
    0x080065c8   0x080065c8   0x00000010   Code   RO         5275    i.vTaskSuspendAll   tasks.o
    0x080065d8   0x080065d8   0x00000064   Code   RO         5276    i.vTaskSwitchContext  tasks.o
    0x0800663c   0x0800663c   0x00000058   Code   RO         4388    i.view_variables_Task  func_uart.o
    0x08006694   0x08006694   0x000000f4   Code   RO         6341    i.xPortStartScheduler  port.o
    0x08006788   0x08006788   0x0000002c   Code   RO         6342    i.xPortSysTickHandler  port.o
    0x080067b4   0x080067b4   0x00000042   Code   RO         4854    i.xQueueGenericCreate  queue.o
    0x080067f6   0x080067f6   0x00000066   Code   RO         4855    i.xQueueGenericCreateStatic  queue.o
    0x0800685c   0x0800685c   0x00000088   Code   RO         4856    i.xQueueGenericReset  queue.o
    0x080068e4   0x080068e4   0x00000160   Code   RO         4857    i.xQueueGenericSend  queue.o
    0x08006a44   0x08006a44   0x000000be   Code   RO         4858    i.xQueueGenericSendFromISR  queue.o
    0x08006b02   0x08006b02   0x0000009c   Code   RO         4861    i.xQueueGiveFromISR  queue.o
    0x08006b9e   0x08006b9e   0x00000002   PAD
    0x08006ba0   0x08006ba0   0x00000138   Code   RO         4867    i.xQueueReceive     queue.o
    0x08006cd8   0x08006cd8   0x0000009a   Code   RO         4868    i.xQueueReceiveFromISR  queue.o
    0x08006d72   0x08006d72   0x00000002   PAD
    0x08006d74   0x08006d74   0x00000178   Code   RO         4869    i.xQueueSemaphoreTake  queue.o
    0x08006eec   0x08006eec   0x00000074   Code   RO         5278    i.xTaskCheckForTimeOut  tasks.o
    0x08006f60   0x08006f60   0x0000005a   Code   RO         5279    i.xTaskCreate       tasks.o
    0x08006fba   0x08006fba   0x00000056   Code   RO         5280    i.xTaskCreateStatic  tasks.o
    0x08007010   0x08007010   0x0000001c   Code   RO         5284    i.xTaskGetSchedulerState  tasks.o
    0x0800702c   0x0800702c   0x0000000c   Code   RO         5285    i.xTaskGetTickCount  tasks.o
    0x08007038   0x08007038   0x000000c8   Code   RO         5287    i.xTaskIncrementTick  tasks.o
    0x08007100   0x08007100   0x00000080   Code   RO         5290    i.xTaskPriorityDisinherit  tasks.o
    0x08007180   0x08007180   0x00000078   Code   RO         5291    i.xTaskPriorityInherit  tasks.o
    0x080071f8   0x080071f8   0x00000070   Code   RO         5292    i.xTaskRemoveFromEventList  tasks.o
    0x08007268   0x08007268   0x000000c4   Code   RO         5293    i.xTaskResumeAll    tasks.o
    0x0800732c   0x0800732c   0x00000060   Code   RO         5618    i.xTimerCreateTimerTask  timers.o
    0x0800738c   0x0800738c   0x00000068   Code   RO         5619    i.xTimerGenericCommand  timers.o
    0x080073f4   0x080073f4   0x00000144   Data   RO          250    .constdata          freertos.o
    0x08007538   0x08007538   0x00000008   Data   RO         2394    .constdata          stm32f4xx_hal_dma.o
    0x08007540   0x08007540   0x00000010   Data   RO         3890    .constdata          system_stm32f4xx.o
    0x08007550   0x08007550   0x00000008   Data   RO         3891    .constdata          system_stm32f4xx.o
    0x08007558   0x08007558   0x00000090   Data   RO          253    .conststring        freertos.o
    0x080075e8   0x080075e8   0x00000020   Data   RO         6733    Region$$Table       anon$$obj.o


    Execution Region RW_IRAM1 (Exec base: 0x20000000, Load base: 0x08007608, Size: 0x00005b78, Max: 0x0001c000, ABSOLUTE, COMPRESSED[0x00000010])

    Exec Addr    Load Addr    Size         Type   Attr      Idx    E Section Name        Object

    0x20000000   COMPRESSED   0x00000020   Data   RW          256    .data               freertos.o
    0x20000020   COMPRESSED   0x0000000c   Data   RW         2839    .data               stm32f4xx_hal.o
    0x2000002c   COMPRESSED   0x00000004   Data   RW         3892    .data               system_stm32f4xx.o
    0x20000030   COMPRESSED   0x00000004   Data   RW         3936    .data               chat_with_upper.o
    0x20000034   COMPRESSED   0x00000018   Data   RW         4024    .data               distance_measure.o
    0x2000004c   COMPRESSED   0x00000020   Data   RW         4074    .data               move_control.o
    0x2000006c   COMPRESSED   0x00000018   Data   RW         4171    .data               transmit_power_board.o
    0x20000084   COMPRESSED   0x00000070   Data   RW         4277    .data               jy901p_uart.o
    0x200000f4   COMPRESSED   0x00000044   Data   RW         4327    .data               ath20_bmp280.o
    0x20000138   COMPRESSED   0x00000001   Data   RW         4390    .data               func_uart.o
    0x20000139   COMPRESSED   0x00000003   PAD
    0x2000013c   COMPRESSED   0x00000010   Data   RW         4471    .data               move_drv.o
    0x2000014c   COMPRESSED   0x00000008   Data   RW         4551    .data               ms5837_uart.o
    0x20000154   COMPRESSED   0x00000004   Data   RW         4552    .data               ms5837_uart.o
    0x20000158   COMPRESSED   0x00000001   Data   RW         4617    .data               software_uart.o
    0x20000159   COMPRESSED   0x00000003   PAD
    0x2000015c   COMPRESSED   0x0000003c   Data   RW         5296    .data               tasks.o
    0x20000198   COMPRESSED   0x00000014   Data   RW         5627    .data               timers.o
    0x200001ac   COMPRESSED   0x00000004   Data   RW         5840    .data               cmsis_os2.o
    0x200001b0   COMPRESSED   0x00000020   Data   RW         6287    .data               heap_4.o
    0x200001d0   COMPRESSED   0x0000000c   Data   RW         6343    .data               port.o
    0x200001dc        -       0x00000054   Zero   RW          502    .bss                i2c.o
    0x20000230        -       0x000001f8   Zero   RW          551    .bss                tim.o
    0x20000428        -       0x00000570   Zero   RW          633    .bss                usart.o
    0x20000998        -       0x00000048   Zero   RW          911    .bss                stm32f4xx_hal_timebase_tim.o
    0x200009e0        -       0x00000100   Zero   RW         3935    .bss                chat_with_upper.o
    0x20000ae0        -       0x00000147   Zero   RW         4168    .bss                transmit_power_board.o
    0x20000c27        -       0x00000040   Zero   RW         4276    .bss                jy901p_uart.o
    0x20000c67        -       0x00000054   Zero   RW         4389    .bss                func_uart.o
    0x20000cbb   COMPRESSED   0x00000001   PAD
    0x20000cbc        -       0x00000098   Zero   RW         4470    .bss                move_drv.o
    0x20000d54        -       0x00000080   Zero   RW         4549    .bss                ms5837_uart.o
    0x20000dd4        -       0x000000d0   Zero   RW         4616    .bss                software_uart.o
    0x20000ea4        -       0x00000040   Zero   RW         4871    .bss                queue.o
    0x20000ee4        -       0x000004c4   Zero   RW         5295    .bss                tasks.o
    0x200013a8        -       0x00000118   Zero   RW         5626    .bss                timers.o
    0x200014c0        -       0x000006b8   Zero   RW         5839    .bss                cmsis_os2.o
    0x20001b78        -       0x00003c00   Zero   RW         6286    .bss                heap_4.o
    0x20005778        -       0x00000400   Zero   RW            1    STACK               startup_stm32f407xx.o


    Execution Region RW_IRAM2 (Exec base: 0x2001c000, Load base: 0x08007618, Size: 0x00000000, Max: 0x00004000, ABSOLUTE)

    **** No section assigned to this execution region ****


==============================================================================

Image component sizes


      Code (inc. data)   RO Data    RW Data    ZI Data      Debug   Object Name

       800         60          0         68          0       4828   ath20_bmp280.o
       668         86          0          4        256       4209   chat_with_upper.o
       326         22          0          4       1720      62819   cmsis_os2.o
       248          8          0         24          0       2949   distance_measure.o
       204          4          0          0          0        926   dma.o
         0          0          0          0          0      19656   event_groups.o
       228         52        468         32          0     569877   freertos.o
       248         34          0          1         84       3674   func_uart.o
       332         26          0          0          0       1147   gpio.o
       472         24          0         32      15360       5027   heap_4.o
       172         28          0          0         84       1765   i2c.o
       844         52          0        112         64       5282   jy901p_uart.o
       138          0          0          0          0       3710   list.o
       396         44          0          0          0     715332   main.o
       196          8          0         32          0      11811   move_control.o
      1088        130          0         16        152       6561   move_drv.o
        36         10          0         12        128       1465   ms5837_uart.o
       786         82          0         12          0      11769   port.o
      2266         24          0          0         64      23563   queue.o
       436         26          0          1        208       2980   software_uart.o
        36          8        392          0       1024        856   startup_stm32f407xx.o
       116         18          0         12          0       8870   stm32f4xx_hal.o
       158         14          0          0          0      33170   stm32f4xx_hal_cortex.o
      1084         16          8          0          0       7546   stm32f4xx_hal_dma.o
       532         46          0          0          0       3608   stm32f4xx_hal_gpio.o
      3482         88          0          0          0      18233   stm32f4xx_hal_i2c.o
        56          4          0          0          0        910   stm32f4xx_hal_msp.o
      1412         86          0          0          0       6073   stm32f4xx_hal_rcc.o
      2148        136          0          0          0      19772   stm32f4xx_hal_tim.o
       232         28          0          0          0       3421   stm32f4xx_hal_tim_ex.o
       152         20          0          0         72       1547   stm32f4xx_hal_timebase_tim.o
      2352         40          0          0          0      18769   stm32f4xx_hal_uart.o
       636        154          0          0          0      18865   stm32f4xx_it.o
         0          0          0          0          0        456   stream_buffer.o
        16          4         24          4          0       1195   system_stm32f4xx.o
      2372        192          0         60       1220      30141   tasks.o
      1480        116          0          0        504       7192   tim.o
       972         80          0         20        280      22059   timers.o
         0          0          0         24        327       1611   transmit_power_board.o
      1408        112          0          0       1392       6315   usart.o

    ----------------------------------------------------------------------
     28578       1882        924        476      22940    1669959   Object Totals
         0          0         32          0          0          0   (incl. Generated)
        50          0          0          6          1          0   (incl. Padding)

    ----------------------------------------------------------------------

      Code (inc. data)   RO Data    RW Data    ZI Data      Debug   Library Member Name

        86          0          0          0          0          0   __dczerorl2.o
         0          0          0          0          0          0   entry.o
         0          0          0          0          0          0   entry10a.o
         0          0          0          0          0          0   entry11a.o
         4          0          0          0          0          0   entry12b.o
         8          4          0          0          0          0   entry2.o
         4          0          0          0          0          0   entry5.o
         0          0          0          0          0          0   entry7b.o
         0          0          0          0          0          0   entry8b.o
         8          4          0          0          0          0   entry9a.o
        30          0          0          0          0          0   handlers.o
        36          8          0          0          0         68   init.o
         0          0          0          0          0          0   iusefp.o
        98          0          0          0          0         84   ldiv.o
        30          0          0          0          0         68   llshl.o
        32          0          0          0          0         68   llushr.o
        36          0          0          0          0         68   memcpya.o
        36          0          0          0          0        108   memseta.o
        98          0          0          0          0         92   uldiv.o
        56          0          0          0          0         88   d2f.o
        38          0          0          0          0         68   f2d.o
       110          0          0          0          0        168   fepilogue.o

    ----------------------------------------------------------------------
       714         16          0          0          0        880   Library Totals
         4          0          0          0          0          0   (incl. Padding)

    ----------------------------------------------------------------------

      Code (inc. data)   RO Data    RW Data    ZI Data      Debug   Library Name

       506         16          0          0          0        556   mc_w.l
       204          0          0          0          0        324   mf_w.l

    ----------------------------------------------------------------------
       714         16          0          0          0        880   Library Totals

    ----------------------------------------------------------------------

==============================================================================


      Code (inc. data)   RO Data    RW Data    ZI Data      Debug   

     29292       1898        924        476      22940    1646511   Grand Totals
     29292       1898        924         16      22940    1646511   ELF Image Totals (compressed)
     29292       1898        924         16          0          0   ROM Totals

==============================================================================

    Total RO  Size (Code + RO Data)                30216 (  29.51kB)
    Total RW  Size (RW Data + ZI Data)             23416 (  22.87kB)
    Total ROM Size (Code + RO Data + RW Data)      30232 (  29.52kB)

==============================================================================

