<html>
<body>
<pre>
<h1>µVision Build Log</h1>
<h2>Tool Versions:</h2>
IDE-Version: ¦ÌVision V5.41.0.0
Copyright (C) 2024 ARM Ltd and ARM Germany GmbH. All rights reserved.
License Information: w l, HIT, LIC=47GU5-GDCZG-JJL6S-LFBW5-Q46U9-ENSG2
 
Tool Versions:
Toolchain:       MDK-ARM Plus  Version: 5.41.0.0
Toolchain Path:  C:\Users\w\AppData\Local\Keil_v5\ARM\ARMCompiler_506\Bin
C Compiler:      Armcc.exe V5.06 update 7 (build 960)
Assembler:       Armasm.exe V5.06 update 7 (build 960)
Linker/Locator:  ArmLink.exe V5.06 update 7 (build 960)
Library Manager: ArmAr.exe V5.06 update 7 (build 960)
Hex Converter:   FromElf.exe V5.06 update 7 (build 960)
CPU DLL:         SARMCM3.DLL V5.41.0.0
Dialog DLL:      DCM.DLL V1.17.5.0
Target DLL:      CMSIS_AGDI.dll V1.33.21.0
Dialog DLL:      TCM.DLL V1.56.4.0
 
<h2>Project:</h2>
c:\Users\w\Desktop\ROV\program_team\stm32f407_rov_freertos\MDK-ARM\stm32f407_rov_freertos.uvprojx
Project File Date:  07/05/2025

<h2>Output:</h2>
*** Using Compiler 'V5.06 update 7 (build 960)', folder: 'C:\Users\w\AppData\Local\Keil_v5\ARM\ARMCompiler_506\Bin'
Build target 'stm32f407_rov_freertos'
compiling stm32f4xx_it.c...
compiling transmit_power_board.c...
..\Source\Src\transmit_power_board.c(172): warning:  #177-D: function "data_receive_process"  was declared but never referenced
  static void data_receive_process(void)
..\Source\Src\transmit_power_board.c: 1 warning, 0 errors
compiling chat_with_upper.c...
compiling freertos.c...
compiling move_control.c...
..\Source\Src\move_control.c(51): warning:  #177-D: function "Pid_Out_Calculate"  was declared but never referenced
  static void Pid_Out_Calculate(void *pvParameters)
..\Source\Src\move_control.c: 1 warning, 0 errors
compiling func_uart.c...
linking...
Program Size: Code=27848 RO-data=804 RW-data=428 ZI-data=22356  
FromELF: creating hex file...
"stm32f407_rov_freertos\stm32f407_rov_freertos.axf" - 0 Error(s), 2 Warning(s).

<h2>Software Packages used:</h2>

Package Vendor: ARM
                https://www.keil.com/pack/ARM.CMSIS.6.1.0.pack
                ARM::CMSIS@6.1.0
                CMSIS (Common Microcontroller Software Interface Standard)
   * Component: CORE Version: 6.1.0

Package Vendor: Keil
                https://www.keil.com/pack/Keil.STM32F4xx_DFP.3.0.0.pack
                Keil::STM32F4xx_DFP@3.0.0
                STMicroelectronics STM32F4 Series Device Support

<h2>Collection of Component include folders:</h2>
  ./RTE/_stm32f407_rov_freertos
  C:/Users/w/AppData/Local/Arm/Packs/ARM/CMSIS/6.1.0/CMSIS/Core/Include

<h2>Collection of Component Files used:</h2>

   * Component: ARM::CMSIS:CORE@6.1.0
      Include file:  CMSIS/Core/Include/tz_context.h
Build Time Elapsed:  00:00:06
</pre>
</body>
</html>
