Component: ARM Compiler 5.06 update 7 (build 960) Tool: armlink [4d3601]

==============================================================================

Section Cross References

    startup_stm32f407xx.o(RESET) refers to startup_stm32f407xx.o(STACK) for __initial_sp
    startup_stm32f407xx.o(RESET) refers to startup_stm32f407xx.o(.text) for Reset_Handler
    startup_stm32f407xx.o(RESET) refers to stm32f4xx_it.o(i.NMI_Handler) for NMI_Handler
    startup_stm32f407xx.o(RESET) refers to stm32f4xx_it.o(i.HardFault_Handler) for HardFault_Handler
    startup_stm32f407xx.o(RESET) refers to stm32f4xx_it.o(i.MemManage_Handler) for MemManage_Handler
    startup_stm32f407xx.o(RESET) refers to stm32f4xx_it.o(i.BusFault_Handler) for BusFault_Handler
    startup_stm32f407xx.o(RESET) refers to stm32f4xx_it.o(i.UsageFault_Handler) for UsageFault_Handler
    startup_stm32f407xx.o(RESET) refers to port.o(.emb_text) for SVC_Handler
    startup_stm32f407xx.o(RESET) refers to stm32f4xx_it.o(i.DebugMon_Handler) for DebugMon_Handler
    startup_stm32f407xx.o(RESET) refers to cmsis_os2.o(i.SysTick_Handler) for SysTick_Handler
    startup_stm32f407xx.o(RESET) refers to stm32f4xx_it.o(i.DMA1_Stream0_IRQHandler) for DMA1_Stream0_IRQHandler
    startup_stm32f407xx.o(RESET) refers to stm32f4xx_it.o(i.DMA1_Stream1_IRQHandler) for DMA1_Stream1_IRQHandler
    startup_stm32f407xx.o(RESET) refers to stm32f4xx_it.o(i.DMA1_Stream2_IRQHandler) for DMA1_Stream2_IRQHandler
    startup_stm32f407xx.o(RESET) refers to stm32f4xx_it.o(i.DMA1_Stream3_IRQHandler) for DMA1_Stream3_IRQHandler
    startup_stm32f407xx.o(RESET) refers to stm32f4xx_it.o(i.DMA1_Stream4_IRQHandler) for DMA1_Stream4_IRQHandler
    startup_stm32f407xx.o(RESET) refers to stm32f4xx_it.o(i.DMA1_Stream5_IRQHandler) for DMA1_Stream5_IRQHandler
    startup_stm32f407xx.o(RESET) refers to stm32f4xx_it.o(i.DMA1_Stream6_IRQHandler) for DMA1_Stream6_IRQHandler
    startup_stm32f407xx.o(RESET) refers to stm32f4xx_it.o(i.TIM1_UP_TIM10_IRQHandler) for TIM1_UP_TIM10_IRQHandler
    startup_stm32f407xx.o(RESET) refers to stm32f4xx_it.o(i.TIM1_TRG_COM_TIM11_IRQHandler) for TIM1_TRG_COM_TIM11_IRQHandler
    startup_stm32f407xx.o(RESET) refers to stm32f4xx_it.o(i.TIM4_IRQHandler) for TIM4_IRQHandler
    startup_stm32f407xx.o(RESET) refers to stm32f4xx_it.o(i.USART1_IRQHandler) for USART1_IRQHandler
    startup_stm32f407xx.o(RESET) refers to stm32f4xx_it.o(i.USART2_IRQHandler) for USART2_IRQHandler
    startup_stm32f407xx.o(RESET) refers to stm32f4xx_it.o(i.USART3_IRQHandler) for USART3_IRQHandler
    startup_stm32f407xx.o(RESET) refers to stm32f4xx_it.o(i.DMA1_Stream7_IRQHandler) for DMA1_Stream7_IRQHandler
    startup_stm32f407xx.o(RESET) refers to stm32f4xx_it.o(i.UART4_IRQHandler) for UART4_IRQHandler
    startup_stm32f407xx.o(RESET) refers to stm32f4xx_it.o(i.UART5_IRQHandler) for UART5_IRQHandler
    startup_stm32f407xx.o(RESET) refers to stm32f4xx_it.o(i.TIM6_DAC_IRQHandler) for TIM6_DAC_IRQHandler
    startup_stm32f407xx.o(RESET) refers to stm32f4xx_it.o(i.DMA2_Stream1_IRQHandler) for DMA2_Stream1_IRQHandler
    startup_stm32f407xx.o(RESET) refers to stm32f4xx_it.o(i.DMA2_Stream2_IRQHandler) for DMA2_Stream2_IRQHandler
    startup_stm32f407xx.o(RESET) refers to stm32f4xx_it.o(i.DMA2_Stream6_IRQHandler) for DMA2_Stream6_IRQHandler
    startup_stm32f407xx.o(RESET) refers to stm32f4xx_it.o(i.DMA2_Stream7_IRQHandler) for DMA2_Stream7_IRQHandler
    startup_stm32f407xx.o(RESET) refers to stm32f4xx_it.o(i.USART6_IRQHandler) for USART6_IRQHandler
    startup_stm32f407xx.o(.text) refers to system_stm32f4xx.o(i.SystemInit) for SystemInit
    startup_stm32f407xx.o(.text) refers to entry.o(.ARM.Collect$$$$00000000) for __main
    main.o(i.HAL_TIM_PeriodElapsedCallback) refers to queue.o(i.xQueueGiveFromISR) for xQueueGiveFromISR
    main.o(i.HAL_TIM_PeriodElapsedCallback) refers to stm32f4xx_hal.o(i.HAL_IncTick) for HAL_IncTick
    main.o(i.HAL_TIM_PeriodElapsedCallback) refers to move_control.o(.data) for xTimer11Semaphore
    main.o(i.HAL_TIM_PeriodElapsedCallback) refers to move_drv.o(.data) for xTimer10Semaphore
    main.o(i.SystemClock_Config) refers to memseta.o(.text) for __aeabi_memclr4
    main.o(i.SystemClock_Config) refers to stm32f4xx_hal_rcc.o(i.HAL_RCC_OscConfig) for HAL_RCC_OscConfig
    main.o(i.SystemClock_Config) refers to stm32f4xx_hal_rcc.o(i.HAL_RCC_ClockConfig) for HAL_RCC_ClockConfig
    main.o(i.main) refers to stm32f4xx_hal.o(i.HAL_Init) for HAL_Init
    main.o(i.main) refers to main.o(i.SystemClock_Config) for SystemClock_Config
    main.o(i.main) refers to gpio.o(i.MX_GPIO_Init) for MX_GPIO_Init
    main.o(i.main) refers to dma.o(i.MX_DMA_Init) for MX_DMA_Init
    main.o(i.main) refers to usart.o(i.MX_USART1_UART_Init) for MX_USART1_UART_Init
    main.o(i.main) refers to usart.o(i.MX_UART4_Init) for MX_UART4_Init
    main.o(i.main) refers to usart.o(i.MX_UART5_Init) for MX_UART5_Init
    main.o(i.main) refers to usart.o(i.MX_USART2_UART_Init) for MX_USART2_UART_Init
[...]
    uxTaskNumber                             0x20000188   Data           4  tasks.o(.data)
    xNextTaskUnblockTime                     0x2000018c   Data           4  tasks.o(.data)
    xIdleTaskHandle                          0x20000190   Data           4  tasks.o(.data)
    uxSchedulerSuspended                     0x20000194   Data           4  tasks.o(.data)
    pxDelayedTaskList                        0x20000198   Data           4  tasks.o(.data)
    pxOverflowDelayedTaskList                0x2000019c   Data           4  tasks.o(.data)
    .data                                    0x200001a0   Section       20  timers.o(.data)
    xTimerQueue                              0x200001a0   Data           4  timers.o(.data)
    xTimerTaskHandle                         0x200001a4   Data           4  timers.o(.data)
    xLastTime                                0x200001a8   Data           4  timers.o(.data)
    pxCurrentTimerList                       0x200001ac   Data           4  timers.o(.data)
    pxOverflowTimerList                      0x200001b0   Data           4  timers.o(.data)
    .data                                    0x200001b4   Section        4  cmsis_os2.o(.data)
    KernelState                              0x200001b4   Data           4  cmsis_os2.o(.data)
    .data                                    0x200001b8   Section       32  heap_4.o(.data)
    pxEnd                                    0x200001b8   Data           4  heap_4.o(.data)
    xFreeBytesRemaining                      0x200001bc   Data           4  heap_4.o(.data)
    xMinimumEverFreeBytesRemaining           0x200001c0   Data           4  heap_4.o(.data)
    xNumberOfSuccessfulAllocations           0x200001c4   Data           4  heap_4.o(.data)
    xNumberOfSuccessfulFrees                 0x200001c8   Data           4  heap_4.o(.data)
    xBlockAllocatedBit                       0x200001cc   Data           4  heap_4.o(.data)
    xStart                                   0x200001d0   Data           8  heap_4.o(.data)
    .data                                    0x200001d8   Section       12  port.o(.data)
    ucMaxSysCallPriority                     0x200001d8   Data           1  port.o(.data)
    uxCriticalNesting                        0x200001dc   Data           4  port.o(.data)
    ulMaxPRIGROUPValue                       0x200001e0   Data           4  port.o(.data)
    .bss                                     0x200001e4   Section       84  i2c.o(.bss)
    .bss                                     0x20000238   Section      504  tim.o(.bss)
    .bss                                     0x20000430   Section     1584  usart.o(.bss)
    .bss                                     0x20000a60   Section       72  stm32f4xx_hal_timebase_tim.o(.bss)
    .bss                                     0x20000aa8   Section      514  chat_with_upper.o(.bss)
    .bss                                     0x20000caa   Section      558  transmit_power_board.o(.bss)
    .bss                                     0x20000ed8   Section      130  jy901p_uart.o(.bss)
    .bss                                     0x20000f5a   Section       84  func_uart.o(.bss)
    _tx_buf                                  0x20000f5a   Data          84  func_uart.o(.bss)
    .bss                                     0x20000fb0   Section      152  move_drv.o(.bss)
    .bss                                     0x20001048   Section       66  ms5837_uart.o(.bss)
    .bss                                     0x2000108c   Section      208  software_uart.o(.bss)
    su_ch                                    0x2000108c   Data         208  software_uart.o(.bss)
    .bss                                     0x2000115c   Section       64  queue.o(.bss)
    .bss                                     0x2000119c   Section     1220  tasks.o(.bss)
    pxReadyTasksLists                        0x2000119c   Data        1120  tasks.o(.bss)
    xDelayedTaskList1                        0x200015fc   Data          20  tasks.o(.bss)
    xDelayedTaskList2                        0x20001610   Data          20  tasks.o(.bss)
    xPendingReadyList                        0x20001624   Data          20  tasks.o(.bss)
    xTasksWaitingTermination                 0x20001638   Data          20  tasks.o(.bss)
    xSuspendedTaskList                       0x2000164c   Data          20  tasks.o(.bss)
    .bss                                     0x20001660   Section      280  timers.o(.bss)
    xStaticTimerQueue                        0x20001660   Data          80  timers.o(.bss)
    ucStaticTimerQueueStorage                0x200016b0   Data         160  timers.o(.bss)
    xActiveTimerList1                        0x20001750   Data          20  timers.o(.bss)
    xActiveTimerList2                        0x20001764   Data          20  timers.o(.bss)
    .bss                                     0x20001778   Section     1720  cmsis_os2.o(.bss)
    Idle_TCB                                 0x20001778   Data          92  cmsis_os2.o(.bss)
    Idle_Stack                               0x200017d4   Data         512  cmsis_os2.o(.bss)
    Timer_TCB                                0x200019d4   Data          92  cmsis_os2.o(.bss)
    Timer_Stack                              0x20001a30   Data        1024  cmsis_os2.o(.bss)
    .bss                                     0x20001e30   Section    15360  heap_4.o(.bss)
    ucHeap                                   0x20001e30   Data       15360  heap_4.o(.bss)
    STACK                                    0x20005a30   Section     1024  startup_stm32f407xx.o(STACK)

    Global Symbols

    Symbol Name                              Value     Ov Type        Size  Object(Section)

    BuildAttributes$$THM_ISAv4$E$P$D$K$B$S$7EM$VFPi3$EXTD16$VFPS$VFMA$PE$A:L22UL41UL21$X:L11$S22US41US21$IEEE1$IW$USESV6$~STKCKD$USESV7$~SHL$OTIME$ROPI$EBA8$MICROLIB$REQ8$PRES8$EABIv2 0x00000000   Number         0  anon$$obj.o ABSOLUTE
    __ARM_use_no_argv                        0x00000000   Number         0  main.o ABSOLUTE
    __arm_fini_                               - Undefined Weak Reference
    __cpp_initialize__aeabi_                  - Undefined Weak Reference
    __cxa_finalize                            - Undefined Weak Reference
    _clock_init                               - Undefined Weak Reference
    _microlib_exit                            - Undefined Weak Reference
    __Vectors_Size                           0x00000188   Number         0  startup_stm32f407xx.o ABSOLUTE
    __Vectors                                0x08000000   Data           4  startup_stm32f407xx.o(RESET)
    __Vectors_End                            0x08000188   Data           0  startup_stm32f407xx.o(RESET)
    __main                                   0x08000189   Thumb Code     0  entry.o(.ARM.Collect$$$$00000000)
    _main_stk                                0x08000189   Thumb Code     0  entry2.o(.ARM.Collect$$$$00000001)
    _main_scatterload                        0x0800018d   Thumb Code     0  entry5.o(.ARM.Collect$$$$00000004)
    __main_after_scatterload                 0x08000191   Thumb Code     0  entry5.o(.ARM.Collect$$$$00000004)
    _main_clock                              0x08000191   Thumb Code     0  entry7b.o(.ARM.Collect$$$$00000008)
    _main_cpp_init                           0x08000191   Thumb Code     0  entry8b.o(.ARM.Collect$$$$0000000A)
    _main_init                               0x08000191   Thumb Code     0  entry9a.o(.ARM.Collect$$$$0000000B)
    __rt_lib_shutdown_fini                   0x08000199   Thumb Code     0  entry12b.o(.ARM.Collect$$$$0000000E)
    __rt_final_cpp                           0x0800019d   Thumb Code     0  entry10a.o(.ARM.Collect$$$$0000000F)
    __rt_final_exit                          0x0800019d   Thumb Code     0  entry11a.o(.ARM.Collect$$$$00000011)
    SVC_Handler                              0x080001a1   Thumb Code    28  port.o(.emb_text)
    __asm___6_port_c_39a90d8d__prvStartFirstTask 0x080001c1   Thumb Code    36  port.o(.emb_text)
    __asm___6_port_c_39a90d8d__prvEnableVFP  0x080001e9   Thumb Code    16  port.o(.emb_text)
    PendSV_Handler                           0x080001fd   Thumb Code    88  port.o(.emb_text)
    vPortGetIPSR                             0x08000259   Thumb Code     6  port.o(.emb_text)
    Reset_Handler                            0x08000261   Thumb Code     8  startup_stm32f407xx.o(.text)
    ADC_IRQHandler                           0x0800027b   Thumb Code     0  startup_stm32f407xx.o(.text)
    CAN1_RX0_IRQHandler                      0x0800027b   Thumb Code     0  startup_stm32f407xx.o(.text)
    CAN1_RX1_IRQHandler                      0x0800027b   Thumb Code     0  startup_stm32f407xx.o(.text)
    CAN1_SCE_IRQHandler                      0x0800027b   Thumb Code     0  startup_stm32f407xx.o(.text)
    CAN1_TX_IRQHandler                       0x0800027b   Thumb Code     0  startup_stm32f407xx.o(.text)
    CAN2_RX0_IRQHandler                      0x0800027b   Thumb Code     0  startup_stm32f407xx.o(.text)
    CAN2_RX1_IRQHandler                      0x0800027b   Thumb Code     0  startup_stm32f407xx.o(.text)
    CAN2_SCE_IRQHandler                      0x0800027b   Thumb Code     0  startup_stm32f407xx.o(.text)
    CAN2_TX_IRQHandler                       0x0800027b   Thumb Code     0  startup_stm32f407xx.o(.text)
    DCMI_IRQHandler                          0x0800027b   Thumb Code     0  startup_stm32f407xx.o(.text)
    DMA2_Stream0_IRQHandler                  0x0800027b   Thumb Code     0  startup_stm32f407xx.o(.text)
    DMA2_Stream3_IRQHandler                  0x0800027b   Thumb Code     0  startup_stm32f407xx.o(.text)
    DMA2_Stream4_IRQHandler                  0x0800027b   Thumb Code     0  startup_stm32f407xx.o(.text)
    DMA2_Stream5_IRQHandler                  0x0800027b   Thumb Code     0  startup_stm32f407xx.o(.text)
    ETH_IRQHandler                           0x0800027b   Thumb Code     0  startup_stm32f407xx.o(.text)
    ETH_WKUP_IRQHandler                      0x0800027b   Thumb Code     0  startup_stm32f407xx.o(.text)
    EXTI0_IRQHandler                         0x0800027b   Thumb Code     0  startup_stm32f407xx.o(.text)
    EXTI15_10_IRQHandler                     0x0800027b   Thumb Code     0  startup_stm32f407xx.o(.text)
    EXTI1_IRQHandler                         0x0800027b   Thumb Code     0  startup_stm32f407xx.o(.text)
    EXTI2_IRQHandler                         0x0800027b   Thumb Code     0  startup_stm32f407xx.o(.text)
    EXTI3_IRQHandler                         0x0800027b   Thumb Code     0  startup_stm32f407xx.o(.text)
    EXTI4_IRQHandler                         0x0800027b   Thumb Code     0  startup_stm32f407xx.o(.text)
    EXTI9_5_IRQHandler                       0x0800027b   Thumb Code     0  startup_stm32f407xx.o(.text)
    FLASH_IRQHandler                         0x0800027b   Thumb Code     0  startup_stm32f407xx.o(.text)
    FMC_IRQHandler                           0x0800027b   Thumb Code     0  startup_stm32f407xx.o(.text)
    FPU_IRQHandler                           0x0800027b   Thumb Code     0  startup_stm32f407xx.o(.text)
    HASH_RNG_IRQHandler                      0x0800027b   Thumb Code     0  startup_stm32f407xx.o(.text)
    I2C1_ER_IRQHandler                       0x0800027b   Thumb Code     0  startup_stm32f407xx.o(.text)
    I2C1_EV_IRQHandler                       0x0800027b   Thumb Code     0  startup_stm32f407xx.o(.text)
    I2C2_ER_IRQHandler                       0x0800027b   Thumb Code     0  startup_stm32f407xx.o(.text)
    I2C2_EV_IRQHandler                       0x0800027b   Thumb Code     0  startup_stm32f407xx.o(.text)
    I2C3_ER_IRQHandler                       0x0800027b   Thumb Code     0  startup_stm32f407xx.o(.text)
    I2C3_EV_IRQHandler                       0x0800027b   Thumb Code     0  startup_stm32f407xx.o(.text)
    OTG_FS_IRQHandler                        0x0800027b   Thumb Code     0  startup_stm32f407xx.o(.text)
    OTG_FS_WKUP_IRQHandler                   0x0800027b   Thumb Code     0  startup_stm32f407xx.o(.text)
    OTG_HS_EP1_IN_IRQHandler                 0x0800027b   Thumb Code     0  startup_stm32f407xx.o(.text)
    OTG_HS_EP1_OUT_IRQHandler                0x0800027b   Thumb Code     0  startup_stm32f407xx.o(.text)
    OTG_HS_IRQHandler                        0x0800027b   Thumb Code     0  startup_stm32f407xx.o(.text)
    OTG_HS_WKUP_IRQHandler                   0x0800027b   Thumb Code     0  startup_stm32f407xx.o(.text)
    PVD_IRQHandler                           0x0800027b   Thumb Code     0  startup_stm32f407xx.o(.text)
    RCC_IRQHandler                           0x0800027b   Thumb Code     0  startup_stm32f407xx.o(.text)
    RTC_Alarm_IRQHandler                     0x0800027b   Thumb Code     0  startup_stm32f407xx.o(.text)
    RTC_WKUP_IRQHandler                      0x0800027b   Thumb Code     0  startup_stm32f407xx.o(.text)
    SDIO_IRQHandler                          0x0800027b   Thumb Code     0  startup_stm32f407xx.o(.text)
    SPI1_IRQHandler                          0x0800027b   Thumb Code     0  startup_stm32f407xx.o(.text)
    SPI2_IRQHandler                          0x0800027b   Thumb Code     0  startup_stm32f407xx.o(.text)
    SPI3_IRQHandler                          0x0800027b   Thumb Code     0  startup_stm32f407xx.o(.text)
    TAMP_STAMP_IRQHandler                    0x0800027b   Thumb Code     0  startup_stm32f407xx.o(.text)
    TIM1_BRK_TIM9_IRQHandler                 0x0800027b   Thumb Code     0  startup_stm32f407xx.o(.text)
    TIM1_CC_IRQHandler                       0x0800027b   Thumb Code     0  startup_stm32f407xx.o(.text)
    TIM2_IRQHandler                          0x0800027b   Thumb Code     0  startup_stm32f407xx.o(.text)
    TIM3_IRQHandler                          0x0800027b   Thumb Code     0  startup_stm32f407xx.o(.text)
    TIM5_IRQHandler                          0x0800027b   Thumb Code     0  startup_stm32f407xx.o(.text)
    TIM7_IRQHandler                          0x0800027b   Thumb Code     0  startup_stm32f407xx.o(.text)
    TIM8_BRK_TIM12_IRQHandler                0x0800027b   Thumb Code     0  startup_stm32f407xx.o(.text)
    TIM8_CC_IRQHandler                       0x0800027b   Thumb Code     0  startup_stm32f407xx.o(.text)
    TIM8_TRG_COM_TIM14_IRQHandler            0x0800027b   Thumb Code     0  startup_stm32f407xx.o(.text)
    TIM8_UP_TIM13_IRQHandler                 0x0800027b   Thumb Code     0  startup_stm32f407xx.o(.text)
    WWDG_IRQHandler                          0x0800027b   Thumb Code     0  startup_stm32f407xx.o(.text)
    __aeabi_uldivmod                         0x08000285   Thumb Code    98  uldiv.o(.text)
    __aeabi_memcpy                           0x080002e7   Thumb Code    36  memcpya.o(.text)
    __aeabi_memcpy4                          0x080002e7   Thumb Code     0  memcpya.o(.text)
    __aeabi_memcpy8                          0x080002e7   Thumb Code     0  memcpya.o(.text)
    __aeabi_memset                           0x0800030b   Thumb Code    14  memseta.o(.text)
    __aeabi_memset4                          0x0800030b   Thumb Code     0  memseta.o(.text)
    __aeabi_memset8                          0x0800030b   Thumb Code     0  memseta.o(.text)
    __aeabi_memclr                           0x08000319   Thumb Code     4  memseta.o(.text)
    __aeabi_memclr4                          0x08000319   Thumb Code     0  memseta.o(.text)
    __aeabi_memclr8                          0x08000319   Thumb Code     0  memseta.o(.text)
    memset                                   0x0800031d   Thumb Code    18  memseta.o(.text)
    memcmp                                   0x0800032f   Thumb Code    26  memcmp.o(.text)
    __aeabi_f2d                              0x08000349   Thumb Code    38  f2d.o(.text)
    __aeabi_d2f                              0x0800036f   Thumb Code    56  d2f.o(.text)
    __aeabi_llsl                             0x080003a7   Thumb Code    30  llshl.o(.text)
    _ll_shift_l                              0x080003a7   Thumb Code     0  llshl.o(.text)
    __aeabi_llsr                             0x080003c5   Thumb Code    32  llushr.o(.text)
    _ll_ushift_r                             0x080003c5   Thumb Code     0  llushr.o(.text)
    __I$use$fp                               0x080003e5   Thumb Code     0  iusefp.o(.text)
    _float_round                             0x080003e5   Thumb Code    18  fepilogue.o(.text)
    _float_epilogue                          0x080003f7   Thumb Code    92  fepilogue.o(.text)
    __scatterload                            0x08000455   Thumb Code    28  init.o(.text)
    __scatterload_rt2                        0x08000455   Thumb Code     0  init.o(.text)
    __decompress                             0x08000479   Thumb Code     0  __dczerorl2.o(.text)
    __decompress1                            0x08000479   Thumb Code    86  __dczerorl2.o(.text)
    BusFault_Handler                         0x080004cf   Thumb Code     2  stm32f4xx_it.o(i.BusFault_Handler)
    Cycle_led_Task                           0x080004d1   Thumb Code    22  freertos.o(i.Cycle_led_Task)
    DMA1_Stream0_IRQHandler                  0x080004ed   Thumb Code     6  stm32f4xx_it.o(i.DMA1_Stream0_IRQHandler)
    DMA1_Stream1_IRQHandler                  0x080004f9   Thumb Code     6  stm32f4xx_it.o(i.DMA1_Stream1_IRQHandler)
    DMA1_Stream2_IRQHandler                  0x08000505   Thumb Code     6  stm32f4xx_it.o(i.DMA1_Stream2_IRQHandler)
    DMA1_Stream3_IRQHandler                  0x08000511   Thumb Code     6  stm32f4xx_it.o(i.DMA1_Stream3_IRQHandler)
    DMA1_Stream4_IRQHandler                  0x0800051d   Thumb Code     6  stm32f4xx_it.o(i.DMA1_Stream4_IRQHandler)
    DMA1_Stream5_IRQHandler                  0x08000529   Thumb Code     6  stm32f4xx_it.o(i.DMA1_Stream5_IRQHandler)
    DMA1_Stream6_IRQHandler                  0x08000535   Thumb Code     6  stm32f4xx_it.o(i.DMA1_Stream6_IRQHandler)
    DMA1_Stream7_IRQHandler                  0x08000541   Thumb Code     6  stm32f4xx_it.o(i.DMA1_Stream7_IRQHandler)
    DMA2_Stream1_IRQHandler                  0x0800054d   Thumb Code     6  stm32f4xx_it.o(i.DMA2_Stream1_IRQHandler)
    DMA2_Stream2_IRQHandler                  0x08000559   Thumb Code     6  stm32f4xx_it.o(i.DMA2_Stream2_IRQHandler)
    DMA2_Stream6_IRQHandler                  0x08000565   Thumb Code     6  stm32f4xx_it.o(i.DMA2_Stream6_IRQHandler)
    DMA2_Stream7_IRQHandler                  0x08000571   Thumb Code     6  stm32f4xx_it.o(i.DMA2_Stream7_IRQHandler)
    DebugMon_Handler                         0x08000621   Thumb Code     2  stm32f4xx_it.o(i.DebugMon_Handler)
    Error_Handler                            0x08000623   Thumb Code     4  main.o(i.Error_Handler)
    HAL_DMA_Abort                            0x08000627   Thumb Code   146  stm32f4xx_hal_dma.o(i.HAL_DMA_Abort)
    HAL_DMA_Abort_IT                         0x080006b9   Thumb Code    36  stm32f4xx_hal_dma.o(i.HAL_DMA_Abort_IT)
    HAL_DMA_IRQHandler                       0x080006dd   Thumb Code   412  stm32f4xx_hal_dma.o(i.HAL_DMA_IRQHandler)
    HAL_DMA_Init                             0x0800087d   Thumb Code   206  stm32f4xx_hal_dma.o(i.HAL_DMA_Init)
    HAL_DMA_Start_IT                         0x08000951   Thumb Code   110  stm32f4xx_hal_dma.o(i.HAL_DMA_Start_IT)
    HAL_GPIO_Init                            0x080009c1   Thumb Code   450  stm32f4xx_hal_gpio.o(i.HAL_GPIO_Init)
    HAL_GPIO_ReadPin                         0x08000bb1   Thumb Code    10  stm32f4xx_hal_gpio.o(i.HAL_GPIO_ReadPin)
    HAL_GPIO_TogglePin                       0x08000bbb   Thumb Code    16  stm32f4xx_hal_gpio.o(i.HAL_GPIO_TogglePin)
    HAL_GPIO_WritePin                        0x08000bcb   Thumb Code    10  stm32f4xx_hal_gpio.o(i.HAL_GPIO_WritePin)
    HAL_GetTick                              0x08000bd5   Thumb Code     6  stm32f4xx_hal.o(i.HAL_GetTick)
    HAL_I2C_Init                             0x08000be1   Thumb Code   376  stm32f4xx_hal_i2c.o(i.HAL_I2C_Init)
    HAL_I2C_MspInit                          0x08000d69   Thumb Code    94  i2c.o(i.HAL_I2C_MspInit)
    HAL_IncTick                              0x08000dd5   Thumb Code    12  stm32f4xx_hal.o(i.HAL_IncTick)
    HAL_Init                                 0x08000de5   Thumb Code    48  stm32f4xx_hal.o(i.HAL_Init)
    HAL_InitTick                             0x08000e19   Thumb Code   132  stm32f4xx_hal_timebase_tim.o(i.HAL_InitTick)
    HAL_MspInit                              0x08000eb1   Thumb Code    52  stm32f4xx_hal_msp.o(i.HAL_MspInit)
    HAL_NVIC_EnableIRQ                       0x08000ee9   Thumb Code    26  stm32f4xx_hal_cortex.o(i.HAL_NVIC_EnableIRQ)
    HAL_NVIC_SetPriority                     0x08000f05   Thumb Code    60  stm32f4xx_hal_cortex.o(i.HAL_NVIC_SetPriority)
    HAL_NVIC_SetPriorityGrouping             0x08000f45   Thumb Code    26  stm32f4xx_hal_cortex.o(i.HAL_NVIC_SetPriorityGrouping)
    HAL_RCC_ClockConfig                      0x08000f69   Thumb Code   288  stm32f4xx_hal_rcc.o(i.HAL_RCC_ClockConfig)
    HAL_RCC_GetClockConfig                   0x0800109d   Thumb Code    54  stm32f4xx_hal_rcc.o(i.HAL_RCC_GetClockConfig)
    HAL_RCC_GetPCLK1Freq                     0x080010dd   Thumb Code    20  stm32f4xx_hal_rcc.o(i.HAL_RCC_GetPCLK1Freq)
    HAL_RCC_GetPCLK2Freq                     0x080010fd   Thumb Code    20  stm32f4xx_hal_rcc.o(i.HAL_RCC_GetPCLK2Freq)
    HAL_RCC_GetSysClockFreq                  0x0800111d   Thumb Code    88  stm32f4xx_hal_rcc.o(i.HAL_RCC_GetSysClockFreq)
    HAL_RCC_OscConfig                        0x08001181   Thumb Code   856  stm32f4xx_hal_rcc.o(i.HAL_RCC_OscConfig)
    HAL_TIMEx_BreakCallback                  0x080014ed   Thumb Code     2  stm32f4xx_hal_tim_ex.o(i.HAL_TIMEx_BreakCallback)
    HAL_TIMEx_CommutCallback                 0x080014ef   Thumb Code     2  stm32f4xx_hal_tim_ex.o(i.HAL_TIMEx_CommutCallback)
    HAL_TIMEx_ConfigBreakDeadTime            0x080014f1   Thumb Code    84  stm32f4xx_hal_tim_ex.o(i.HAL_TIMEx_ConfigBreakDeadTime)
    HAL_TIMEx_MasterConfigSynchronization    0x08001545   Thumb Code   116  stm32f4xx_hal_tim_ex.o(i.HAL_TIMEx_MasterConfigSynchronization)
    HAL_TIM_Base_Init                        0x080015d5   Thumb Code    90  stm32f4xx_hal_tim.o(i.HAL_TIM_Base_Init)
    HAL_TIM_Base_MspInit                     0x08001631   Thumb Code   232  tim.o(i.HAL_TIM_Base_MspInit)
    HAL_TIM_Base_Start_IT                    0x08001735   Thumb Code   100  stm32f4xx_hal_tim.o(i.HAL_TIM_Base_Start_IT)
    HAL_TIM_ConfigClockSource                0x080017b5   Thumb Code   220  stm32f4xx_hal_tim.o(i.HAL_TIM_ConfigClockSource)
    HAL_TIM_IC_CaptureCallback               0x08001891   Thumb Code     2  stm32f4xx_hal_tim.o(i.HAL_TIM_IC_CaptureCallback)
    HAL_TIM_IRQHandler                       0x08001893   Thumb Code   304  stm32f4xx_hal_tim.o(i.HAL_TIM_IRQHandler)
    HAL_TIM_MspPostInit                      0x080019c5   Thumb Code   216  tim.o(i.HAL_TIM_MspPostInit)
    HAL_TIM_OC_ConfigChannel                 0x08001ab5   Thumb Code    82  stm32f4xx_hal_tim.o(i.HAL_TIM_OC_ConfigChannel)
    HAL_TIM_OC_DelayElapsedCallback          0x08001b07   Thumb Code     2  stm32f4xx_hal_tim.o(i.HAL_TIM_OC_DelayElapsedCallback)
    HAL_TIM_OC_Init                          0x08001b09   Thumb Code    90  stm32f4xx_hal_tim.o(i.HAL_TIM_OC_Init)
    HAL_TIM_OC_MspInit                       0x08001b63   Thumb Code     2  stm32f4xx_hal_tim.o(i.HAL_TIM_OC_MspInit)
    HAL_TIM_PWM_ConfigChannel                0x08001b65   Thumb Code   204  stm32f4xx_hal_tim.o(i.HAL_TIM_PWM_ConfigChannel)
    HAL_TIM_PWM_Init                         0x08001c31   Thumb Code    90  stm32f4xx_hal_tim.o(i.HAL_TIM_PWM_Init)
    HAL_TIM_PWM_MspInit                      0x08001c8b   Thumb Code     2  stm32f4xx_hal_tim.o(i.HAL_TIM_PWM_MspInit)
    HAL_TIM_PWM_PulseFinishedCallback        0x08001c8d   Thumb Code     2  stm32f4xx_hal_tim.o(i.HAL_TIM_PWM_PulseFinishedCallback)
    HAL_TIM_PeriodElapsedCallback            0x08001c91   Thumb Code    84  main.o(i.HAL_TIM_PeriodElapsedCallback)
    HAL_TIM_TriggerCallback                  0x08001d05   Thumb Code     2  stm32f4xx_hal_tim.o(i.HAL_TIM_TriggerCallback)
    HAL_UARTEx_RxEventCallback               0x08001d07   Thumb Code     2  stm32f4xx_hal_uart.o(i.HAL_UARTEx_RxEventCallback)
    HAL_UART_DMAStop                         0x08001d09   Thumb Code   112  stm32f4xx_hal_uart.o(i.HAL_UART_DMAStop)
    HAL_UART_ErrorCallback                   0x08001d79   Thumb Code     2  stm32f4xx_hal_uart.o(i.HAL_UART_ErrorCallback)
    HAL_UART_IRQHandler                      0x08001d7d   Thumb Code   636  stm32f4xx_hal_uart.o(i.HAL_UART_IRQHandler)
    HAL_UART_Init                            0x08001ffd   Thumb Code   100  stm32f4xx_hal_uart.o(i.HAL_UART_Init)
    HAL_UART_MspInit                         0x08002061   Thumb Code  1172  usart.o(i.HAL_UART_MspInit)
    HAL_UART_Receive_DMA                     0x080024fd   Thumb Code    28  stm32f4xx_hal_uart.o(i.HAL_UART_Receive_DMA)
    HAL_UART_RxCpltCallback                  0x08002519   Thumb Code     2  stm32f4xx_hal_uart.o(i.HAL_UART_RxCpltCallback)
    HAL_UART_RxHalfCpltCallback              0x0800251b   Thumb Code     2  stm32f4xx_hal_uart.o(i.HAL_UART_RxHalfCpltCallback)
    HAL_UART_Transmit                        0x0800251d   Thumb Code   160  stm32f4xx_hal_uart.o(i.HAL_UART_Transmit)
    HAL_UART_Transmit_DMA                    0x080025bd   Thumb Code   120  stm32f4xx_hal_uart.o(i.HAL_UART_Transmit_DMA)
    HAL_UART_TxCpltCallback                  0x08002641   Thumb Code    16  func_uart.o(i.HAL_UART_TxCpltCallback)
    HAL_UART_TxHalfCpltCallback              0x08002659   Thumb Code     2  stm32f4xx_hal_uart.o(i.HAL_UART_TxHalfCpltCallback)
    HardFault_Handler                        0x0800265b   Thumb Code     2  stm32f4xx_it.o(i.HardFault_Handler)
    JY901_ParseData                          0x0800265d   Thumb Code   712  jy901p_uart.o(i.JY901_ParseData)
    JY901_ProcessTask                        0x08002945   Thumb Code    32  jy901p_uart.o(i.JY901_ProcessTask)
    JY901_UART_Init                          0x0800296d   Thumb Code    26  jy901p_uart.o(i.JY901_UART_Init)
    MS5837_ProcessTask                       0x08002991   Thumb Code    30  ms5837_uart.o(i.MS5837_ProcessTask)
    MX_DMA_Init                              0x080029b9   Thumb Code   232  dma.o(i.MX_DMA_Init)
    MX_FREERTOS_Init                         0x08002aa5   Thumb Code   162  freertos.o(i.MX_FREERTOS_Init)
    MX_GPIO_Init                             0x08002b7d   Thumb Code   306  gpio.o(i.MX_GPIO_Init)
    MX_I2C2_Init                             0x08002cc9   Thumb Code    50  i2c.o(i.MX_I2C2_Init)
    MX_TIM10_Init                            0x08002d09   Thumb Code    46  tim.o(i.MX_TIM10_Init)
    MX_TIM11_Init                            0x08002d41   Thumb Code    46  tim.o(i.MX_TIM11_Init)
    MX_TIM14_Init                            0x08002d79   Thumb Code    46  tim.o(i.MX_TIM14_Init)
    MX_TIM1_Init                             0x08002db1   Thumb Code   244  tim.o(i.MX_TIM1_Init)
    MX_TIM2_Init                             0x08002ead   Thumb Code   198  tim.o(i.MX_TIM2_Init)
    MX_TIM3_Init                             0x08002f79   Thumb Code   198  tim.o(i.MX_TIM3_Init)
    MX_TIM4_Init                             0x08003049   Thumb Code   138  tim.o(i.MX_TIM4_Init)
    MX_UART4_Init                            0x080030dd   Thumb Code    48  usart.o(i.MX_UART4_Init)
    MX_UART5_Init                            0x08003115   Thumb Code    48  usart.o(i.MX_UART5_Init)
    MX_USART1_UART_Init                      0x0800314d   Thumb Code    48  usart.o(i.MX_USART1_UART_Init)
    MX_USART2_UART_Init                      0x08003185   Thumb Code    48  usart.o(i.MX_USART2_UART_Init)
    MX_USART3_UART_Init                      0x080031bd   Thumb Code    48  usart.o(i.MX_USART3_UART_Init)
    MX_USART6_UART_Init                      0x080031f5   Thumb Code    48  usart.o(i.MX_USART6_UART_Init)
    MemManage_Handler                        0x0800322d   Thumb Code     2  stm32f4xx_it.o(i.MemManage_Handler)
    Move_basic_Init                          0x08003231   Thumb Code   178  move_drv.o(i.Move_basic_Init)
    My_TIM4_IRQHandler                       0x080032fd   Thumb Code   362  software_uart.o(i.My_TIM4_IRQHandler)
    NMI_Handler                              0x08003479   Thumb Code     2  stm32f4xx_it.o(i.NMI_Handler)
    Parser4_Init                             0x0800349d   Thumb Code    26  ms5837_uart.o(i.Parser4_Init)
    Parser_Init                              0x080034c1   Thumb Code    28  chat_with_upper.o(i.Parser_Init)
    SendAllPack_Task                         0x080034e5   Thumb Code    56  chat_with_upper.o(i.SendAllPack_Task)
    StartDefaultTask                         0x0800351d   Thumb Code     8  freertos.o(i.StartDefaultTask)
    SysTick_Handler                          0x08003525   Thumb Code    26  cmsis_os2.o(i.SysTick_Handler)
    SystemClock_Config                       0x08003541   Thumb Code   140  main.o(i.SystemClock_Config)
    SystemInit                               0x080035d5   Thumb Code    12  system_stm32f4xx.o(i.SystemInit)
    TIM1_TRG_COM_TIM11_IRQHandler            0x080035e5   Thumb Code    18  stm32f4xx_it.o(i.TIM1_TRG_COM_TIM11_IRQHandler)
    TIM1_UP_TIM10_IRQHandler                 0x08003601   Thumb Code    18  stm32f4xx_it.o(i.TIM1_UP_TIM10_IRQHandler)
    TIM4_IRQHandler                          0x0800361d   Thumb Code    16  stm32f4xx_it.o(i.TIM4_IRQHandler)
    TIM6_DAC_IRQHandler                      0x08003631   Thumb Code     6  stm32f4xx_it.o(i.TIM6_DAC_IRQHandler)
    TIM_Base_SetConfig                       0x0800363d   Thumb Code   164  stm32f4xx_hal_tim.o(i.TIM_Base_SetConfig)
    TIM_ETR_SetConfig                        0x0800370d   Thumb Code    20  stm32f4xx_hal_tim.o(i.TIM_ETR_SetConfig)
    TIM_OC2_SetConfig                        0x08003791   Thumb Code    98  stm32f4xx_hal_tim.o(i.TIM_OC2_SetConfig)
    Trigger_Distance_Mearsure_Task           0x080038fd   Thumb Code    72  distance_measure.o(i.Trigger_Distance_Mearsure_Task)
    UART2_IT_TASK                            0x08003949   Thumb Code    78  jy901p_uart.o(i.UART2_IT_TASK)
    UART3_IT_TASK                            0x080039a5   Thumb Code    78  chat_with_upper.o(i.UART3_IT_TASK)
    UART4_IRQHandler                         0x08003a05   Thumb Code    16  stm32f4xx_it.o(i.UART4_IRQHandler)
    UART4_IT_TASK                            0x08003a19   Thumb Code    76  ms5837_uart.o(i.UART4_IT_TASK)
    UART5_IRQHandler                         0x08003a71   Thumb Code    16  stm32f4xx_it.o(i.UART5_IRQHandler)
    UART5_IT_TASK                            0x08003a85   Thumb Code    78  transmit_power_board.o(i.UART5_IT_TASK)
    UART_SendFloats_DMA                      0x08003d59   Thumb Code   124  func_uart.o(i.UART_SendFloats_DMA)
    UART_Start_Receive_DMA                   0x08003eed   Thumb Code   146  stm32f4xx_hal_uart.o(i.UART_Start_Receive_DMA)
    USART1_IRQHandler                        0x08004001   Thumb Code     6  stm32f4xx_it.o(i.USART1_IRQHandler)
    USART2_IRQHandler                        0x0800400d   Thumb Code    16  stm32f4xx_it.o(i.USART2_IRQHandler)
    USART3_IRQHandler                        0x08004021   Thumb Code    16  stm32f4xx_it.o(i.USART3_IRQHandler)
    USART6_IRQHandler                        0x08004035   Thumb Code     6  stm32f4xx_it.o(i.USART6_IRQHandler)
    Uart5_Parse_Init                         0x08004041   Thumb Code    28  transmit_power_board.o(i.Uart5_Parse_Init)
    Uart5_Parse_Task                         0x08004065   Thumb Code    32  transmit_power_board.o(i.Uart5_Parse_Task)
    UsageFault_Handler                       0x0800408d   Thumb Code     2  stm32f4xx_it.o(i.UsageFault_Handler)
    __scatterload_copy                       0x080040af   Thumb Code    14  handlers.o(i.__scatterload_copy)
    __scatterload_null                       0x080040bd   Thumb Code     2  handlers.o(i.__scatterload_null)
    __scatterload_zeroinit                   0x080040bf   Thumb Code    14  handlers.o(i.__scatterload_zeroinit)
    data_packup                              0x080040cd   Thumb Code   406  chat_with_upper.o(i.data_packup)
    main                                     0x080042f5   Thumb Code   120  main.o(i.main)
    motor_set                                0x0800440d   Thumb Code   128  move_drv.o(i.motor_set)
    osDelay                                  0x0800449d   Thumb Code    26  cmsis_os2.o(i.osDelay)
    osKernelInitialize                       0x080044b9   Thumb Code    32  cmsis_os2.o(i.osKernelInitialize)
    osKernelStart                            0x080044dd   Thumb Code    48  cmsis_os2.o(i.osKernelStart)
    osThreadNew                              0x08004515   Thumb Code   138  cmsis_os2.o(i.osThreadNew)
    parsePowerBoardFrame                     0x080045a1   Thumb Code   304  transmit_power_board.o(i.parsePowerBoardFrame)
    parse_frame                              0x080046e5   Thumb Code    34  ms5837_uart.o(i.parse_frame)
    pvPortMalloc                             0x08004f91   Thumb Code   216  heap_4.o(i.pvPortMalloc)
    pvTaskIncrementMutexHeldCount            0x0800506d   Thumb Code    18  tasks.o(i.pvTaskIncrementMutexHeldCount)
    pwm_set                                  0x08005085   Thumb Code    58  move_drv.o(i.pwm_set)
    pxPortInitialiseStack                    0x080050cd   Thumb Code    40  port.o(i.pxPortInitialiseStack)
    switch_Process_Task                      0x08005161   Thumb Code    36  transmit_power_board.o(i.switch_Process_Task)
    upper_move_process                       0x08005191   Thumb Code   324  move_drv.o(i.upper_move_process)
    uxListRemove                             0x080052fd   Thumb Code    38  list.o(i.uxListRemove)
    vApplicationGetIdleTaskMemory            0x08005325   Thumb Code    16  cmsis_os2.o(i.vApplicationGetIdleTaskMemory)
    vApplicationGetTimerTaskMemory           0x08005339   Thumb Code    18  cmsis_os2.o(i.vApplicationGetTimerTaskMemory)
    vListInitialise                          0x08005351   Thumb Code    22  list.o(i.vListInitialise)
    vListInitialiseItem                      0x08005367   Thumb Code     6  list.o(i.vListInitialiseItem)
    vListInsert                              0x0800536d   Thumb Code    48  list.o(i.vListInsert)
    vListInsertEnd                           0x0800539d   Thumb Code    24  list.o(i.vListInsertEnd)
    vPortEnterCritical                       0x080053b5   Thumb Code    54  port.o(i.vPortEnterCritical)
    vPortExitCritical                        0x080053f5   Thumb Code    34  port.o(i.vPortExitCritical)
    vPortFree                                0x0800541d   Thumb Code    94  heap_4.o(i.vPortFree)
    vPortSetupTimerInterrupt                 0x08005481   Thumb Code    32  port.o(i.vPortSetupTimerInterrupt)
    vPortValidateInterruptPriority           0x080054a5   Thumb Code    74  port.o(i.vPortValidateInterruptPriority)
    vQueueAddToRegistry                      0x080054f9   Thumb Code    34  queue.o(i.vQueueAddToRegistry)
    vQueueWaitForMessageRestricted           0x08005521   Thumb Code    68  queue.o(i.vQueueWaitForMessageRestricted)
    vTaskDelay                               0x08005565   Thumb Code    66  tasks.o(i.vTaskDelay)
    vTaskInternalSetTimeOutState             0x080055b1   Thumb Code    12  tasks.o(i.vTaskInternalSetTimeOutState)
    vTaskMissedYield                         0x080055c1   Thumb Code     8  tasks.o(i.vTaskMissedYield)
    vTaskPlaceOnEventList                    0x080055cd   Thumb Code    44  tasks.o(i.vTaskPlaceOnEventList)
    vTaskPlaceOnEventListRestricted          0x080055fd   Thumb Code    52  tasks.o(i.vTaskPlaceOnEventListRestricted)
    vTaskPriorityDisinheritAfterTimeout      0x08005635   Thumb Code   134  tasks.o(i.vTaskPriorityDisinheritAfterTimeout)
    vTaskStartScheduler                      0x080056c5   Thumb Code   118  tasks.o(i.vTaskStartScheduler)
    vTaskSuspendAll                          0x0800574d   Thumb Code    10  tasks.o(i.vTaskSuspendAll)
    vTaskSwitchContext                       0x0800575d   Thumb Code    90  tasks.o(i.vTaskSwitchContext)
    view_variables_Task                      0x080057c1   Thumb Code    74  func_uart.o(i.view_variables_Task)
    xPortStartScheduler                      0x08005819   Thumb Code   222  port.o(i.xPortStartScheduler)
    xPortSysTickHandler                      0x0800590d   Thumb Code    38  port.o(i.xPortSysTickHandler)
    xQueueGenericCreate                      0x08005939   Thumb Code    66  queue.o(i.xQueueGenericCreate)
    xQueueGenericCreateStatic                0x0800597b   Thumb Code   102  queue.o(i.xQueueGenericCreateStatic)
    xQueueGenericReset                       0x080059e1   Thumb Code   132  queue.o(i.xQueueGenericReset)
    xQueueGenericSend                        0x08005a69   Thumb Code   346  queue.o(i.xQueueGenericSend)
    xQueueGenericSendFromISR                 0x08005bc9   Thumb Code   190  queue.o(i.xQueueGenericSendFromISR)
    xQueueGiveFromISR                        0x08005c87   Thumb Code   156  queue.o(i.xQueueGiveFromISR)
    xQueueReceive                            0x08005d25   Thumb Code   308  queue.o(i.xQueueReceive)
    xQueueReceiveFromISR                     0x08005e5d   Thumb Code   154  queue.o(i.xQueueReceiveFromISR)
    xQueueSemaphoreTake                      0x08005ef9   Thumb Code   372  queue.o(i.xQueueSemaphoreTake)
    xTaskCheckForTimeOut                     0x08006071   Thumb Code   112  tasks.o(i.xTaskCheckForTimeOut)
    xTaskCreate                              0x080060e5   Thumb Code    90  tasks.o(i.xTaskCreate)
    xTaskCreateStatic                        0x0800613f   Thumb Code    86  tasks.o(i.xTaskCreateStatic)
    xTaskGetSchedulerState                   0x08006195   Thumb Code    22  tasks.o(i.xTaskGetSchedulerState)
    xTaskGetTickCount                        0x080061b1   Thumb Code     6  tasks.o(i.xTaskGetTickCount)
    xTaskIncrementTick                       0x080061bd   Thumb Code   192  tasks.o(i.xTaskIncrementTick)
    xTaskPriorityDisinherit                  0x08006285   Thumb Code   118  tasks.o(i.xTaskPriorityDisinherit)
    xTaskPriorityInherit                     0x08006305   Thumb Code   112  tasks.o(i.xTaskPriorityInherit)
    xTaskRemoveFromEventList                 0x0800637d   Thumb Code    98  tasks.o(i.xTaskRemoveFromEventList)
    xTaskResumeAll                           0x080063ed   Thumb Code   182  tasks.o(i.xTaskResumeAll)
    xTimerCreateTimerTask                    0x080064b1   Thumb Code    78  timers.o(i.xTimerCreateTimerTask)
    xTimerGenericCommand                     0x08006511   Thumb Code    98  timers.o(i.xTimerGenericCommand)
    view_variables_attributes                0x08006578   Data          36  freertos.o(.constdata)
    SendAllPack_attributes                   0x0800659c   Data          36  freertos.o(.constdata)
    Jy901p_Uart_attributes                   0x080065c0   Data          36  freertos.o(.constdata)
    MS5837_Uart_attributes                   0x080065e4   Data          36  freertos.o(.constdata)
    Move_Control_attributes                  0x08006608   Data          36  freertos.o(.constdata)
    wave_distance_trigger_attributes         0x0800662c   Data          36  freertos.o(.constdata)
    send_power_handle_attributes             0x08006650   Data          36  freertos.o(.constdata)
    parse_power_handle_attributes            0x08006674   Data          36  freertos.o(.constdata)
    defaultTask_attributes                   0x08006698   Data          36  freertos.o(.constdata)
    Cycle_led_attributes                     0x080066bc   Data          36  freertos.o(.constdata)
    AHBPrescTable                            0x080066e8   Data          16  system_stm32f4xx.o(.constdata)
    APBPrescTable                            0x080066f8   Data           8  system_stm32f4xx.o(.constdata)
    Region$$Table$$Base                      0x080067a4   Number         0  anon$$obj.o(Region$$Table)
    Region$$Table$$Limit                     0x080067c4   Number         0  anon$$obj.o(Region$$Table)
    view_variables_TaskHandle                0x20000000   Data           4  freertos.o(.data)
    SendAllPack_TaskHandle                   0x20000004   Data           4  freertos.o(.data)
    Jy901p_Uart_TaskHandle                   0x20000008   Data           4  freertos.o(.data)
    MS5837_Uart_TaskHandle                   0x2000000c   Data           4  freertos.o(.data)
    Move_Control_TaskHandle                  0x20000010   Data           4  freertos.o(.data)
    Wave_Distance_Trigger_TaskHandle         0x20000014   Data           4  freertos.o(.data)
    Send_Power_Board_TaskHandle              0x20000018   Data           4  freertos.o(.data)
    Parse_Power_Board_TaskHandle             0x2000001c   Data           4  freertos.o(.data)
    defaultTaskHandle                        0x20000020   Data           4  freertos.o(.data)
    Cycle_ledHandle                          0x20000024   Data           4  freertos.o(.data)
    uwTickFreq                               0x20000028   Data           1  stm32f4xx_hal.o(.data)
    uwTickPrio                               0x2000002c   Data           4  stm32f4xx_hal.o(.data)
    uwTick                                   0x20000030   Data           4  stm32f4xx_hal.o(.data)
    SystemCoreClock                          0x20000034   Data           4  system_stm32f4xx.o(.data)
    uart3_it_flag                            0x20000038   Data           1  chat_with_upper.o(.data)
    c                                        0x2000003c   Data           1  distance_measure.o(.data)
    muart2_cnt                               0x2000003d   Data           1  distance_measure.o(.data)
    muart3_cnt                               0x2000003e   Data           1  distance_measure.o(.data)
    muart_2                                  0x2000003f   Data           1  distance_measure.o(.data)
    muart_3                                  0x20000040   Data           1  distance_measure.o(.data)
    muart2_rx_buf                            0x20000041   Data           5  distance_measure.o(.data)
    muart3_rx_buf                            0x20000046   Data           5  distance_measure.o(.data)
    wave_distance                            0x2000004c   Data           8  distance_measure.o(.data)
    go_forward                               0x20000054   Data           2  move_control.o(.data)
    go_left                                  0x20000056   Data           2  move_control.o(.data)
    go_up                                    0x20000058   Data           2  move_control.o(.data)
    move_yaw                                 0x2000005a   Data           2  move_control.o(.data)
    move_pitch                               0x2000005c   Data           2  move_control.o(.data)
    move_roll                                0x2000005e   Data           2  move_control.o(.data)
    xTimer11Semaphore                        0x20000060   Data           4  move_control.o(.data)
    xTimer14Semaphore                        0x20000064   Data           4  move_control.o(.data)
    roll_target                              0x20000068   Data           4  move_control.o(.data)
    pitch_target                             0x2000006c   Data           4  move_control.o(.data)
    yaw_target                               0x20000070   Data           4  move_control.o(.data)
    uart5_it_flag                            0x20000074   Data           1  transmit_power_board.o(.data)
    switch_send_flag                         0x20000075   Data           1  transmit_power_board.o(.data)
    temperature_power_board                  0x20000078   Data           4  transmit_power_board.o(.data)
    RH_power_board                           0x2000007c   Data           4  transmit_power_board.o(.data)
    electronic_switch                        0x20000080   Data           8  transmit_power_board.o(.data)
    yaw_flag                                 0x20000088   Data           1  jy901p_uart.o(.data)
    start_set                                0x20000089   Data           1  jy901p_uart.o(.data)
    uart2_it_flag                            0x2000008a   Data           1  jy901p_uart.o(.data)
    version                                  0x2000008c   Data           2  jy901p_uart.o(.data)
    accx                                     0x20000090   Data           4  jy901p_uart.o(.data)
    accy                                     0x20000094   Data           4  jy901p_uart.o(.data)
    accz                                     0x20000098   Data           4  jy901p_uart.o(.data)
    angx                                     0x2000009c   Data           4  jy901p_uart.o(.data)
    angy                                     0x200000a0   Data           4  jy901p_uart.o(.data)
    angz                                     0x200000a4   Data           4  jy901p_uart.o(.data)
    magx                                     0x200000a8   Data           4  jy901p_uart.o(.data)
    magy                                     0x200000ac   Data           4  jy901p_uart.o(.data)
    magz                                     0x200000b0   Data           4  jy901p_uart.o(.data)
    roll                                     0x200000b4   Data           4  jy901p_uart.o(.data)
    pitch                                    0x200000b8   Data           4  jy901p_uart.o(.data)
    yaw                                      0x200000bc   Data           4  jy901p_uart.o(.data)
    temperature_jy901p                       0x200000c0   Data           4  jy901p_uart.o(.data)
    roll_last                                0x200000c4   Data           4  jy901p_uart.o(.data)
    pitch_last                               0x200000c8   Data           4  jy901p_uart.o(.data)
    yaw_last                                 0x200000cc   Data           4  jy901p_uart.o(.data)
    roll_total                               0x200000d0   Data           4  jy901p_uart.o(.data)
    pitch_total                              0x200000d4   Data           4  jy901p_uart.o(.data)
    yaw_total                                0x200000d8   Data           4  jy901p_uart.o(.data)
    yaw_total_start                          0x200000dc   Data           4  jy901p_uart.o(.data)
    roll_start                               0x200000e0   Data           4  jy901p_uart.o(.data)
    pitch_start                              0x200000e4   Data           4  jy901p_uart.o(.data)
    yaw_start                                0x200000e8   Data           4  jy901p_uart.o(.data)
    turns_of_pitch                           0x200000ec   Data           4  jy901p_uart.o(.data)
    turns_of_roll                            0x200000f0   Data           4  jy901p_uart.o(.data)
    turns_of_yaw                             0x200000f4   Data           4  jy901p_uart.o(.data)
    bmp280_temperature                       0x200000fc   Data           4  ath20_bmp280.o(.data)
    bmp280_pressure                          0x20000100   Data           4  ath20_bmp280.o(.data)
    ath20_humidity                           0x20000104   Data           4  ath20_bmp280.o(.data)
    ath20_temperature                        0x20000108   Data           4  ath20_bmp280.o(.data)
    xTimer10Semaphore                        0x20000140   Data           4  move_drv.o(.data)
    actual_roll                              0x20000144   Data           4  move_drv.o(.data)
    actual_pitch                             0x20000148   Data           4  move_drv.o(.data)
    actual_yaw                               0x2000014c   Data           4  move_drv.o(.data)
    uart4_it_flag                            0x20000150   Data           1  ms5837_uart.o(.data)
    ms5837_temperature                       0x20000154   Data           4  ms5837_uart.o(.data)
    ms5837_depth                             0x20000158   Data           4  ms5837_uart.o(.data)
    ms5837_pressure                          0x2000015c   Data           4  ms5837_uart.o(.data)
    pxCurrentTCB                             0x20000164   Data           4  tasks.o(.data)
    hi2c2                                    0x200001e4   Data          84  i2c.o(.bss)
    htim1                                    0x20000238   Data          72  tim.o(.bss)
    htim2                                    0x20000280   Data          72  tim.o(.bss)
    htim3                                    0x200002c8   Data          72  tim.o(.bss)
    htim4                                    0x20000310   Data          72  tim.o(.bss)
    htim10                                   0x20000358   Data          72  tim.o(.bss)
    htim11                                   0x200003a0   Data          72  tim.o(.bss)
    htim14                                   0x200003e8   Data          72  tim.o(.bss)
    huart4                                   0x20000430   Data          72  usart.o(.bss)
    huart5                                   0x20000478   Data          72  usart.o(.bss)
    huart1                                   0x200004c0   Data          72  usart.o(.bss)
    huart2                                   0x20000508   Data          72  usart.o(.bss)
    huart3                                   0x20000550   Data          72  usart.o(.bss)
    huart6                                   0x20000598   Data          72  usart.o(.bss)
    hdma_uart4_rx                            0x200005e0   Data          96  usart.o(.bss)
    hdma_uart4_tx                            0x20000640   Data          96  usart.o(.bss)
    hdma_uart5_rx                            0x200006a0   Data          96  usart.o(.bss)
    hdma_uart5_tx                            0x20000700   Data          96  usart.o(.bss)
    hdma_usart1_rx                           0x20000760   Data          96  usart.o(.bss)
    hdma_usart1_tx                           0x200007c0   Data          96  usart.o(.bss)
    hdma_usart2_rx                           0x20000820   Data          96  usart.o(.bss)
    hdma_usart2_tx                           0x20000880   Data          96  usart.o(.bss)
    hdma_usart3_rx                           0x200008e0   Data          96  usart.o(.bss)
    hdma_usart3_tx                           0x20000940   Data          96  usart.o(.bss)
    hdma_usart6_rx                           0x200009a0   Data          96  usart.o(.bss)
    hdma_usart6_tx                           0x20000a00   Data          96  usart.o(.bss)
    htim6                                    0x20000a60   Data          72  stm32f4xx_hal_timebase_tim.o(.bss)
    parse_rx_buf                             0x20000aa8   Data         256  chat_with_upper.o(.bss)
    uart3_msg                                0x20000ba8   Data         258  chat_with_upper.o(.bss)
    current_adc_data                         0x20000caa   Data          18  transmit_power_board.o(.bss)
    Tx_buffer_5                              0x20000cbc   Data          25  transmit_power_board.o(.bss)
    uart5_msg                                0x20000cd6   Data         258  transmit_power_board.o(.bss)
    uart5_buf                                0x20000dd8   Data         256  transmit_power_board.o(.bss)
    uart2_msg                                0x20000ed8   Data          66  jy901p_uart.o(.bss)
    jy901_rx_buffer                          0x20000f1a   Data          64  jy901p_uart.o(.bss)
    move_err                                 0x20000fb0   Data          24  move_drv.o(.bss)
    depth_PID                                0x20000fc8   Data          28  move_drv.o(.bss)
    roll_pid                                 0x20000fe4   Data          28  move_drv.o(.bss)
    pitch_pid                                0x20001000   Data          28  move_drv.o(.bss)
    yaw_pid                                  0x2000101c   Data          28  move_drv.o(.bss)
    motor_set_data                           0x20001038   Data          16  move_drv.o(.bss)
    uart4_msg                                0x20001048   Data          34  ms5837_uart.o(.bss)
    uart4_rx_buffer                          0x2000106a   Data          32  ms5837_uart.o(.bss)
    xQueueRegistry                           0x2000115c   Data          64  queue.o(.bss)
    __initial_sp                             0x20005e30   Data           0  startup_stm32f407xx.o(STACK)



==============================================================================

Memory Map of the image

  Image Entry point : 0x08000189

  Load Region LR_IROM1 (Base: 0x08000000, Size: 0x000069a8, Max: 0x00080000, ABSOLUTE, COMPRESSED[0x000067d4])

    Execution Region ER_IROM1 (Exec base: 0x08000000, Load base: 0x08000000, Size: 0x000067c4, Max: 0x00080000, ABSOLUTE)

    Exec Addr    Load Addr    Size         Type   Attr      Idx    E Section Name        Object

    0x08000000   0x08000000   0x00000188   Data   RO            3    RESET               startup_stm32f407xx.o
    0x08000188   0x08000188   0x00000000   Code   RO         6237  * .ARM.Collect$$$$00000000  mc_w.l(entry.o)
    0x08000188   0x08000188   0x00000004   Code   RO         6518    .ARM.Collect$$$$00000001  mc_w.l(entry2.o)
    0x0800018c   0x0800018c   0x00000004   Code   RO         6521    .ARM.Collect$$$$00000004  mc_w.l(entry5.o)
    0x08000190   0x08000190   0x00000000   Code   RO         6523    .ARM.Collect$$$$00000008  mc_w.l(entry7b.o)
    0x08000190   0x08000190   0x00000000   Code   RO         6525    .ARM.Collect$$$$0000000A  mc_w.l(entry8b.o)
    0x08000190   0x08000190   0x00000008   Code   RO         6526    .ARM.Collect$$$$0000000B  mc_w.l(entry9a.o)
    0x08000198   0x08000198   0x00000004   Code   RO         6533    .ARM.Collect$$$$0000000E  mc_w.l(entry12b.o)
    0x0800019c   0x0800019c   0x00000000   Code   RO         6528    .ARM.Collect$$$$0000000F  mc_w.l(entry10a.o)
    0x0800019c   0x0800019c   0x00000000   Code   RO         6530    .ARM.Collect$$$$00000011  mc_w.l(entry11a.o)
    0x0800019c   0x0800019c   0x00000004   Code   RO         6519    .ARM.Collect$$$$00002712  mc_w.l(entry2.o)
    0x080001a0   0x080001a0   0x000000be   Code   RO         6160    .emb_text           port.o
    0x0800025e   0x0800025e   0x00000002   PAD
    0x08000260   0x08000260   0x00000024   Code   RO            4    .text               startup_stm32f407xx.o
    0x08000284   0x08000284   0x00000062   Code   RO         6240    .text               mc_w.l(uldiv.o)
    0x080002e6   0x080002e6   0x00000024   Code   RO         6244    .text               mc_w.l(memcpya.o)
    0x0800030a   0x0800030a   0x00000024   Code   RO         6248    .text               mc_w.l(memseta.o)
    0x0800032e   0x0800032e   0x0000001a   Code   RO         6250    .text               mc_w.l(memcmp.o)
    0x08000348   0x08000348   0x00000026   Code   RO         6514    .text               mf_w.l(f2d.o)
    0x0800036e   0x0800036e   0x00000038   Code   RO         6516    .text               mf_w.l(d2f.o)
    0x080003a6   0x080003a6   0x0000001e   Code   RO         6537    .text               mc_w.l(llshl.o)
    0x080003c4   0x080003c4   0x00000020   Code   RO         6539    .text               mc_w.l(llushr.o)
    0x080003e4   0x080003e4   0x00000000   Code   RO         6541    .text               mc_w.l(iusefp.o)
    0x080003e4   0x080003e4   0x0000006e   Code   RO         6542    .text               mf_w.l(fepilogue.o)
    0x08000452   0x08000452   0x00000002   PAD
    0x08000454   0x08000454   0x00000024   Code   RO         6554    .text               mc_w.l(init.o)
    0x08000478   0x08000478   0x00000056   Code   RO         6568    .text               mc_w.l(__dczerorl2.o)
    0x080004ce   0x080004ce   0x00000002   Code   RO          553    i.BusFault_Handler  stm32f4xx_it.o
    0x080004d0   0x080004d0   0x0000001c   Code   RO          247    i.Cycle_led_Task    freertos.o
    0x080004ec   0x080004ec   0x0000000c   Code   RO          554    i.DMA1_Stream0_IRQHandler  stm32f4xx_it.o
    0x080004f8   0x080004f8   0x0000000c   Code   RO          555    i.DMA1_Stream1_IRQHandler  stm32f4xx_it.o
    0x08000504   0x08000504   0x0000000c   Code   RO          556    i.DMA1_Stream2_IRQHandler  stm32f4xx_it.o
    0x08000510   0x08000510   0x0000000c   Code   RO          557    i.DMA1_Stream3_IRQHandler  stm32f4xx_it.o
    0x0800051c   0x0800051c   0x0000000c   Code   RO          558    i.DMA1_Stream4_IRQHandler  stm32f4xx_it.o
    0x08000528   0x08000528   0x0000000c   Code   RO          559    i.DMA1_Stream5_IRQHandler  stm32f4xx_it.o
    0x08000534   0x08000534   0x0000000c   Code   RO          560    i.DMA1_Stream6_IRQHandler  stm32f4xx_it.o
    0x08000540   0x08000540   0x0000000c   Code   RO          561    i.DMA1_Stream7_IRQHandler  stm32f4xx_it.o
    0x0800054c   0x0800054c   0x0000000c   Code   RO          562    i.DMA2_Stream1_IRQHandler  stm32f4xx_it.o
    0x08000558   0x08000558   0x0000000c   Code   RO          563    i.DMA2_Stream2_IRQHandler  stm32f4xx_it.o
    0x08000564   0x08000564   0x0000000c   Code   RO          564    i.DMA2_Stream6_IRQHandler  stm32f4xx_it.o
    0x08000570   0x08000570   0x0000000c   Code   RO          565    i.DMA2_Stream7_IRQHandler  stm32f4xx_it.o
    0x0800057c   0x0800057c   0x00000028   Code   RO         2245    i.DMA_CalcBaseAndBitshift  stm32f4xx_hal_dma.o
    0x080005a4   0x080005a4   0x00000054   Code   RO         2246    i.DMA_CheckFifoParam  stm32f4xx_hal_dma.o
    0x080005f8   0x080005f8   0x00000028   Code   RO         2247    i.DMA_SetConfig     stm32f4xx_hal_dma.o
    0x08000620   0x08000620   0x00000002   Code   RO          566    i.DebugMon_Handler  stm32f4xx_it.o
    0x08000622   0x08000622   0x00000004   Code   RO           13    i.Error_Handler     main.o
    0x08000626   0x08000626   0x00000092   Code   RO         2248    i.HAL_DMA_Abort     stm32f4xx_hal_dma.o
    0x080006b8   0x080006b8   0x00000024   Code   RO         2249    i.HAL_DMA_Abort_IT  stm32f4xx_hal_dma.o
    0x080006dc   0x080006dc   0x000001a0   Code   RO         2253    i.HAL_DMA_IRQHandler  stm32f4xx_hal_dma.o
    0x0800087c   0x0800087c   0x000000d4   Code   RO         2254    i.HAL_DMA_Init      stm32f4xx_hal_dma.o
    0x08000950   0x08000950   0x0000006e   Code   RO         2258    i.HAL_DMA_Start_IT  stm32f4xx_hal_dma.o
    0x080009be   0x080009be   0x00000002   PAD
    0x080009c0   0x080009c0   0x000001f0   Code   RO         2141    i.HAL_GPIO_Init     stm32f4xx_hal_gpio.o
    0x08000bb0   0x08000bb0   0x0000000a   Code   RO         2143    i.HAL_GPIO_ReadPin  stm32f4xx_hal_gpio.o
    0x08000bba   0x08000bba   0x00000010   Code   RO         2144    i.HAL_GPIO_TogglePin  stm32f4xx_hal_gpio.o
    0x08000bca   0x08000bca   0x0000000a   Code   RO         2145    i.HAL_GPIO_WritePin  stm32f4xx_hal_gpio.o
    0x08000bd4   0x08000bd4   0x0000000c   Code   RO         2691    i.HAL_GetTick       stm32f4xx_hal.o
    0x08000be0   0x08000be0   0x00000188   Code   RO         2947    i.HAL_I2C_Init      stm32f4xx_hal_i2c.o
    0x08000d68   0x08000d68   0x0000006c   Code   RO          356    i.HAL_I2C_MspInit   i2c.o
    0x08000dd4   0x08000dd4   0x00000010   Code   RO         2697    i.HAL_IncTick       stm32f4xx_hal.o
    0x08000de4   0x08000de4   0x00000034   Code   RO         2698    i.HAL_Init          stm32f4xx_hal.o
    0x08000e18   0x08000e18   0x00000098   Code   RO          774    i.HAL_InitTick      stm32f4xx_hal_timebase_tim.o
    0x08000eb0   0x08000eb0   0x00000038   Code   RO          750    i.HAL_MspInit       stm32f4xx_hal_msp.o
    0x08000ee8   0x08000ee8   0x0000001a   Code   RO         2533    i.HAL_NVIC_EnableIRQ  stm32f4xx_hal_cortex.o
    0x08000f02   0x08000f02   0x00000002   PAD
    0x08000f04   0x08000f04   0x00000040   Code   RO         2539    i.HAL_NVIC_SetPriority  stm32f4xx_hal_cortex.o
    0x08000f44   0x08000f44   0x00000024   Code   RO         2540    i.HAL_NVIC_SetPriorityGrouping  stm32f4xx_hal_cortex.o
    0x08000f68   0x08000f68   0x00000134   Code   RO         1787    i.HAL_RCC_ClockConfig  stm32f4xx_hal_rcc.o
    0x0800109c   0x0800109c   0x00000040   Code   RO         1791    i.HAL_RCC_GetClockConfig  stm32f4xx_hal_rcc.o
    0x080010dc   0x080010dc   0x00000020   Code   RO         1794    i.HAL_RCC_GetPCLK1Freq  stm32f4xx_hal_rcc.o
    0x080010fc   0x080010fc   0x00000020   Code   RO         1795    i.HAL_RCC_GetPCLK2Freq  stm32f4xx_hal_rcc.o
    0x0800111c   0x0800111c   0x00000064   Code   RO         1796    i.HAL_RCC_GetSysClockFreq  stm32f4xx_hal_rcc.o
    0x08001180   0x08001180   0x0000036c   Code   RO         1799    i.HAL_RCC_OscConfig  stm32f4xx_hal_rcc.o
    0x080014ec   0x080014ec   0x00000002   Code   RO         1519    i.HAL_TIMEx_BreakCallback  stm32f4xx_hal_tim_ex.o
    0x080014ee   0x080014ee   0x00000002   Code   RO         1520    i.HAL_TIMEx_CommutCallback  stm32f4xx_hal_tim_ex.o
    0x080014f0   0x080014f0   0x00000054   Code   RO         1522    i.HAL_TIMEx_ConfigBreakDeadTime  stm32f4xx_hal_tim_ex.o
    0x08001544   0x08001544   0x00000090   Code   RO         1538    i.HAL_TIMEx_MasterConfigSynchronization  stm32f4xx_hal_tim_ex.o
    0x080015d4   0x080015d4   0x0000005a   Code   RO          815    i.HAL_TIM_Base_Init  stm32f4xx_hal_tim.o
    0x0800162e   0x0800162e   0x00000002   PAD
    0x08001630   0x08001630   0x00000104   Code   RO          398    i.HAL_TIM_Base_MspInit  tim.o
    0x08001734   0x08001734   0x00000080   Code   RO          820    i.HAL_TIM_Base_Start_IT  stm32f4xx_hal_tim.o
    0x080017b4   0x080017b4   0x000000dc   Code   RO          824    i.HAL_TIM_ConfigClockSource  stm32f4xx_hal_tim.o
    0x08001890   0x08001890   0x00000002   Code   RO          849    i.HAL_TIM_IC_CaptureCallback  stm32f4xx_hal_tim.o
    0x08001892   0x08001892   0x00000130   Code   RO          863    i.HAL_TIM_IRQHandler  stm32f4xx_hal_tim.o
    0x080019c2   0x080019c2   0x00000002   PAD
    0x080019c4   0x080019c4   0x000000f0   Code   RO          399    i.HAL_TIM_MspPostInit  tim.o
    0x08001ab4   0x08001ab4   0x00000052   Code   RO          864    i.HAL_TIM_OC_ConfigChannel  stm32f4xx_hal_tim.o
    0x08001b06   0x08001b06   0x00000002   Code   RO          866    i.HAL_TIM_OC_DelayElapsedCallback  stm32f4xx_hal_tim.o
    0x08001b08   0x08001b08   0x0000005a   Code   RO          868    i.HAL_TIM_OC_Init   stm32f4xx_hal_tim.o
    0x08001b62   0x08001b62   0x00000002   Code   RO          870    i.HAL_TIM_OC_MspInit  stm32f4xx_hal_tim.o
    0x08001b64   0x08001b64   0x000000cc   Code   RO          887    i.HAL_TIM_PWM_ConfigChannel  stm32f4xx_hal_tim.o
    0x08001c30   0x08001c30   0x0000005a   Code   RO          890    i.HAL_TIM_PWM_Init  stm32f4xx_hal_tim.o
    0x08001c8a   0x08001c8a   0x00000002   Code   RO          892    i.HAL_TIM_PWM_MspInit  stm32f4xx_hal_tim.o
    0x08001c8c   0x08001c8c   0x00000002   Code   RO          893    i.HAL_TIM_PWM_PulseFinishedCallback  stm32f4xx_hal_tim.o
    0x08001c8e   0x08001c8e   0x00000002   PAD
    0x08001c90   0x08001c90   0x00000074   Code   RO           14    i.HAL_TIM_PeriodElapsedCallback  main.o
    0x08001d04   0x08001d04   0x00000002   Code   RO          906    i.HAL_TIM_TriggerCallback  stm32f4xx_hal_tim.o
    0x08001d06   0x08001d06   0x00000002   Code   RO         3403    i.HAL_UARTEx_RxEventCallback  stm32f4xx_hal_uart.o
    0x08001d08   0x08001d08   0x00000070   Code   RO         3415    i.HAL_UART_DMAStop  stm32f4xx_hal_uart.o
    0x08001d78   0x08001d78   0x00000002   Code   RO         3417    i.HAL_UART_ErrorCallback  stm32f4xx_hal_uart.o
    0x08001d7a   0x08001d7a   0x00000002   PAD
    0x08001d7c   0x08001d7c   0x00000280   Code   RO         3420    i.HAL_UART_IRQHandler  stm32f4xx_hal_uart.o
    0x08001ffc   0x08001ffc   0x00000064   Code   RO         3421    i.HAL_UART_Init     stm32f4xx_hal_uart.o
    0x08002060   0x08002060   0x0000049c   Code   RO          482    i.HAL_UART_MspInit  usart.o
    0x080024fc   0x080024fc   0x0000001c   Code   RO         3425    i.HAL_UART_Receive_DMA  stm32f4xx_hal_uart.o
    0x08002518   0x08002518   0x00000002   Code   RO         3427    i.HAL_UART_RxCpltCallback  stm32f4xx_hal_uart.o
    0x0800251a   0x0800251a   0x00000002   Code   RO         3428    i.HAL_UART_RxHalfCpltCallback  stm32f4xx_hal_uart.o
    0x0800251c   0x0800251c   0x000000a0   Code   RO         3429    i.HAL_UART_Transmit  stm32f4xx_hal_uart.o
    0x080025bc   0x080025bc   0x00000084   Code   RO         3430    i.HAL_UART_Transmit_DMA  stm32f4xx_hal_uart.o
    0x08002640   0x08002640   0x00000018   Code   RO         4150    i.HAL_UART_TxCpltCallback  func_uart.o
    0x08002658   0x08002658   0x00000002   Code   RO         3433    i.HAL_UART_TxHalfCpltCallback  stm32f4xx_hal_uart.o
    0x0800265a   0x0800265a   0x00000002   Code   RO          567    i.HardFault_Handler  stm32f4xx_it.o
    0x0800265c   0x0800265c   0x000002e8   Code   RO         4096    i.JY901_ParseData   jy901p_uart.o
    0x08002944   0x08002944   0x00000028   Code   RO         4097    i.JY901_ProcessTask  jy901p_uart.o
    0x0800296c   0x0800296c   0x00000024   Code   RO         4098    i.JY901_UART_Init   jy901p_uart.o
    0x08002990   0x08002990   0x00000028   Code   RO         4369    i.MS5837_ProcessTask  ms5837_uart.o
    0x080029b8   0x080029b8   0x000000ec   Code   RO          331    i.MX_DMA_Init       dma.o
    0x08002aa4   0x08002aa4   0x000000d8   Code   RO          248    i.MX_FREERTOS_Init  freertos.o
    0x08002b7c   0x08002b7c   0x0000014c   Code   RO          223    i.MX_GPIO_Init      gpio.o
    0x08002cc8   0x08002cc8   0x00000040   Code   RO          357    i.MX_I2C2_Init      i2c.o
    0x08002d08   0x08002d08   0x00000038   Code   RO          400    i.MX_TIM10_Init     tim.o
    0x08002d40   0x08002d40   0x00000038   Code   RO          401    i.MX_TIM11_Init     tim.o
    0x08002d78   0x08002d78   0x00000038   Code   RO          402    i.MX_TIM14_Init     tim.o
    0x08002db0   0x08002db0   0x000000fc   Code   RO          403    i.MX_TIM1_Init      tim.o
    0x08002eac   0x08002eac   0x000000cc   Code   RO          404    i.MX_TIM2_Init      tim.o
    0x08002f78   0x08002f78   0x000000d0   Code   RO          405    i.MX_TIM3_Init      tim.o
    0x08003048   0x08003048   0x00000094   Code   RO          406    i.MX_TIM4_Init      tim.o
    0x080030dc   0x080030dc   0x00000038   Code   RO          483    i.MX_UART4_Init     usart.o
    0x08003114   0x08003114   0x00000038   Code   RO          484    i.MX_UART5_Init     usart.o
    0x0800314c   0x0800314c   0x00000038   Code   RO          485    i.MX_USART1_UART_Init  usart.o
    0x08003184   0x08003184   0x00000038   Code   RO          486    i.MX_USART2_UART_Init  usart.o
    0x080031bc   0x080031bc   0x00000038   Code   RO          487    i.MX_USART3_UART_Init  usart.o
    0x080031f4   0x080031f4   0x00000038   Code   RO          488    i.MX_USART6_UART_Init  usart.o
    0x0800322c   0x0800322c   0x00000002   Code   RO          568    i.MemManage_Handler  stm32f4xx_it.o
    0x0800322e   0x0800322e   0x00000002   PAD
    0x08003230   0x08003230   0x000000cc   Code   RO         4283    i.Move_basic_Init   move_drv.o
    0x080032fc   0x080032fc   0x0000017c   Code   RO         4447    i.My_TIM4_IRQHandler  software_uart.o
    0x08003478   0x08003478   0x00000002   Code   RO          569    i.NMI_Handler       stm32f4xx_it.o
    0x0800347a   0x0800347a   0x00000002   PAD
    0x0800347c   0x0800347c   0x00000020   Code   RO         4284    i.PID_Init          move_drv.o
    0x0800349c   0x0800349c   0x00000024   Code   RO         4370    i.Parser4_Init      ms5837_uart.o
    0x080034c0   0x080034c0   0x00000024   Code   RO         3793    i.Parser_Init       chat_with_upper.o
    0x080034e4   0x080034e4   0x00000038   Code   RO         3794    i.SendAllPack_Task  chat_with_upper.o
    0x0800351c   0x0800351c   0x00000008   Code   RO          249    i.StartDefaultTask  freertos.o
    0x08003524   0x08003524   0x0000001a   Code   RO         5595    i.SysTick_Handler   cmsis_os2.o
    0x0800353e   0x0800353e   0x00000002   PAD
    0x08003540   0x08003540   0x00000094   Code   RO           15    i.SystemClock_Config  main.o
    0x080035d4   0x080035d4   0x00000010   Code   RO         3755    i.SystemInit        system_stm32f4xx.o
    0x080035e4   0x080035e4   0x0000001c   Code   RO          570    i.TIM1_TRG_COM_TIM11_IRQHandler  stm32f4xx_it.o
    0x08003600   0x08003600   0x0000001c   Code   RO          571    i.TIM1_UP_TIM10_IRQHandler  stm32f4xx_it.o
    0x0800361c   0x0800361c   0x00000014   Code   RO          572    i.TIM4_IRQHandler   stm32f4xx_it.o
    0x08003630   0x08003630   0x0000000c   Code   RO          573    i.TIM6_DAC_IRQHandler  stm32f4xx_it.o
    0x0800363c   0x0800363c   0x000000d0   Code   RO          908    i.TIM_Base_SetConfig  stm32f4xx_hal_tim.o
    0x0800370c   0x0800370c   0x00000014   Code   RO          919    i.TIM_ETR_SetConfig  stm32f4xx_hal_tim.o
    0x08003720   0x08003720   0x00000010   Code   RO          920    i.TIM_ITRx_SetConfig  stm32f4xx_hal_tim.o
    0x08003730   0x08003730   0x00000060   Code   RO          921    i.TIM_OC1_SetConfig  stm32f4xx_hal_tim.o
    0x08003790   0x08003790   0x0000006c   Code   RO          922    i.TIM_OC2_SetConfig  stm32f4xx_hal_tim.o
    0x080037fc   0x080037fc   0x00000068   Code   RO          923    i.TIM_OC3_SetConfig  stm32f4xx_hal_tim.o
    0x08003864   0x08003864   0x00000050   Code   RO          924    i.TIM_OC4_SetConfig  stm32f4xx_hal_tim.o
    0x080038b4   0x080038b4   0x00000022   Code   RO          926    i.TIM_TI1_ConfigInputStage  stm32f4xx_hal_tim.o
    0x080038d6   0x080038d6   0x00000024   Code   RO          928    i.TIM_TI2_ConfigInputStage  stm32f4xx_hal_tim.o
    0x080038fa   0x080038fa   0x00000002   PAD
    0x080038fc   0x080038fc   0x0000004c   Code   RO         3879    i.Trigger_Distance_Mearsure_Task  distance_measure.o
    0x08003948   0x08003948   0x0000005c   Code   RO         4099    i.UART2_IT_TASK     jy901p_uart.o
    0x080039a4   0x080039a4   0x00000060   Code   RO         3795    i.UART3_IT_TASK     chat_with_upper.o
    0x08003a04   0x08003a04   0x00000014   Code   RO          574    i.UART4_IRQHandler  stm32f4xx_it.o
    0x08003a18   0x08003a18   0x00000058   Code   RO         4371    i.UART4_IT_TASK     ms5837_uart.o
    0x08003a70   0x08003a70   0x00000014   Code   RO          575    i.UART5_IRQHandler  stm32f4xx_it.o
    0x08003a84   0x08003a84   0x00000060   Code   RO         4004    i.UART5_IT_TASK     transmit_power_board.o
    0x08003ae4   0x08003ae4   0x0000000e   Code   RO         3434    i.UART_DMAAbortOnError  stm32f4xx_hal_uart.o
    0x08003af2   0x08003af2   0x0000004a   Code   RO         3435    i.UART_DMAError     stm32f4xx_hal_uart.o
    0x08003b3c   0x08003b3c   0x00000086   Code   RO         3436    i.UART_DMAReceiveCplt  stm32f4xx_hal_uart.o
    0x08003bc2   0x08003bc2   0x0000001e   Code   RO         3438    i.UART_DMARxHalfCplt  stm32f4xx_hal_uart.o
    0x08003be0   0x08003be0   0x00000042   Code   RO         3440    i.UART_DMATransmitCplt  stm32f4xx_hal_uart.o
    0x08003c22   0x08003c22   0x0000000a   Code   RO         3442    i.UART_DMATxHalfCplt  stm32f4xx_hal_uart.o
    0x08003c2c   0x08003c2c   0x0000004e   Code   RO         3444    i.UART_EndRxTransfer  stm32f4xx_hal_uart.o
    0x08003c7a   0x08003c7a   0x0000001c   Code   RO         3445    i.UART_EndTxTransfer  stm32f4xx_hal_uart.o
    0x08003c96   0x08003c96   0x000000c2   Code   RO         3446    i.UART_Receive_IT   stm32f4xx_hal_uart.o
    0x08003d58   0x08003d58   0x00000088   Code   RO         4152    i.UART_SendFloats_DMA  func_uart.o
    0x08003de0   0x08003de0   0x0000010c   Code   RO         3447    i.UART_SetConfig    stm32f4xx_hal_uart.o
    0x08003eec   0x08003eec   0x000000a0   Code   RO         3448    i.UART_Start_Receive_DMA  stm32f4xx_hal_uart.o
    0x08003f8c   0x08003f8c   0x00000072   Code   RO         3450    i.UART_WaitOnFlagUntilTimeout  stm32f4xx_hal_uart.o
    0x08003ffe   0x08003ffe   0x00000002   PAD
    0x08004000   0x08004000   0x0000000c   Code   RO          576    i.USART1_IRQHandler  stm32f4xx_it.o
    0x0800400c   0x0800400c   0x00000014   Code   RO          577    i.USART2_IRQHandler  stm32f4xx_it.o
    0x08004020   0x08004020   0x00000014   Code   RO          578    i.USART3_IRQHandler  stm32f4xx_it.o
    0x08004034   0x08004034   0x0000000c   Code   RO          579    i.USART6_IRQHandler  stm32f4xx_it.o
    0x08004040   0x08004040   0x00000024   Code   RO         4005    i.Uart5_Parse_Init  transmit_power_board.o
    0x08004064   0x08004064   0x00000028   Code   RO         4006    i.Uart5_Parse_Task  transmit_power_board.o
    0x0800408c   0x0800408c   0x00000002   Code   RO          580    i.UsageFault_Handler  stm32f4xx_it.o
    0x0800408e   0x0800408e   0x00000020   Code   RO         2546    i.__NVIC_SetPriority  stm32f4xx_hal_cortex.o
    0x080040ae   0x080040ae   0x0000000e   Code   RO         6562    i.__scatterload_copy  mc_w.l(handlers.o)
    0x080040bc   0x080040bc   0x00000002   Code   RO         6563    i.__scatterload_null  mc_w.l(handlers.o)
    0x080040be   0x080040be   0x0000000e   Code   RO         6564    i.__scatterload_zeroinit  mc_w.l(handlers.o)
    0x080040cc   0x080040cc   0x000001e0   Code   RO         3796    i.data_packup       chat_with_upper.o
    0x080042ac   0x080042ac   0x00000048   Code   RO         3798    i.float_pack        chat_with_upper.o
    0x080042f4   0x080042f4   0x0000007c   Code   RO           16    i.main              main.o
    0x08004370   0x08004370   0x0000009c   Code   RO         4286    i.motor_basic_output  move_drv.o
    0x0800440c   0x0800440c   0x00000090   Code   RO         4287    i.motor_set         move_drv.o
    0x0800449c   0x0800449c   0x0000001a   Code   RO         5597    i.osDelay           cmsis_os2.o
    0x080044b6   0x080044b6   0x00000002   PAD
    0x080044b8   0x080044b8   0x00000024   Code   RO         5611    i.osKernelInitialize  cmsis_os2.o
    0x080044dc   0x080044dc   0x00000038   Code   RO         5614    i.osKernelStart     cmsis_os2.o
    0x08004514   0x08004514   0x0000008a   Code   RO         5656    i.osThreadNew       cmsis_os2.o
    0x0800459e   0x0800459e   0x00000002   PAD
    0x080045a0   0x080045a0   0x00000144   Code   RO         4010    i.parsePowerBoardFrame  transmit_power_board.o
    0x080046e4   0x080046e4   0x0000002c   Code   RO         4372    i.parse_frame       ms5837_uart.o
    0x08004710   0x08004710   0x000000ec   Code   RO         4373    i.parse_value       ms5837_uart.o
    0x080047fc   0x080047fc   0x0000005c   Code   RO         5068    i.prvAddCurrentTaskToDelayedList  tasks.o
    0x08004858   0x08004858   0x000000d0   Code   RO         5069    i.prvAddNewTaskToReadyList  tasks.o
    0x08004928   0x08004928   0x00000058   Code   RO         5433    i.prvCheckForValidListAndQueue  timers.o
    0x08004980   0x08004980   0x00000026   Code   RO         4665    i.prvCopyDataFromQueue  queue.o
    0x080049a6   0x080049a6   0x0000006c   Code   RO         4666    i.prvCopyDataToQueue  queue.o
    0x08004a12   0x08004a12   0x00000034   Code   RO         5070    i.prvDeleteTCB      tasks.o
    0x08004a46   0x08004a46   0x00000002   PAD
    0x08004a48   0x08004a48   0x0000004c   Code   RO         6105    i.prvHeapInit       heap_4.o
    0x08004a94   0x08004a94   0x00000060   Code   RO         5071    i.prvIdleTask       tasks.o
    0x08004af4   0x08004af4   0x00000022   Code   RO         4668    i.prvInitialiseNewQueue  queue.o
    0x08004b16   0x08004b16   0x00000002   PAD
    0x08004b18   0x08004b18   0x000000b0   Code   RO         5072    i.prvInitialiseNewTask  tasks.o
    0x08004bc8   0x08004bc8   0x0000004c   Code   RO         6106    i.prvInsertBlockIntoFreeList  heap_4.o
    0x08004c14   0x08004c14   0x00000038   Code   RO         5435    i.prvInsertTimerInActiveList  timers.o
    0x08004c4c   0x08004c4c   0x0000001c   Code   RO         4669    i.prvIsQueueEmpty   queue.o
    0x08004c68   0x08004c68   0x000000fc   Code   RO         5436    i.prvProcessReceivedCommands  timers.o
    0x08004d64   0x08004d64   0x000000c0   Code   RO         5437    i.prvProcessTimerOrBlockTask  timers.o
    0x08004e24   0x08004e24   0x00000020   Code   RO         5074    i.prvResetNextTaskUnblockTime  tasks.o
    0x08004e44   0x08004e44   0x00000028   Code   RO         5438    i.prvSampleTimeNow  timers.o
    0x08004e6c   0x08004e6c   0x0000006c   Code   RO         5439    i.prvSwitchTimerLists  timers.o
    0x08004ed8   0x08004ed8   0x00000028   Code   RO         6161    i.prvTaskExitError  port.o
    0x08004f00   0x08004f00   0x00000024   Code   RO         5440    i.prvTimerTask      timers.o
    0x08004f24   0x08004f24   0x0000006a   Code   RO         4670    i.prvUnlockQueue    queue.o
    0x08004f8e   0x08004f8e   0x00000002   PAD
    0x08004f90   0x08004f90   0x000000dc   Code   RO         6107    i.pvPortMalloc      heap_4.o
    0x0800506c   0x0800506c   0x00000018   Code   RO         5077    i.pvTaskIncrementMutexHeldCount  tasks.o
    0x08005084   0x08005084   0x00000048   Code   RO         4291    i.pwm_set           move_drv.o
    0x080050cc   0x080050cc   0x0000002c   Code   RO         6162    i.pxPortInitialiseStack  port.o
    0x080050f8   0x080050f8   0x00000068   Code   RO         4012    i.send_data_assembly  transmit_power_board.o
    0x08005160   0x08005160   0x00000030   Code   RO         4014    i.switch_Process_Task  transmit_power_board.o
    0x08005190   0x08005190   0x0000016c   Code   RO         4292    i.upper_move_process  move_drv.o
    0x080052fc   0x080052fc   0x00000026   Code   RO         4625    i.uxListRemove      list.o
    0x08005322   0x08005322   0x00000002   PAD
    0x08005324   0x08005324   0x00000014   Code   RO         5668    i.vApplicationGetIdleTaskMemory  cmsis_os2.o
    0x08005338   0x08005338   0x00000018   Code   RO         5669    i.vApplicationGetTimerTaskMemory  cmsis_os2.o
    0x08005350   0x08005350   0x00000016   Code   RO         4626    i.vListInitialise   list.o
    0x08005366   0x08005366   0x00000006   Code   RO         4627    i.vListInitialiseItem  list.o
    0x0800536c   0x0800536c   0x00000030   Code   RO         4628    i.vListInsert       list.o
    0x0800539c   0x0800539c   0x00000018   Code   RO         4629    i.vListInsertEnd    list.o
    0x080053b4   0x080053b4   0x00000040   Code   RO         6164    i.vPortEnterCritical  port.o
    0x080053f4   0x080053f4   0x00000028   Code   RO         6165    i.vPortExitCritical  port.o
    0x0800541c   0x0800541c   0x00000064   Code   RO         6108    i.vPortFree         heap_4.o
    0x08005480   0x08005480   0x00000024   Code   RO         6166    i.vPortSetupTimerInterrupt  port.o
    0x080054a4   0x080054a4   0x00000054   Code   RO         6167    i.vPortValidateInterruptPriority  port.o
    0x080054f8   0x080054f8   0x00000028   Code   RO         4676    i.vQueueAddToRegistry  queue.o
    0x08005520   0x08005520   0x00000044   Code   RO         4680    i.vQueueWaitForMessageRestricted  queue.o
    0x08005564   0x08005564   0x0000004c   Code   RO         5087    i.vTaskDelay        tasks.o
    0x080055b0   0x080055b0   0x00000010   Code   RO         5092    i.vTaskInternalSetTimeOutState  tasks.o
    0x080055c0   0x080055c0   0x0000000c   Code   RO         5093    i.vTaskMissedYield  tasks.o
    0x080055cc   0x080055cc   0x00000030   Code   RO         5095    i.vTaskPlaceOnEventList  tasks.o
    0x080055fc   0x080055fc   0x00000038   Code   RO         5096    i.vTaskPlaceOnEventListRestricted  tasks.o
    0x08005634   0x08005634   0x00000090   Code   RO         5098    i.vTaskPriorityDisinheritAfterTimeout  tasks.o
    0x080056c4   0x080056c4   0x00000088   Code   RO         5104    i.vTaskStartScheduler  tasks.o
    0x0800574c   0x0800574c   0x00000010   Code   RO         5106    i.vTaskSuspendAll   tasks.o
    0x0800575c   0x0800575c   0x00000064   Code   RO         5107    i.vTaskSwitchContext  tasks.o
    0x080057c0   0x080057c0   0x00000058   Code   RO         4155    i.view_variables_Task  func_uart.o
    0x08005818   0x08005818   0x000000f4   Code   RO         6168    i.xPortStartScheduler  port.o
    0x0800590c   0x0800590c   0x0000002c   Code   RO         6169    i.xPortSysTickHandler  port.o
    0x08005938   0x08005938   0x00000042   Code   RO         4685    i.xQueueGenericCreate  queue.o
    0x0800597a   0x0800597a   0x00000066   Code   RO         4686    i.xQueueGenericCreateStatic  queue.o
    0x080059e0   0x080059e0   0x00000088   Code   RO         4687    i.xQueueGenericReset  queue.o
    0x08005a68   0x08005a68   0x00000160   Code   RO         4688    i.xQueueGenericSend  queue.o
    0x08005bc8   0x08005bc8   0x000000be   Code   RO         4689    i.xQueueGenericSendFromISR  queue.o
    0x08005c86   0x08005c86   0x0000009c   Code   RO         4692    i.xQueueGiveFromISR  queue.o
    0x08005d22   0x08005d22   0x00000002   PAD
    0x08005d24   0x08005d24   0x00000138   Code   RO         4698    i.xQueueReceive     queue.o
    0x08005e5c   0x08005e5c   0x0000009a   Code   RO         4699    i.xQueueReceiveFromISR  queue.o
    0x08005ef6   0x08005ef6   0x00000002   PAD
    0x08005ef8   0x08005ef8   0x00000178   Code   RO         4700    i.xQueueSemaphoreTake  queue.o
    0x08006070   0x08006070   0x00000074   Code   RO         5109    i.xTaskCheckForTimeOut  tasks.o
    0x080060e4   0x080060e4   0x0000005a   Code   RO         5110    i.xTaskCreate       tasks.o
    0x0800613e   0x0800613e   0x00000056   Code   RO         5111    i.xTaskCreateStatic  tasks.o
    0x08006194   0x08006194   0x0000001c   Code   RO         5115    i.xTaskGetSchedulerState  tasks.o
    0x080061b0   0x080061b0   0x0000000c   Code   RO         5116    i.xTaskGetTickCount  tasks.o
    0x080061bc   0x080061bc   0x000000c8   Code   RO         5118    i.xTaskIncrementTick  tasks.o
    0x08006284   0x08006284   0x00000080   Code   RO         5121    i.xTaskPriorityDisinherit  tasks.o
    0x08006304   0x08006304   0x00000078   Code   RO         5122    i.xTaskPriorityInherit  tasks.o
    0x0800637c   0x0800637c   0x00000070   Code   RO         5123    i.xTaskRemoveFromEventList  tasks.o
    0x080063ec   0x080063ec   0x000000c4   Code   RO         5124    i.xTaskResumeAll    tasks.o
    0x080064b0   0x080064b0   0x00000060   Code   RO         5449    i.xTimerCreateTimerTask  timers.o
    0x08006510   0x08006510   0x00000068   Code   RO         5450    i.xTimerGenericCommand  timers.o
    0x08006578   0x08006578   0x00000168   Data   RO          250    .constdata          freertos.o
    0x080066e0   0x080066e0   0x00000008   Data   RO         2260    .constdata          stm32f4xx_hal_dma.o
    0x080066e8   0x080066e8   0x00000010   Data   RO         3756    .constdata          system_stm32f4xx.o
    0x080066f8   0x080066f8   0x00000008   Data   RO         3757    .constdata          system_stm32f4xx.o
    0x08006700   0x08006700   0x00000008   Data   RO         4375    .constdata          ms5837_uart.o
    0x08006708   0x08006708   0x0000009c   Data   RO          253    .conststring        freertos.o
    0x080067a4   0x080067a4   0x00000020   Data   RO         6560    Region$$Table       anon$$obj.o


    Execution Region RW_IRAM1 (Exec base: 0x20000000, Load base: 0x080067c4, Size: 0x00005e30, Max: 0x0001c000, ABSOLUTE, COMPRESSED[0x00000010])

    Exec Addr    Load Addr    Size         Type   Attr      Idx    E Section Name        Object

    0x20000000   COMPRESSED   0x00000028   Data   RW          256    .data               freertos.o
    0x20000028   COMPRESSED   0x0000000c   Data   RW         2705    .data               stm32f4xx_hal.o
    0x20000034   COMPRESSED   0x00000004   Data   RW         3758    .data               system_stm32f4xx.o
    0x20000038   COMPRESSED   0x00000001   Data   RW         3803    .data               chat_with_upper.o
    0x20000039   COMPRESSED   0x00000003   PAD
    0x2000003c   COMPRESSED   0x00000018   Data   RW         3882    .data               distance_measure.o
    0x20000054   COMPRESSED   0x00000020   Data   RW         3929    .data               move_control.o
    0x20000074   COMPRESSED   0x00000014   Data   RW         4018    .data               transmit_power_board.o
    0x20000088   COMPRESSED   0x00000070   Data   RW         4101    .data               jy901p_uart.o
    0x200000f8   COMPRESSED   0x00000001   Data   RW         4157    .data               func_uart.o
    0x200000f9   COMPRESSED   0x00000003   PAD
    0x200000fc   COMPRESSED   0x00000044   Data   RW         4224    .data               ath20_bmp280.o
    0x20000140   COMPRESSED   0x00000010   Data   RW         4294    .data               move_drv.o
    0x20000150   COMPRESSED   0x0000000c   Data   RW         4376    .data               ms5837_uart.o
    0x2000015c   COMPRESSED   0x00000004   Data   RW         4377    .data               ms5837_uart.o
    0x20000160   COMPRESSED   0x00000001   Data   RW         4452    .data               software_uart.o
    0x20000161   COMPRESSED   0x00000003   PAD
    0x20000164   COMPRESSED   0x0000003c   Data   RW         5127    .data               tasks.o
    0x200001a0   COMPRESSED   0x00000014   Data   RW         5458    .data               timers.o
    0x200001b4   COMPRESSED   0x00000004   Data   RW         5671    .data               cmsis_os2.o
    0x200001b8   COMPRESSED   0x00000020   Data   RW         6114    .data               heap_4.o
    0x200001d8   COMPRESSED   0x0000000c   Data   RW         6170    .data               port.o
    0x200001e4        -       0x00000054   Zero   RW          358    .bss                i2c.o
    0x20000238        -       0x000001f8   Zero   RW          407    .bss                tim.o
    0x20000430        -       0x00000630   Zero   RW          489    .bss                usart.o
    0x20000a60        -       0x00000048   Zero   RW          777    .bss                stm32f4xx_hal_timebase_tim.o
    0x20000aa8        -       0x00000202   Zero   RW         3802    .bss                chat_with_upper.o
    0x20000caa        -       0x0000022e   Zero   RW         4015    .bss                transmit_power_board.o
    0x20000ed8        -       0x00000082   Zero   RW         4100    .bss                jy901p_uart.o
    0x20000f5a        -       0x00000054   Zero   RW         4156    .bss                func_uart.o
    0x20000fae   COMPRESSED   0x00000002   PAD
    0x20000fb0        -       0x00000098   Zero   RW         4293    .bss                move_drv.o
    0x20001048        -       0x00000042   Zero   RW         4374    .bss                ms5837_uart.o
    0x2000108a   COMPRESSED   0x00000002   PAD
    0x2000108c        -       0x000000d0   Zero   RW         4451    .bss                software_uart.o
    0x2000115c        -       0x00000040   Zero   RW         4702    .bss                queue.o
    0x2000119c        -       0x000004c4   Zero   RW         5126    .bss                tasks.o
    0x20001660        -       0x00000118   Zero   RW         5457    .bss                timers.o
    0x20001778        -       0x000006b8   Zero   RW         5670    .bss                cmsis_os2.o
    0x20001e30        -       0x00003c00   Zero   RW         6113    .bss                heap_4.o
    0x20005a30        -       0x00000400   Zero   RW            1    STACK               startup_stm32f407xx.o


    Execution Region RW_IRAM2 (Exec base: 0x2001c000, Load base: 0x080067d4, Size: 0x00000000, Max: 0x00004000, ABSOLUTE)

    **** No section assigned to this execution region ****


==============================================================================

Image component sizes


      Code (inc. data)   RO Data    RW Data    ZI Data      Debug   Object Name

         0          0          0         68          0        654   ath20_bmp280.o
       740        100          0          1        514       4907   chat_with_upper.o
       326         22          0          4       1720      62819   cmsis_os2.o
        76          4          0         24          0       1577   distance_measure.o
       236          4          0          0          0        942   dma.o
         0          0          0          0          0      19656   event_groups.o
       252         60        516         40          0       5547   freertos.o
       248         34          0          1         84       3702   func_uart.o
       332         26          0          0          0       1147   gpio.o
       472         24          0         32      15360       5027   heap_4.o
       172         28          0          0         84       1765   i2c.o
       912         64          0        112        130       6006   jy901p_uart.o
       138          0          0          0          0       3710   list.o
       392         44          0          0          0     719072   main.o
         0          0          0         32          0      11042   move_control.o
       972        116          0         16        152       6014   move_drv.o
       444         42          8         16         66       5132   ms5837_uart.o
       786         82          0         12          0      11769   port.o
      2266         24          0          0         64      23563   queue.o
       380         18          0          1        208       2309   software_uart.o
        36          8        392          0       1024        856   startup_stm32f407xx.o
        80         14          0         12          0       8210   stm32f4xx_hal.o
       158         14          0          0          0      33170   stm32f4xx_hal_cortex.o
      1084         16          8          0          0       7546   stm32f4xx_hal_dma.o
       532         46          0          0          0       3608   stm32f4xx_hal_gpio.o
       392         16          0          0          0       3267   stm32f4xx_hal_i2c.o
        56          4          0          0          0        910   stm32f4xx_hal_msp.o
      1412         86          0          0          0       6073   stm32f4xx_hal_rcc.o
      1922        108          0          0          0      18244   stm32f4xx_hal_tim.o
       232         28          0          0          0       3421   stm32f4xx_hal_tim_ex.o
       152         20          0          0         72       1547   stm32f4xx_hal_timebase_tim.o
      2352         40          0          0          0      18769   stm32f4xx_hal_uart.o
       348        130          0          0          0      14810   stm32f4xx_it.o
         0          0          0          0          0        456   stream_buffer.o
        16          4         24          4          0       1195   system_stm32f4xx.o
      2372        192          0         60       1220      30141   tasks.o
      1480        116          0          0        504       7192   tim.o
       972         80          0         20        280      22059   timers.o
       648         76          0         20        558       6449   transmit_power_board.o
      1516        120          0          0       1584       6495   usart.o

    ----------------------------------------------------------------------
     24944       1810        980        484      23628    1090778   Object Totals
         0          0         32          0          0          0   (incl. Generated)
        40          0          0          9          4          0   (incl. Padding)

    ----------------------------------------------------------------------

      Code (inc. data)   RO Data    RW Data    ZI Data      Debug   Library Member Name

        86          0          0          0          0          0   __dczerorl2.o
         0          0          0          0          0          0   entry.o
         0          0          0          0          0          0   entry10a.o
         0          0          0          0          0          0   entry11a.o
         4          0          0          0          0          0   entry12b.o
         8          4          0          0          0          0   entry2.o
         4          0          0          0          0          0   entry5.o
         0          0          0          0          0          0   entry7b.o
         0          0          0          0          0          0   entry8b.o
         8          4          0          0          0          0   entry9a.o
        30          0          0          0          0          0   handlers.o
        36          8          0          0          0         68   init.o
         0          0          0          0          0          0   iusefp.o
        30          0          0          0          0         68   llshl.o
        32          0          0          0          0         68   llushr.o
        26          0          0          0          0         80   memcmp.o
        36          0          0          0          0         68   memcpya.o
        36          0          0          0          0        108   memseta.o
        98          0          0          0          0         92   uldiv.o
        56          0          0          0          0         88   d2f.o
        38          0          0          0          0         68   f2d.o
       110          0          0          0          0        168   fepilogue.o

    ----------------------------------------------------------------------
       640         16          0          0          0        876   Library Totals
         2          0          0          0          0          0   (incl. Padding)

    ----------------------------------------------------------------------

      Code (inc. data)   RO Data    RW Data    ZI Data      Debug   Library Name

       434         16          0          0          0        552   mc_w.l
       204          0          0          0          0        324   mf_w.l

    ----------------------------------------------------------------------
       640         16          0          0          0        876   Library Totals

    ----------------------------------------------------------------------

==============================================================================


      Code (inc. data)   RO Data    RW Data    ZI Data      Debug   

     25584       1826        980        484      23628    1068426   Grand Totals
     25584       1826        980         16      23628    1068426   ELF Image Totals (compressed)
     25584       1826        980         16          0          0   ROM Totals

==============================================================================

    Total RO  Size (Code + RO Data)                26564 (  25.94kB)
    Total RW  Size (RW Data + ZI Data)             24112 (  23.55kB)
    Total ROM Size (Code + RO Data + RW Data)      26580 (  25.96kB)

==============================================================================

